Component: ARM Compiler 5.06 update 5 (build 528) Tool: armlink [4d35e2]

==============================================================================

Section Cross References

    startup_stm32f10x_md.o(RESET) refers to startup_stm32f10x_md.o(STACK) for __initial_sp
    startup_stm32f10x_md.o(RESET) refers to startup_stm32f10x_md.o(.text) for Reset_Handler
    startup_stm32f10x_md.o(RESET) refers to stm32f10x_it.o(.text) for NMI_Handler
    startup_stm32f10x_md.o(RESET) refers to port.o(.emb_text) for vPortSVCHandler
    startup_stm32f10x_md.o(RESET) refers to port.o(.text) for xPortSysTickHandler
    startup_stm32f10x_md.o(RESET) refers to adc.o(.text) for DMA1_Channel1_IRQHandler
    startup_stm32f10x_md.o(RESET) refers to tim.o(.text) for TIM1_CC_IRQHandler
    startup_stm32f10x_md.o(.text) refers to entry.o(.ARM.Collect$$$$00000000) for __main
    main.o(.text) refers to tasks.o(.text) for vTaskDelayUntil
    main.o(.text) refers to led.o(.text) for LED_Blink
    main.o(.text) refers to fmul.o(.text) for __aeabi_fmul
    main.o(.text) refers to fadd.o(.text) for __aeabi_frsub
    main.o(.text) refers to ffixui.o(.text) for __aeabi_f2uiz
    main.o(.text) refers to protocol.o(.text) for Protocol_Transmission
    main.o(.text) refers to mpu6050.o(.text) for MPU6050_Init
    main.o(.text) refers to hmc5883l.o(.text) for HMC5883L_SetUp
    main.o(.text) refers to ms5611.o(.text) for MS5611_Init
    main.o(.text) refers to ak8975.o(.text) for AK8975_Run
    main.o(.text) refers to ublox.o(.text) for ublox_InitGps
    main.o(.text) refers to senser.o(.text) for Senser_RawToRadian
    main.o(.text) refers to parameter.o(.text) for Parameter_ParameterSetToEEPROM
    main.o(.text) refers to mpxv7002.o(.text) for MPXV7002_GetAirSpeed
    main.o(.text) refers to fflti.o(.text) for __aeabi_i2f
    main.o(.text) refers to imu.o(.text) for IMUupdate
    main.o(.text) refers to misc.o(.text) for NVIC_PriorityGroupConfig
    main.o(.text) refers to rcc.o(.text) for RCC_Config
    main.o(.text) refers to i2c.o(.text) for IIC_Init
    main.o(.text) refers to tim.o(.text) for tim1_Config
    main.o(.text) refers to usart.o(.text) for USART2_Config
    main.o(.text) refers to adc.o(.text) for ADC_Configuration
    main.o(.text) refers to sbus.o(.text) for SBUS_Init
    main.o(.text) refers to main.o(.data) for .data
    main.o(.text) refers to senser.o(.bss) for Senser
    main.o(.text) refers to led.o(.bss) for LED
    main.o(.text) refers to airplane.o(.bss) for AirPlane
    main.o(.text) refers to parameter.o(.bss) for BaseSetting
    stm32f10x_it.o(.text) refers to usart.o(.text) for Usart1_IRQ
    sbus.o(.text) refers to usart.o(.text) for USART1_Config
    sbus.o(.text) refers to sbus.o(.bss) for .bss
    sbus.o(.text) refers to sbus.o(.data) for .data
    tim.o(.text) refers to stm32f10x_rcc.o(.text) for RCC_APB2PeriphClockCmd
    tim.o(.text) refers to stm32f10x_gpio.o(.text) for GPIO_Init
    tim.o(.text) refers to stm32f10x_tim.o(.text) for TIM_TimeBaseInit
    tim.o(.text) refers to misc.o(.text) for NVIC_Init
    tim.o(.text) refers to tim.o(.bss) for .bss
    tim.o(.text) refers to tim.o(.data) for .data
    parameter.o(.text) refers to 24c02.o(.text) for EEPROM_nReadData
    parameter.o(.text) refers to memcpya.o(.text) for __aeabi_memcpy4
    parameter.o(.text) refers to fflti.o(.text) for __aeabi_i2f
    parameter.o(.text) refers to tasks.o(.text) for vTaskDelay
    parameter.o(.text) refers to ffixi.o(.text) for __aeabi_f2iz
    parameter.o(.text) refers to parameter.o(.bss) for .bss
    parameter.o(.text) refers to senser.o(.bss) for Senser
    parameter.o(.text) refers to parameter.o(.data) for .data
    protocol.o(.text) refers to usart.o(.text) for Usart2_Send
    protocol.o(.text) refers to f2d.o(.text) for __aeabi_f2d
    protocol.o(.text) refers to ffixi.o(.text) for __aeabi_f2iz
    protocol.o(.text) refers to protocol.o(.data) for .data
    protocol.o(.text) refers to fmul.o(.text) for __aeabi_fmul
    protocol.o(.text) refers to ffixui.o(.text) for __aeabi_f2uiz
    protocol.o(.text) refers to ffltui.o(.text) for __aeabi_ui2f
    protocol.o(.text) refers to fadd.o(.text) for __aeabi_fadd
    protocol.o(.text) refers to cdcmple.o(.text) for __aeabi_cdcmpeq
    protocol.o(.text) refers to dfixui.o(.text) for __aeabi_d2uiz
    protocol.o(.text) refers to d2f.o(.text) for __aeabi_d2f
    protocol.o(.text) refers to dfltui.o(.text) for __aeabi_ui2d
    protocol.o(.text) refers to cdrcmple.o(.text) for __aeabi_cdrcmple
    protocol.o(.text) refers to protocol.o(.bss) for .bss
    imu.o(.text) refers to mymath.o(.text) for my_pow
    imu.o(.text) refers to fadd.o(.text) for __aeabi_fadd
    imu.o(.text) refers to fflti.o(.text) for __aeabi_i2f
    imu.o(.text) refers to fmul.o(.text) for __aeabi_fmul
    imu.o(.text) refers to fdiv.o(.text) for __aeabi_fdiv
    imu.o(.text) refers to fscalb.o(.text) for __ARM_scalbnf
    imu.o(.text) refers to imu.o(.data) for .data
[...]
    DMA1_Channel2_IRQHandler                 0x080001af   Thumb Code     0  startup_stm32f10x_md.o(.text)
    DMA1_Channel3_IRQHandler                 0x080001af   Thumb Code     0  startup_stm32f10x_md.o(.text)
    DMA1_Channel4_IRQHandler                 0x080001af   Thumb Code     0  startup_stm32f10x_md.o(.text)
    DMA1_Channel5_IRQHandler                 0x080001af   Thumb Code     0  startup_stm32f10x_md.o(.text)
    DMA1_Channel6_IRQHandler                 0x080001af   Thumb Code     0  startup_stm32f10x_md.o(.text)
    DMA1_Channel7_IRQHandler                 0x080001af   Thumb Code     0  startup_stm32f10x_md.o(.text)
    EXTI0_IRQHandler                         0x080001af   Thumb Code     0  startup_stm32f10x_md.o(.text)
    EXTI15_10_IRQHandler                     0x080001af   Thumb Code     0  startup_stm32f10x_md.o(.text)
    EXTI1_IRQHandler                         0x080001af   Thumb Code     0  startup_stm32f10x_md.o(.text)
    EXTI2_IRQHandler                         0x080001af   Thumb Code     0  startup_stm32f10x_md.o(.text)
    EXTI3_IRQHandler                         0x080001af   Thumb Code     0  startup_stm32f10x_md.o(.text)
    EXTI4_IRQHandler                         0x080001af   Thumb Code     0  startup_stm32f10x_md.o(.text)
    EXTI9_5_IRQHandler                       0x080001af   Thumb Code     0  startup_stm32f10x_md.o(.text)
    FLASH_IRQHandler                         0x080001af   Thumb Code     0  startup_stm32f10x_md.o(.text)
    I2C1_ER_IRQHandler                       0x080001af   Thumb Code     0  startup_stm32f10x_md.o(.text)
    I2C2_ER_IRQHandler                       0x080001af   Thumb Code     0  startup_stm32f10x_md.o(.text)
    I2C2_EV_IRQHandler                       0x080001af   Thumb Code     0  startup_stm32f10x_md.o(.text)
    PVD_IRQHandler                           0x080001af   Thumb Code     0  startup_stm32f10x_md.o(.text)
    RCC_IRQHandler                           0x080001af   Thumb Code     0  startup_stm32f10x_md.o(.text)
    RTCAlarm_IRQHandler                      0x080001af   Thumb Code     0  startup_stm32f10x_md.o(.text)
    RTC_IRQHandler                           0x080001af   Thumb Code     0  startup_stm32f10x_md.o(.text)
    SPI1_IRQHandler                          0x080001af   Thumb Code     0  startup_stm32f10x_md.o(.text)
    SPI2_IRQHandler                          0x080001af   Thumb Code     0  startup_stm32f10x_md.o(.text)
    TAMPER_IRQHandler                        0x080001af   Thumb Code     0  startup_stm32f10x_md.o(.text)
    TIM1_BRK_IRQHandler                      0x080001af   Thumb Code     0  startup_stm32f10x_md.o(.text)
    TIM1_TRG_COM_IRQHandler                  0x080001af   Thumb Code     0  startup_stm32f10x_md.o(.text)
    TIM1_UP_IRQHandler                       0x080001af   Thumb Code     0  startup_stm32f10x_md.o(.text)
    TIM2_IRQHandler                          0x080001af   Thumb Code     0  startup_stm32f10x_md.o(.text)
    TIM3_IRQHandler                          0x080001af   Thumb Code     0  startup_stm32f10x_md.o(.text)
    TIM4_IRQHandler                          0x080001af   Thumb Code     0  startup_stm32f10x_md.o(.text)
    USBWakeUp_IRQHandler                     0x080001af   Thumb Code     0  startup_stm32f10x_md.o(.text)
    USB_HP_CAN1_TX_IRQHandler                0x080001af   Thumb Code     0  startup_stm32f10x_md.o(.text)
    USB_LP_CAN1_RX0_IRQHandler               0x080001af   Thumb Code     0  startup_stm32f10x_md.o(.text)
    WWDG_IRQHandler                          0x080001af   Thumb Code     0  startup_stm32f10x_md.o(.text)
    main                                     0x080003e3   Thumb Code   138  main.o(.text)
    NMI_Handler                              0x080004dd   Thumb Code     2  stm32f10x_it.o(.text)
    USART1_IRQHandler                        0x080004df   Thumb Code     4  stm32f10x_it.o(.text)
    USART2_IRQHandler                        0x080004e3   Thumb Code     4  stm32f10x_it.o(.text)
    USART3_IRQHandler                        0x080004e7   Thumb Code     4  stm32f10x_it.o(.text)
    I2C1_EV_IRQHandler                       0x080004eb   Thumb Code     2  stm32f10x_it.o(.text)
    HardFault_Handler                        0x080004ed   Thumb Code     2  stm32f10x_it.o(.text)
    MemManage_Handler                        0x080004ef   Thumb Code     2  stm32f10x_it.o(.text)
    BusFault_Handler                         0x080004f1   Thumb Code     2  stm32f10x_it.o(.text)
    UsageFault_Handler                       0x080004f3   Thumb Code     2  stm32f10x_it.o(.text)
    SVC_Handler                              0x080004f5   Thumb Code     2  stm32f10x_it.o(.text)
    DebugMon_Handler                         0x080004f7   Thumb Code     2  stm32f10x_it.o(.text)
    PendSV_Handler                           0x080004f9   Thumb Code     2  stm32f10x_it.o(.text)
    SysTick_Handler                          0x080004fb   Thumb Code     2  stm32f10x_it.o(.text)
    SBUS_Init                                0x080004fd   Thumb Code     6  sbus.o(.text)
    SBUS_Decode                              0x08000503   Thumb Code   326  sbus.o(.text)
    SBUS_Prepare                             0x08000649   Thumb Code    78  sbus.o(.text)
    tim1_Config                              0x080006a5   Thumb Code   174  tim.o(.text)
    tim2_config                              0x08000753   Thumb Code   180  tim.o(.text)
    tim3_config                              0x08000807   Thumb Code   230  tim.o(.text)
    tim4_config                              0x080008ed   Thumb Code   180  tim.o(.text)
    Timer_Config                             0x080009a1   Thumb Code    16  tim.o(.text)
    TIM1_CC_IRQHandler                       0x080009b1   Thumb Code   128  tim.o(.text)
    Parameter_ReadBaseSetting                0x08000a4d   Thumb Code   260  parameter.o(.text)
    Parameter_ReadFixedWingPID               0x08000b51   Thumb Code    32  parameter.o(.text)
    Parameter_ReadMultiRotorPID              0x08000b71   Thumb Code    30  parameter.o(.text)
    Parameter_ReadPID                        0x08000b8f   Thumb Code    12  parameter.o(.text)
    Parameter_ReadOffset                     0x08000b9b   Thumb Code   154  parameter.o(.text)
    Parameter_ParameterSetToFC               0x08000c35   Thumb Code    16  parameter.o(.text)
    Parameter_SaveBaseSetting                0x08000c45   Thumb Code   258  parameter.o(.text)
    Parameter_SaveFixedWingPID               0x08000d47   Thumb Code    30  parameter.o(.text)
    Parameter_SaveMultiRotorPID              0x08000d65   Thumb Code    30  parameter.o(.text)
    Parameter_SavePID                        0x08000d83   Thumb Code    26  parameter.o(.text)
    Parameter_SaveOffset                     0x08000d9d   Thumb Code   152  parameter.o(.text)
    Parameter_ParameterSetToEEPROM           0x08000e35   Thumb Code    56  parameter.o(.text)
    Protocol_Send                            0x08000e6d   Thumb Code     4  protocol.o(.text)
    Protocol_T_TaskSet                       0x08000e71   Thumb Code   280  protocol.o(.text)
    Protocol_T_RouteInfo                     0x08000f89   Thumb Code   426  protocol.o(.text)
    SendCheckCRC                             0x08001133   Thumb Code    48  protocol.o(.text)
    Protocol_T_Route                         0x08001163   Thumb Code   286  protocol.o(.text)
    Protocol_T_PID4                          0x08001281   Thumb Code   528  protocol.o(.text)
    Protocol_T_PID3                          0x08001491   Thumb Code   534  protocol.o(.text)
    Protocol_T_PID2                          0x080016a7   Thumb Code   526  protocol.o(.text)
    Protocol_T_PID1                          0x080018b5   Thumb Code   526  protocol.o(.text)
    Protocol_T_GPS1                          0x08001ac3   Thumb Code   260  protocol.o(.text)
    Protocol_T_Status                        0x08001bc7   Thumb Code   208  protocol.o(.text)
    Protocol_T_Signal                        0x08001c97   Thumb Code   336  protocol.o(.text)
    Protocol_T_Version                       0x08001de7   Thumb Code   166  protocol.o(.text)
    Protocol_T_Echo                          0x08001e8d   Thumb Code    98  protocol.o(.text)
    Protocol_Transmission                    0x08001eef   Thumb Code  1270  protocol.o(.text)
    Protocol_T_Attiude                       0x080023e5   Thumb Code   342  protocol.o(.text)
    RPCheckCRC                               0x0800253b   Thumb Code    68  protocol.o(.text)
    Protocol_R_GetRoute                      0x0800257f   Thumb Code   286  protocol.o(.text)
    Protocol_R_TaskCutOffSetting             0x0800269d   Thumb Code     2  protocol.o(.text)
    Protocol_R_TaskLandingSetting            0x0800269f   Thumb Code     2  protocol.o(.text)
    Protocol_R_TaskTravelToLandingSetting    0x080026a1   Thumb Code     2  protocol.o(.text)
    Protocol_R_TaskTravelSetting             0x080026a3   Thumb Code     2  protocol.o(.text)
    Protocol_R_TaskCircleSetting             0x080026a5   Thumb Code     2  protocol.o(.text)
    Protocol_R_TaskTakeOffToTravelSetting    0x080026a7   Thumb Code     2  protocol.o(.text)
    Protocol_R_TaskTakeOffSetting            0x080026a9   Thumb Code     2  protocol.o(.text)
    Protocol_R_PID4                          0x080026ab   Thumb Code     2  protocol.o(.text)
    Protocol_R_PID3                          0x080026ad   Thumb Code     2  protocol.o(.text)
    Protocol_R_PID2                          0x080026af   Thumb Code     2  protocol.o(.text)
    Protocol_R_PID1                          0x080026b1   Thumb Code     2  protocol.o(.text)
    Protocol_R_Adjust                        0x080026b3   Thumb Code   362  protocol.o(.text)
    Protocol_R_CMD6                          0x0800281d   Thumb Code    68  protocol.o(.text)
    Protocol_R_CMD5                          0x08002861   Thumb Code    58  protocol.o(.text)
    Protocol_R_CMD4                          0x0800289b   Thumb Code    34  protocol.o(.text)
    Protocol_R_CMD3                          0x080028bd   Thumb Code    16  protocol.o(.text)
    Protocol_R_CMD2                          0x080028cd   Thumb Code    74  protocol.o(.text)
    Protocol_R_CMD1                          0x08002917   Thumb Code    16  protocol.o(.text)
    Protocol_R_Beat                          0x08002927   Thumb Code    10  protocol.o(.text)
    CheckSum                                 0x08002931   Thumb Code    30  protocol.o(.text)
    Protocol_Prepare                         0x0800294f   Thumb Code   336  protocol.o(.text)
    simple_3d_trans                          0x08002aa9   Thumb Code   202  imu.o(.text)
    IMUupdate                                0x08002b73   Thumb Code  1770  imu.o(.text)
    my_abs                                   0x08003285   Thumb Code    12  mymath.o(.text)
    fast_atan2                               0x08003291   Thumb Code   218  mymath.o(.text)
    my_atan                                  0x0800336b   Thumb Code     8  mymath.o(.text)
    my_pow                                   0x08003373   Thumb Code     6  mymath.o(.text)
    my_sqrt                                  0x08003379   Thumb Code    92  mymath.o(.text)
    mx_sin                                   0x080033d5   Thumb Code   140  mymath.o(.text)
    my_sin                                   0x08003461   Thumb Code    76  mymath.o(.text)
    my_cos                                   0x080034ad   Thumb Code    86  mymath.o(.text)
    my_deathzoom                             0x08003503   Thumb Code    34  mymath.o(.text)
    my_deathzoom_2                           0x08003525   Thumb Code    36  mymath.o(.text)
    To_180_degrees                           0x08003549   Thumb Code    24  mymath.o(.text)
    my_pow_2_curve                           0x08003561   Thumb Code    72  mymath.o(.text)
    RCC_Config                               0x080035f1   Thumb Code    98  rcc.o(.text)
    LED_Config                               0x08003655   Thumb Code    50  led.o(.text)
    LED_ON                                   0x08003687   Thumb Code    60  led.o(.text)
    LED_OFF                                  0x080036c3   Thumb Code    60  led.o(.text)
    LED_Blink                                0x080036ff   Thumb Code   158  led.o(.text)
    LED_SetRGB                               0x0800379d   Thumb Code    32  led.o(.text)
    LED_SetRED                               0x080037bd   Thumb Code    12  led.o(.text)
    LED_SetGREEN                             0x080037c9   Thumb Code    12  led.o(.text)
    LED_SetBLUE                              0x080037d5   Thumb Code    12  led.o(.text)
    USART1_Config                            0x080037f1   Thumb Code   176  usart.o(.text)
    Usart1_IRQ                               0x080038a1   Thumb Code    86  usart.o(.text)
    Usart1_Send                              0x080038f7   Thumb Code    56  usart.o(.text)
    USART2_Config                            0x0800392f   Thumb Code   168  usart.o(.text)
    Usart2_IRQ                               0x080039d7   Thumb Code    80  usart.o(.text)
    Usart2_Send                              0x08003a27   Thumb Code    54  usart.o(.text)
    USART3_Config                            0x08003a5d   Thumb Code   174  usart.o(.text)
    Usart3_IRQ                               0x08003b0b   Thumb Code    86  usart.o(.text)
    Usart3_Send                              0x08003b61   Thumb Code    54  usart.o(.text)
    EEPROM_Write_1Byte                       0x08003bbd   Thumb Code    72  24c02.o(.text)
    EEPROM_Read_1Byte                        0x08003c05   Thumb Code    90  24c02.o(.text)
    EEPROM_WriteData                         0x08003c5f   Thumb Code    40  24c02.o(.text)
    EEPROM_ReadData                          0x08003c87   Thumb Code    38  24c02.o(.text)
    EEPROM_nWriteData                        0x08003cad   Thumb Code   104  24c02.o(.text)
    EEPROM_nReadData                         0x08003d15   Thumb Code   136  24c02.o(.text)
    IIC_Init                                 0x08003d9d   Thumb Code    50  i2c.o(.text)
    IIC_Start                                0x08003dcf   Thumb Code    42  i2c.o(.text)
    IIC_Stop                                 0x08003df9   Thumb Code    42  i2c.o(.text)
    IIC_Wait_Ack                             0x08003e23   Thumb Code    80  i2c.o(.text)
    IIC_Ack                                  0x08003e73   Thumb Code    42  i2c.o(.text)
    IIC_NAck                                 0x08003e9d   Thumb Code    42  i2c.o(.text)
    IIC_Send_Byte                            0x08003ec7   Thumb Code    62  i2c.o(.text)
    IIC_Read_Byte                            0x08003f05   Thumb Code    86  i2c.o(.text)
    IIC_Write_1Byte                          0x08003f5b   Thumb Code    62  i2c.o(.text)
    IIC_Read_1Byte                           0x08003f99   Thumb Code    80  i2c.o(.text)
    IIC_Write_nByte                          0x08003fe9   Thumb Code    70  i2c.o(.text)
    IIC_Read_nByte                           0x0800402f   Thumb Code   106  i2c.o(.text)
    Senser_AverageFilter                     0x080040b5   Thumb Code   732  senser.o(.text)
    Senser_RawToRadian                       0x08004391   Thumb Code   316  senser.o(.text)
    LPF_1st                                  0x080044cd   Thumb Code    44  senser.o(.text)
    ADC_DMA_Configuration                    0x080044f9   Thumb Code    82  adc.o(.text)
    ADC_Configuration                        0x0800454b   Thumb Code   206  adc.o(.text)
    ADC_Filter                               0x08004619   Thumb Code    90  adc.o(.text)
    DMA1_Channel1_IRQHandler                 0x08004673   Thumb Code    46  adc.o(.text)
    MPXV7002_GetAirSpeed                     0x080046bd   Thumb Code   200  mpxv7002.o(.text)
    MPXV7002_GetOffset                       0x08004785   Thumb Code   106  mpxv7002.o(.text)
    AK8975_Run                               0x08004815   Thumb Code    20  ak8975.o(.text)
    XYZ_STRUCT_COPY                          0x08004829   Thumb Code     6  ak8975.o(.text)
    AK8975_CalOffset_Mag                     0x0800482f   Thumb Code   348  ak8975.o(.text)
    AK8975_Read_Mag_Data                     0x0800498b   Thumb Code   116  ak8975.o(.text)
    AK8975_Get_Mag                           0x080049ff   Thumb Code    14  ak8975.o(.text)
    AK8975_Read                              0x08004a0d   Thumb Code     2  ak8975.o(.text)
    HMC5883_IS_newdata                       0x08004a19   Thumb Code    18  hmc5883l.o(.text)
    HMC58X3_newValues                        0x08004a2b   Thumb Code   130  hmc5883l.o(.text)
    HMC58X3_getRaw                           0x08004aad   Thumb Code    78  hmc5883l.o(.text)
    HMC58X3_FIFO_init                        0x08004afb   Thumb Code    26  hmc5883l.o(.text)
    HMC58X3_writeReg                         0x08004b15   Thumb Code    10  hmc5883l.o(.text)
    HMC58X3_getlastValues                    0x08004b1f   Thumb Code    20  hmc5883l.o(.text)
    HMC58X3_mgetValues                       0x08004b33   Thumb Code    54  hmc5883l.o(.text)
    HMC58X3_setGain                          0x08004b69   Thumb Code    14  hmc5883l.o(.text)
    HMC58X3_setMode                          0x08004b77   Thumb Code    12  hmc5883l.o(.text)
    HMC58X3_init                             0x08004b83   Thumb Code    36  hmc5883l.o(.text)
    HMC58X3_setDOR                           0x08004ba7   Thumb Code    14  hmc5883l.o(.text)
    HMC58X3_getID                            0x08004bb5   Thumb Code    38  hmc5883l.o(.text)
    HMC5883L_SetUp                           0x08004bdb   Thumb Code    26  hmc5883l.o(.text)
    HMC5883L_GetOffset                       0x08004bf5   Thumb Code   254  hmc5883l.o(.text)
    HMC5883L_Read                            0x08004cf3   Thumb Code    40  hmc5883l.o(.text)
    MPU6050_GetOffset                        0x08004d2d   Thumb Code   342  mpu6050.o(.text)
    MPU6050_Read                             0x08004e83   Thumb Code    80  mpu6050.o(.text)
    IICwriteBit                              0x08004ed3   Thumb Code    50  mpu6050.o(.text)
    IICwriteBits                             0x08004f05   Thumb Code    80  mpu6050.o(.text)
    MPU6050_set_SMPLRT_DIV                   0x08004f55   Thumb Code    20  mpu6050.o(.text)
    MPU6050_setClockSource                   0x08004f69   Thumb Code    18  mpu6050.o(.text)
    MPU6050_setFullScaleGyroRange            0x08004f7b   Thumb Code    18  mpu6050.o(.text)
    MPU6050_setFullScaleAccelRange           0x08004f8d   Thumb Code    18  mpu6050.o(.text)
    MPU6050_setSleepEnabled                  0x08004f9f   Thumb Code    10  mpu6050.o(.text)
    MPU6050_setI2CMasterModeEnabled          0x08004fa9   Thumb Code    10  mpu6050.o(.text)
    MPU6050_setI2CBypassEnabled              0x08004fb3   Thumb Code    10  mpu6050.o(.text)
    MPU6050_setDLPF                          0x08004fbd   Thumb Code    18  mpu6050.o(.text)
    MPU6050_Init                             0x08004fcf   Thumb Code    84  mpu6050.o(.text)
    MS5611_Reset                             0x08005031   Thumb Code    10  ms5611.o(.text)
    MS5611_Read_Prom                         0x0800503b   Thumb Code    64  ms5611.o(.text)
    MS5611_Read_Adc_T                        0x0800507b   Thumb Code    12  ms5611.o(.text)
    MS5611_Read_Adc_P                        0x08005087   Thumb Code    14  ms5611.o(.text)
    MS5611_Start_T                           0x08005095   Thumb Code    10  ms5611.o(.text)
    MS5611_Start_P                           0x0800509f   Thumb Code    10  ms5611.o(.text)
    MS5611_Init                              0x080050a9   Thumb Code    40  ms5611.o(.text)
    MS5611_BaroAltCalculate                  0x080050d1   Thumb Code   514  ms5611.o(.text)
    MS5611_Update                            0x080052d3   Thumb Code    40  ms5611.o(.text)
    MS5611_Get_BaroAlt                       0x080052fb   Thumb Code     8  ms5611.o(.text)
    usart_SetBaudRate                        0x08005335   Thumb Code     4  ublox.o(.text)
    ublox_Send                               0x08005339   Thumb Code     6  ublox.o(.text)
    ubloxmsg_Enable                          0x0800533f   Thumb Code   120  ublox.o(.text)
    ubloxSet_Rate                            0x080053b7   Thumb Code   120  ublox.o(.text)
    ubloxSet_PRT                             0x0800542f   Thumb Code   202  ublox.o(.text)
    ublox_InitGps                            0x080054f9   Thumb Code    78  ublox.o(.text)
    ublox_NAV_PVT                            0x08005547   Thumb Code   644  ublox.o(.text)
    ublox_NAV_POSLLH                         0x080057cb   Thumb Code   260  ublox.o(.text)
    ublox_NAV_STATUS                         0x080058cf   Thumb Code   108  ublox.o(.text)
    ublox_NAV_VELNED                         0x0800593b   Thumb Code   414  ublox.o(.text)
    ublox_CheckSum                           0x08005ad9   Thumb Code    42  ublox.o(.text)
    ublox_Prepare                            0x08005b03   Thumb Code   242  ublox.o(.text)
    FLASH_SetLatency                         0x08005c15   Thumb Code    14  stm32f10x_flash.o(.text)
    FLASH_HalfCycleAccessCmd                 0x08005c23   Thumb Code    18  stm32f10x_flash.o(.text)
    FLASH_PrefetchBufferCmd                  0x08005c35   Thumb Code    18  stm32f10x_flash.o(.text)
    FLASH_Unlock                             0x08005c47   Thumb Code    12  stm32f10x_flash.o(.text)
    FLASH_Lock                               0x08005c53   Thumb Code    12  stm32f10x_flash.o(.text)
    FLASH_GetStatus                          0x08005c5f   Thumb Code    34  stm32f10x_flash.o(.text)
    FLASH_WaitForLastOperation               0x08005c81   Thumb Code    46  stm32f10x_flash.o(.text)
    FLASH_ErasePage                          0x08005caf   Thumb Code    60  stm32f10x_flash.o(.text)
    FLASH_EraseAllPages                      0x08005ceb   Thumb Code    56  stm32f10x_flash.o(.text)
    FLASH_EraseOptionBytes                   0x08005d23   Thumb Code    98  stm32f10x_flash.o(.text)
    FLASH_ProgramWord                        0x08005d85   Thumb Code    64  stm32f10x_flash.o(.text)
    FLASH_ProgramHalfWord                    0x08005dc5   Thumb Code    50  stm32f10x_flash.o(.text)
    FLASH_ProgramOptionByteData              0x08005df7   Thumb Code    58  stm32f10x_flash.o(.text)
    FLASH_EnableWriteProtection              0x08005e31   Thumb Code   142  stm32f10x_flash.o(.text)
    FLASH_ReadOutProtection                  0x08005ebf   Thumb Code   118  stm32f10x_flash.o(.text)
    FLASH_UserOptionByteConfig               0x08005f35   Thumb Code    72  stm32f10x_flash.o(.text)
    FLASH_GetUserOptionByte                  0x08005f7d   Thumb Code     8  stm32f10x_flash.o(.text)
    FLASH_GetWriteProtectionOptionByte       0x08005f85   Thumb Code     6  stm32f10x_flash.o(.text)
    FLASH_GetReadOutProtectionStatus         0x08005f8b   Thumb Code    14  stm32f10x_flash.o(.text)
    FLASH_GetPrefetchBufferStatus            0x08005f99   Thumb Code    14  stm32f10x_flash.o(.text)
    FLASH_ITConfig                           0x08005fa7   Thumb Code    18  stm32f10x_flash.o(.text)
    FLASH_GetFlagStatus                      0x08005fb9   Thumb Code    28  stm32f10x_flash.o(.text)
    FLASH_ClearFlag                          0x08005fd5   Thumb Code     6  stm32f10x_flash.o(.text)
    GPIO_DeInit                              0x08005fed   Thumb Code   152  stm32f10x_gpio.o(.text)
    GPIO_AFIODeInit                          0x08006085   Thumb Code    22  stm32f10x_gpio.o(.text)
    GPIO_Init                                0x0800609b   Thumb Code   164  stm32f10x_gpio.o(.text)
    GPIO_StructInit                          0x0800613f   Thumb Code    16  stm32f10x_gpio.o(.text)
    GPIO_ReadInputDataBit                    0x0800614f   Thumb Code    14  stm32f10x_gpio.o(.text)
    GPIO_ReadInputData                       0x0800615d   Thumb Code     6  stm32f10x_gpio.o(.text)
    GPIO_ReadOutputDataBit                   0x08006163   Thumb Code    14  stm32f10x_gpio.o(.text)
    GPIO_ReadOutputData                      0x08006171   Thumb Code     6  stm32f10x_gpio.o(.text)
    GPIO_SetBits                             0x08006177   Thumb Code     4  stm32f10x_gpio.o(.text)
    GPIO_ResetBits                           0x0800617b   Thumb Code     4  stm32f10x_gpio.o(.text)
    GPIO_WriteBit                            0x0800617f   Thumb Code    10  stm32f10x_gpio.o(.text)
    GPIO_Write                               0x08006189   Thumb Code     4  stm32f10x_gpio.o(.text)
    GPIO_PinLockConfig                       0x0800618d   Thumb Code    16  stm32f10x_gpio.o(.text)
    GPIO_EventOutputConfig                   0x0800619d   Thumb Code    22  stm32f10x_gpio.o(.text)
    GPIO_EventOutputCmd                      0x080061b3   Thumb Code     6  stm32f10x_gpio.o(.text)
    GPIO_PinRemapConfig                      0x080061b9   Thumb Code    66  stm32f10x_gpio.o(.text)
    GPIO_EXTILineConfig                      0x080061fb   Thumb Code    34  stm32f10x_gpio.o(.text)
    RCC_DeInit                               0x0800622d   Thumb Code    48  stm32f10x_rcc.o(.text)
    RCC_HSEConfig                            0x0800625d   Thumb Code    48  stm32f10x_rcc.o(.text)
    RCC_GetFlagStatus                        0x0800628d   Thumb Code    44  stm32f10x_rcc.o(.text)
    RCC_WaitForHSEStartUp                    0x080062b9   Thumb Code    42  stm32f10x_rcc.o(.text)
    RCC_AdjustHSICalibrationValue            0x080062e3   Thumb Code    16  stm32f10x_rcc.o(.text)
    RCC_HSICmd                               0x080062f3   Thumb Code     6  stm32f10x_rcc.o(.text)
    RCC_PLLConfig                            0x080062f9   Thumb Code    16  stm32f10x_rcc.o(.text)
    RCC_PLLCmd                               0x08006309   Thumb Code     6  stm32f10x_rcc.o(.text)
    RCC_SYSCLKConfig                         0x0800630f   Thumb Code    14  stm32f10x_rcc.o(.text)
    RCC_GetSYSCLKSource                      0x0800631d   Thumb Code    10  stm32f10x_rcc.o(.text)
    RCC_HCLKConfig                           0x08006327   Thumb Code    14  stm32f10x_rcc.o(.text)
    RCC_PCLK1Config                          0x08006335   Thumb Code    14  stm32f10x_rcc.o(.text)
    RCC_PCLK2Config                          0x08006343   Thumb Code    16  stm32f10x_rcc.o(.text)
    RCC_ITConfig                             0x08006353   Thumb Code    18  stm32f10x_rcc.o(.text)
    RCC_USBCLKConfig                         0x08006365   Thumb Code     8  stm32f10x_rcc.o(.text)
    RCC_ADCCLKConfig                         0x0800636d   Thumb Code    14  stm32f10x_rcc.o(.text)
    RCC_LSEConfig                            0x0800637b   Thumb Code    28  stm32f10x_rcc.o(.text)
    RCC_LSICmd                               0x08006397   Thumb Code     6  stm32f10x_rcc.o(.text)
    RCC_RTCCLKConfig                         0x0800639d   Thumb Code    10  stm32f10x_rcc.o(.text)
    RCC_RTCCLKCmd                            0x080063a7   Thumb Code     8  stm32f10x_rcc.o(.text)
    RCC_GetClocksFreq                        0x080063af   Thumb Code   126  stm32f10x_rcc.o(.text)
    RCC_AHBPeriphClockCmd                    0x0800642d   Thumb Code    18  stm32f10x_rcc.o(.text)
    RCC_APB2PeriphClockCmd                   0x0800643f   Thumb Code    18  stm32f10x_rcc.o(.text)
    RCC_APB1PeriphClockCmd                   0x08006451   Thumb Code    18  stm32f10x_rcc.o(.text)
    RCC_APB2PeriphResetCmd                   0x08006463   Thumb Code    18  stm32f10x_rcc.o(.text)
    RCC_APB1PeriphResetCmd                   0x08006475   Thumb Code    18  stm32f10x_rcc.o(.text)
    RCC_BackupResetCmd                       0x08006487   Thumb Code     8  stm32f10x_rcc.o(.text)
    RCC_ClockSecuritySystemCmd               0x0800648f   Thumb Code     6  stm32f10x_rcc.o(.text)
    RCC_MCOConfig                            0x08006495   Thumb Code     6  stm32f10x_rcc.o(.text)
    RCC_ClearFlag                            0x0800649b   Thumb Code    12  stm32f10x_rcc.o(.text)
    RCC_GetITStatus                          0x080064a7   Thumb Code    16  stm32f10x_rcc.o(.text)
    RCC_ClearITPendingBit                    0x080064b7   Thumb Code     6  stm32f10x_rcc.o(.text)
    USART_DeInit                             0x080064dd   Thumb Code    98  stm32f10x_usart.o(.text)
    USART_Init                               0x0800653f   Thumb Code   134  stm32f10x_usart.o(.text)
    USART_StructInit                         0x080065c5   Thumb Code    22  stm32f10x_usart.o(.text)
    USART_ClockInit                          0x080065db   Thumb Code    30  stm32f10x_usart.o(.text)
    USART_ClockStructInit                    0x080065f9   Thumb Code    12  stm32f10x_usart.o(.text)
    USART_Cmd                                0x08006605   Thumb Code    20  stm32f10x_usart.o(.text)
    USART_ITConfig                           0x08006619   Thumb Code    48  stm32f10x_usart.o(.text)
    USART_DMACmd                             0x08006649   Thumb Code    16  stm32f10x_usart.o(.text)
    USART_SetAddress                         0x08006659   Thumb Code    16  stm32f10x_usart.o(.text)
    USART_WakeUpConfig                       0x08006669   Thumb Code    16  stm32f10x_usart.o(.text)
    USART_ReceiverWakeUpCmd                  0x08006679   Thumb Code    20  stm32f10x_usart.o(.text)
    USART_LINBreakDetectLengthConfig         0x0800668d   Thumb Code    16  stm32f10x_usart.o(.text)
    USART_LINCmd                             0x0800669d   Thumb Code    20  stm32f10x_usart.o(.text)
    USART_SendData                           0x080066b1   Thumb Code     8  stm32f10x_usart.o(.text)
    USART_ReceiveData                        0x080066b9   Thumb Code     8  stm32f10x_usart.o(.text)
    USART_SendBreak                          0x080066c1   Thumb Code    10  stm32f10x_usart.o(.text)
    USART_SetGuardTime                       0x080066cb   Thumb Code    16  stm32f10x_usart.o(.text)
    USART_SetPrescaler                       0x080066db   Thumb Code    16  stm32f10x_usart.o(.text)
    USART_SmartCardCmd                       0x080066eb   Thumb Code    20  stm32f10x_usart.o(.text)
    USART_SmartCardNACKCmd                   0x080066ff   Thumb Code    20  stm32f10x_usart.o(.text)
    USART_HalfDuplexCmd                      0x08006713   Thumb Code    20  stm32f10x_usart.o(.text)
    USART_IrDAConfig                         0x08006727   Thumb Code    16  stm32f10x_usart.o(.text)
    USART_IrDACmd                            0x08006737   Thumb Code    20  stm32f10x_usart.o(.text)
    USART_GetFlagStatus                      0x0800674b   Thumb Code    14  stm32f10x_usart.o(.text)
    USART_ClearFlag                          0x08006759   Thumb Code     6  stm32f10x_usart.o(.text)
    USART_GetITStatus                        0x0800675f   Thumb Code    62  stm32f10x_usart.o(.text)
    USART_ClearITPendingBit                  0x0800679d   Thumb Code    12  stm32f10x_usart.o(.text)
    TIM_DeInit                               0x080067b5   Thumb Code   170  stm32f10x_tim.o(.text)
    TIM_TimeBaseInit                         0x0800685f   Thumb Code    50  stm32f10x_tim.o(.text)
    TIM_OC1Init                              0x08006891   Thumb Code    88  stm32f10x_tim.o(.text)
    TIM_OC2Init                              0x080068e9   Thumb Code   120  stm32f10x_tim.o(.text)
    TIM_OC3Init                              0x08006961   Thumb Code   116  stm32f10x_tim.o(.text)
    TIM_OC4Init                              0x080069d5   Thumb Code    90  stm32f10x_tim.o(.text)
    TIM_SetIC4Prescaler                      0x08006a2f   Thumb Code    24  stm32f10x_tim.o(.text)
    TIM_SetIC3Prescaler                      0x08006a47   Thumb Code    16  stm32f10x_tim.o(.text)
    TIM_SetIC2Prescaler                      0x08006a57   Thumb Code    24  stm32f10x_tim.o(.text)
    TIM_SetIC1Prescaler                      0x08006aa5   Thumb Code    16  stm32f10x_tim.o(.text)
    TIM_ICInit                               0x08006ab5   Thumb Code   160  stm32f10x_tim.o(.text)
    TIM_PWMIConfig                           0x08006b55   Thumb Code   122  stm32f10x_tim.o(.text)
    TIM_BDTRConfig                           0x08006bcf   Thumb Code    34  stm32f10x_tim.o(.text)
    TIM_TimeBaseStructInit                   0x08006bf1   Thumb Code    18  stm32f10x_tim.o(.text)
    TIM_OCStructInit                         0x08006c03   Thumb Code    20  stm32f10x_tim.o(.text)
    TIM_ICStructInit                         0x08006c17   Thumb Code    16  stm32f10x_tim.o(.text)
    TIM_BDTRStructInit                       0x08006c27   Thumb Code    18  stm32f10x_tim.o(.text)
    TIM_Cmd                                  0x08006c39   Thumb Code    22  stm32f10x_tim.o(.text)
    TIM_CtrlPWMOutputs                       0x08006c4f   Thumb Code    22  stm32f10x_tim.o(.text)
    TIM_ITConfig                             0x08006c65   Thumb Code    16  stm32f10x_tim.o(.text)
    TIM_GenerateEvent                        0x08006c75   Thumb Code     4  stm32f10x_tim.o(.text)
    TIM_DMAConfig                            0x08006c79   Thumb Code     8  stm32f10x_tim.o(.text)
    TIM_DMACmd                               0x08006c81   Thumb Code    16  stm32f10x_tim.o(.text)
    TIM_InternalClockConfig                  0x08006c91   Thumb Code    10  stm32f10x_tim.o(.text)
    TIM_SelectInputTrigger                   0x08006c9b   Thumb Code    12  stm32f10x_tim.o(.text)
    TIM_ITRxExternalClockConfig              0x08006ca7   Thumb Code    18  stm32f10x_tim.o(.text)
    TIM_TIxExternalClockConfig               0x08006cb9   Thumb Code    46  stm32f10x_tim.o(.text)
    TIM_ETRConfig                            0x08006ce7   Thumb Code    24  stm32f10x_tim.o(.text)
    TIM_ETRClockMode1Config                  0x08006cff   Thumb Code    18  stm32f10x_tim.o(.text)
    TIM_ETRClockMode2Config                  0x08006d11   Thumb Code    18  stm32f10x_tim.o(.text)
    TIM_PrescalerConfig                      0x08006d23   Thumb Code     6  stm32f10x_tim.o(.text)
    TIM_CounterModeConfig                    0x08006d29   Thumb Code    14  stm32f10x_tim.o(.text)
    TIM_EncoderInterfaceConfig               0x08006d37   Thumb Code    50  stm32f10x_tim.o(.text)
    TIM_ForcedOC1Config                      0x08006d69   Thumb Code    12  stm32f10x_tim.o(.text)
    TIM_ForcedOC2Config                      0x08006d75   Thumb Code    20  stm32f10x_tim.o(.text)
    TIM_ForcedOC3Config                      0x08006d89   Thumb Code    12  stm32f10x_tim.o(.text)
    TIM_ForcedOC4Config                      0x08006d95   Thumb Code    20  stm32f10x_tim.o(.text)
    TIM_ARRPreloadConfig                     0x08006da9   Thumb Code    22  stm32f10x_tim.o(.text)
    TIM_SelectCOM                            0x08006dbf   Thumb Code    20  stm32f10x_tim.o(.text)
    TIM_SelectCCDMA                          0x08006dd3   Thumb Code    20  stm32f10x_tim.o(.text)
    TIM_CCPreloadControl                     0x08006de7   Thumb Code    20  stm32f10x_tim.o(.text)
    TIM_OC1PreloadConfig                     0x08006dfb   Thumb Code    12  stm32f10x_tim.o(.text)
    TIM_OC2PreloadConfig                     0x08006e07   Thumb Code    20  stm32f10x_tim.o(.text)
    TIM_OC3PreloadConfig                     0x08006e1b   Thumb Code    12  stm32f10x_tim.o(.text)
    TIM_OC4PreloadConfig                     0x08006e27   Thumb Code    20  stm32f10x_tim.o(.text)
    TIM_OC1FastConfig                        0x08006e3b   Thumb Code    12  stm32f10x_tim.o(.text)
    TIM_OC2FastConfig                        0x08006e47   Thumb Code    20  stm32f10x_tim.o(.text)
    TIM_OC3FastConfig                        0x08006e5b   Thumb Code    12  stm32f10x_tim.o(.text)
    TIM_OC4FastConfig                        0x08006e67   Thumb Code    20  stm32f10x_tim.o(.text)
    TIM_ClearOC1Ref                          0x08006e7b   Thumb Code    12  stm32f10x_tim.o(.text)
    TIM_ClearOC2Ref                          0x08006e87   Thumb Code    20  stm32f10x_tim.o(.text)
    TIM_ClearOC3Ref                          0x08006e9b   Thumb Code    12  stm32f10x_tim.o(.text)
    TIM_ClearOC4Ref                          0x08006ea7   Thumb Code    20  stm32f10x_tim.o(.text)
    TIM_OC1PolarityConfig                    0x08006ebb   Thumb Code    12  stm32f10x_tim.o(.text)
    TIM_OC1NPolarityConfig                   0x08006ec7   Thumb Code    12  stm32f10x_tim.o(.text)
    TIM_OC2PolarityConfig                    0x08006ed3   Thumb Code    20  stm32f10x_tim.o(.text)
    TIM_OC2NPolarityConfig                   0x08006ee7   Thumb Code    20  stm32f10x_tim.o(.text)
    TIM_OC3PolarityConfig                    0x08006efb   Thumb Code    20  stm32f10x_tim.o(.text)
    TIM_OC3NPolarityConfig                   0x08006f0f   Thumb Code    20  stm32f10x_tim.o(.text)
    TIM_OC4PolarityConfig                    0x08006f23   Thumb Code    20  stm32f10x_tim.o(.text)
    TIM_CCxCmd                               0x08006f37   Thumb Code    22  stm32f10x_tim.o(.text)
    TIM_CCxNCmd                              0x08006f4d   Thumb Code    22  stm32f10x_tim.o(.text)
    TIM_SelectOCxM                           0x08006f63   Thumb Code    70  stm32f10x_tim.o(.text)
    TIM_UpdateDisableConfig                  0x08006fa9   Thumb Code    22  stm32f10x_tim.o(.text)
    TIM_UpdateRequestConfig                  0x08006fbf   Thumb Code    22  stm32f10x_tim.o(.text)
    TIM_SelectHallSensor                     0x08006fd5   Thumb Code    20  stm32f10x_tim.o(.text)
    TIM_SelectOnePulseMode                   0x08006fe9   Thumb Code    18  stm32f10x_tim.o(.text)
    TIM_SelectOutputTrigger                  0x08006ffb   Thumb Code    16  stm32f10x_tim.o(.text)
    TIM_SelectSlaveMode                      0x0800700b   Thumb Code    16  stm32f10x_tim.o(.text)
    TIM_SelectMasterSlaveMode                0x0800701b   Thumb Code    16  stm32f10x_tim.o(.text)
    TIM_SetCounter                           0x0800702b   Thumb Code     4  stm32f10x_tim.o(.text)
    TIM_SetAutoreload                        0x0800702f   Thumb Code     4  stm32f10x_tim.o(.text)
    TIM_SetCompare1                          0x08007033   Thumb Code     4  stm32f10x_tim.o(.text)
    TIM_SetCompare2                          0x08007037   Thumb Code     4  stm32f10x_tim.o(.text)
    TIM_SetCompare3                          0x0800703b   Thumb Code     4  stm32f10x_tim.o(.text)
    TIM_SetCompare4                          0x0800703f   Thumb Code     6  stm32f10x_tim.o(.text)
    TIM_SetClockDivision                     0x08007045   Thumb Code    14  stm32f10x_tim.o(.text)
    TIM_GetCapture1                          0x08007053   Thumb Code     4  stm32f10x_tim.o(.text)
    TIM_GetCapture2                          0x08007057   Thumb Code     4  stm32f10x_tim.o(.text)
    TIM_GetCapture3                          0x0800705b   Thumb Code     4  stm32f10x_tim.o(.text)
    TIM_GetCapture4                          0x0800705f   Thumb Code     6  stm32f10x_tim.o(.text)
    TIM_GetCounter                           0x08007065   Thumb Code     4  stm32f10x_tim.o(.text)
    TIM_GetPrescaler                         0x08007069   Thumb Code     4  stm32f10x_tim.o(.text)
    TIM_GetFlagStatus                        0x0800706d   Thumb Code    14  stm32f10x_tim.o(.text)
    TIM_ClearFlag                            0x0800707b   Thumb Code     6  stm32f10x_tim.o(.text)
    TIM_GetITStatus                          0x08007081   Thumb Code    24  stm32f10x_tim.o(.text)
    TIM_ClearITPendingBit                    0x08007099   Thumb Code     6  stm32f10x_tim.o(.text)
    NVIC_PriorityGroupConfig                 0x080070cd   Thumb Code    10  misc.o(.text)
    NVIC_Init                                0x080070d7   Thumb Code    94  misc.o(.text)
    NVIC_SetVectorTable                      0x08007135   Thumb Code    14  misc.o(.text)
    NVIC_SystemLPConfig                      0x08007143   Thumb Code    20  misc.o(.text)
    SysTick_CLKSourceConfig                  0x08007157   Thumb Code    24  misc.o(.text)
    ADC_DeInit                               0x0800717d   Thumb Code    56  stm32f10x_adc.o(.text)
    ADC_Init                                 0x080071b5   Thumb Code    62  stm32f10x_adc.o(.text)
    ADC_StructInit                           0x080071f3   Thumb Code    18  stm32f10x_adc.o(.text)
    ADC_Cmd                                  0x08007205   Thumb Code    20  stm32f10x_adc.o(.text)
    ADC_DMACmd                               0x08007219   Thumb Code    20  stm32f10x_adc.o(.text)
    ADC_ITConfig                             0x0800722d   Thumb Code    18  stm32f10x_adc.o(.text)
    ADC_ResetCalibration                     0x0800723f   Thumb Code    10  stm32f10x_adc.o(.text)
    ADC_GetResetCalibrationStatus            0x08007249   Thumb Code    14  stm32f10x_adc.o(.text)
    ADC_StartCalibration                     0x08007257   Thumb Code    10  stm32f10x_adc.o(.text)
    ADC_GetCalibrationStatus                 0x08007261   Thumb Code    14  stm32f10x_adc.o(.text)
    ADC_SoftwareStartConvCmd                 0x0800726f   Thumb Code    20  stm32f10x_adc.o(.text)
    ADC_GetSoftwareStartConvStatus           0x08007283   Thumb Code    14  stm32f10x_adc.o(.text)
    ADC_DiscModeChannelCountConfig           0x08007291   Thumb Code    16  stm32f10x_adc.o(.text)
    ADC_DiscModeCmd                          0x080072a1   Thumb Code    20  stm32f10x_adc.o(.text)
    ADC_RegularChannelConfig                 0x080072b5   Thumb Code   116  stm32f10x_adc.o(.text)
    ADC_ExternalTrigConvCmd                  0x08007329   Thumb Code    20  stm32f10x_adc.o(.text)
    ADC_GetConversionValue                   0x0800733d   Thumb Code     6  stm32f10x_adc.o(.text)
    ADC_GetDualModeConversionValue           0x08007343   Thumb Code     6  stm32f10x_adc.o(.text)
    ADC_AutoInjectedConvCmd                  0x08007349   Thumb Code    20  stm32f10x_adc.o(.text)
    ADC_InjectedDiscModeCmd                  0x0800735d   Thumb Code    20  stm32f10x_adc.o(.text)
    ADC_ExternalTrigInjectedConvConfig       0x08007371   Thumb Code    12  stm32f10x_adc.o(.text)
    ADC_ExternalTrigInjectedConvCmd          0x0800737d   Thumb Code    20  stm32f10x_adc.o(.text)
    ADC_SoftwareStartInjectedConvCmd         0x08007391   Thumb Code    20  stm32f10x_adc.o(.text)
    ADC_GetSoftwareStartInjectedConvCmdStatus 0x080073a5   Thumb Code    14  stm32f10x_adc.o(.text)
    ADC_InjectedChannelConfig                0x080073b3   Thumb Code    74  stm32f10x_adc.o(.text)
    ADC_InjectedSequencerLengthConfig        0x080073fd   Thumb Code    16  stm32f10x_adc.o(.text)
    ADC_SetInjectedOffset                    0x0800740d   Thumb Code     4  stm32f10x_adc.o(.text)
    ADC_GetInjectedConversionValue           0x08007411   Thumb Code     8  stm32f10x_adc.o(.text)
    ADC_AnalogWatchdogCmd                    0x08007419   Thumb Code    12  stm32f10x_adc.o(.text)
    ADC_AnalogWatchdogThresholdsConfig       0x08007425   Thumb Code     6  stm32f10x_adc.o(.text)
    ADC_AnalogWatchdogSingleChannelConfig    0x0800742b   Thumb Code    12  stm32f10x_adc.o(.text)
    ADC_TempSensorVrefintCmd                 0x08007437   Thumb Code    24  stm32f10x_adc.o(.text)
    ADC_GetFlagStatus                        0x0800744f   Thumb Code    14  stm32f10x_adc.o(.text)
    ADC_ClearFlag                            0x0800745d   Thumb Code     6  stm32f10x_adc.o(.text)
    ADC_GetITStatus                          0x08007463   Thumb Code    28  stm32f10x_adc.o(.text)
    ADC_ClearITPendingBit                    0x0800747f   Thumb Code     8  stm32f10x_adc.o(.text)
    DMA_DeInit                               0x0800749d   Thumb Code   200  stm32f10x_dma.o(.text)
    DMA_Init                                 0x08007565   Thumb Code    58  stm32f10x_dma.o(.text)
    DMA_StructInit                           0x0800759f   Thumb Code    26  stm32f10x_dma.o(.text)
    DMA_Cmd                                  0x080075b9   Thumb Code    20  stm32f10x_dma.o(.text)
    DMA_ITConfig                             0x080075cd   Thumb Code    16  stm32f10x_dma.o(.text)
    DMA_GetCurrDataCounter                   0x080075dd   Thumb Code     6  stm32f10x_dma.o(.text)
    DMA_GetFlagStatus                        0x080075e3   Thumb Code    28  stm32f10x_dma.o(.text)
    DMA_ClearFlag                            0x080075ff   Thumb Code    18  stm32f10x_dma.o(.text)
    DMA_GetITStatus                          0x08007611   Thumb Code    28  stm32f10x_dma.o(.text)
    DMA_ClearITPendingBit                    0x0800762d   Thumb Code    18  stm32f10x_dma.o(.text)
    vListInitialise                          0x08007651   Thumb Code    22  list.o(.text)
    vListInitialiseItem                      0x08007667   Thumb Code     6  list.o(.text)
    vListInsertEnd                           0x0800766d   Thumb Code    24  list.o(.text)
    vListInsert                              0x08007685   Thumb Code    48  list.o(.text)
    uxListRemove                             0x080076b5   Thumb Code    36  list.o(.text)
    pxPortInitialiseStack                    0x080076e9   Thumb Code    32  port.o(.text)
    vPortSetupTimerInterrupt                 0x08007709   Thumb Code    14  port.o(.text)
    xPortStartScheduler                      0x08007717   Thumb Code    38  port.o(.text)
    vPortEndScheduler                        0x0800773d   Thumb Code     2  port.o(.text)
    vPortEnterCritical                       0x0800773f   Thumb Code    24  port.o(.text)
    vPortExitCritical                        0x08007757   Thumb Code    16  port.o(.text)
    xPortSysTickHandler                      0x08007767   Thumb Code    40  port.o(.text)
    xTaskCreate                              0x0800785b   Thumb Code    86  tasks.o(.text)
    xTaskIncrementTick                       0x080078b1   Thumb Code   168  tasks.o(.text)
    xTaskResumeAll                           0x08007959   Thumb Code   166  tasks.o(.text)
    vTaskSuspendAll                          0x08007a65   Thumb Code    10  tasks.o(.text)
    vTaskDelayUntil                          0x08007a6f   Thumb Code    76  tasks.o(.text)
    vTaskDelay                               0x08007abb   Thumb Code    44  tasks.o(.text)
    vTaskSwitchContext                       0x08007ae7   Thumb Code    60  tasks.o(.text)
    vTaskSuspend                             0x08007b23   Thumb Code   152  tasks.o(.text)
    vTaskResume                              0x08007bbb   Thumb Code    98  tasks.o(.text)
    xTaskResumeFromISR                       0x08007c1d   Thumb Code   106  tasks.o(.text)
    vTaskStartScheduler                      0x08007ca3   Thumb Code    64  tasks.o(.text)
    vTaskEndScheduler                        0x08007ce3   Thumb Code    24  tasks.o(.text)
    xTaskGetTickCount                        0x08007cfb   Thumb Code     6  tasks.o(.text)
    xTaskGetTickCountFromISR                 0x08007d01   Thumb Code     6  tasks.o(.text)
    uxTaskGetNumberOfTasks                   0x08007d07   Thumb Code     6  tasks.o(.text)
    pcTaskGetName                            0x08007d0d   Thumb Code    10  tasks.o(.text)
    vTaskPlaceOnEventList                    0x08007d17   Thumb Code    24  tasks.o(.text)
    vTaskPlaceOnUnorderedEventList           0x08007d2f   Thumb Code    36  tasks.o(.text)
    xTaskRemoveFromEventList                 0x08007d53   Thumb Code    92  tasks.o(.text)
    xTaskRemoveFromUnorderedEventList        0x08007daf   Thumb Code    74  tasks.o(.text)
    vTaskSetTimeOutState                     0x08007df9   Thumb Code    12  tasks.o(.text)
    xTaskCheckForTimeOut                     0x08007e05   Thumb Code    66  tasks.o(.text)
    vTaskMissedYield                         0x08007e47   Thumb Code     8  tasks.o(.text)
    uxTaskResetEventItemValue                0x08007e4f   Thumb Code    20  tasks.o(.text)
    ulTaskNotifyTake                         0x08007e63   Thumb Code    96  tasks.o(.text)
    xTaskNotifyWait                          0x08007ec3   Thumb Code   128  tasks.o(.text)
    xTaskGenericNotify                       0x08007f43   Thumb Code   176  tasks.o(.text)
    xTaskGenericNotifyFromISR                0x08007ff3   Thumb Code   178  tasks.o(.text)
    vTaskNotifyGiveFromISR                   0x080080a5   Thumb Code   130  tasks.o(.text)
    xTaskNotifyStateClear                    0x08008127   Thumb Code    46  tasks.o(.text)
    pvPortMalloc                             0x08008211   Thumb Code   172  heap_2.o(.text)
    vPortFree                                0x080082bd   Thumb Code    56  heap_2.o(.text)
    xPortGetFreeHeapSize                     0x080082f5   Thumb Code     6  heap_2.o(.text)
    vPortInitialiseBlocks                    0x080082fb   Thumb Code     2  heap_2.o(.text)
    __aeabi_memcpy                           0x08008305   Thumb Code    36  memcpya.o(.text)
    __aeabi_memcpy4                          0x08008305   Thumb Code     0  memcpya.o(.text)
    __aeabi_memcpy8                          0x08008305   Thumb Code     0  memcpya.o(.text)
    __aeabi_fadd                             0x08008329   Thumb Code   164  fadd.o(.text)
    __aeabi_fsub                             0x080083cd   Thumb Code     6  fadd.o(.text)
    __aeabi_frsub                            0x080083d3   Thumb Code     6  fadd.o(.text)
    __aeabi_fmul                             0x080083d9   Thumb Code   100  fmul.o(.text)
    __aeabi_fdiv                             0x0800843d   Thumb Code   124  fdiv.o(.text)
    __ARM_scalbnf                            0x080084b9   Thumb Code    24  fscalb.o(.text)
    scalbnf                                  0x080084b9   Thumb Code     0  fscalb.o(.text)
    __aeabi_dadd                             0x080084d1   Thumb Code   322  dadd.o(.text)
    __aeabi_dsub                             0x08008613   Thumb Code     6  dadd.o(.text)
    __aeabi_drsub                            0x08008619   Thumb Code     6  dadd.o(.text)
    __aeabi_dmul                             0x0800861f   Thumb Code   228  dmul.o(.text)
    __aeabi_ddiv                             0x08008703   Thumb Code   222  ddiv.o(.text)
    __aeabi_i2f                              0x080087e1   Thumb Code    18  fflti.o(.text)
    __aeabi_ui2f                             0x080087f3   Thumb Code    10  ffltui.o(.text)
    __aeabi_i2d                              0x080087fd   Thumb Code    34  dflti.o(.text)
    __aeabi_ui2d                             0x0800881f   Thumb Code    26  dfltui.o(.text)
    __aeabi_f2iz                             0x08008839   Thumb Code    50  ffixi.o(.text)
    __aeabi_f2uiz                            0x0800886b   Thumb Code    40  ffixui.o(.text)
    __aeabi_d2uiz                            0x08008893   Thumb Code    50  dfixui.o(.text)
    __aeabi_f2d                              0x080088c5   Thumb Code    38  f2d.o(.text)
    __aeabi_cdcmpeq                          0x080088ed   Thumb Code     0  cdcmple.o(.text)
    __aeabi_cdcmple                          0x080088ed   Thumb Code    48  cdcmple.o(.text)
    __aeabi_cdrcmple                         0x0800891d   Thumb Code    48  cdrcmple.o(.text)
    __aeabi_d2f                              0x0800894d   Thumb Code    56  d2f.o(.text)
    __aeabi_cfcmpeq                          0x08008985   Thumb Code     0  cfcmple.o(.text)
    __aeabi_cfcmple                          0x08008985   Thumb Code    20  cfcmple.o(.text)
    __aeabi_cfrcmple                         0x08008999   Thumb Code    20  cfrcmple.o(.text)
    __aeabi_llsl                             0x080089ad   Thumb Code    30  llshl.o(.text)
    _ll_shift_l                              0x080089ad   Thumb Code     0  llshl.o(.text)
    __aeabi_llsr                             0x080089cb   Thumb Code    32  llushr.o(.text)
    _ll_ushift_r                             0x080089cb   Thumb Code     0  llushr.o(.text)
    __aeabi_lasr                             0x080089eb   Thumb Code    36  llsshr.o(.text)
    _ll_sshift_r                             0x080089eb   Thumb Code     0  llsshr.o(.text)
    __I$use$fp                               0x08008a0f   Thumb Code     0  iusefp.o(.text)
    _float_round                             0x08008a0f   Thumb Code    18  fepilogue.o(.text)
    _float_epilogue                          0x08008a21   Thumb Code    92  fepilogue.o(.text)
    _double_round                            0x08008a7d   Thumb Code    30  depilogue.o(.text)
    _double_epilogue                         0x08008a9b   Thumb Code   156  depilogue.o(.text)
    __ARM_scalbn                             0x08008b37   Thumb Code    46  dscalb.o(.text)
    scalbn                                   0x08008b37   Thumb Code     0  dscalb.o(.text)
    _dsqrt                                   0x08008b65   Thumb Code   162  dsqrt.o(.text)
    __scatterload                            0x08008c09   Thumb Code    28  init.o(.text)
    __scatterload_rt2                        0x08008c09   Thumb Code     0  init.o(.text)
    __decompress                             0x08008c2d   Thumb Code     0  __dczerorl2.o(.text)
    __decompress1                            0x08008c2d   Thumb Code    86  __dczerorl2.o(.text)
    __ARM_fpclassify                         0x08008c83   Thumb Code    40  fpclassify.o(i.__ARM_fpclassify)
    __kernel_poly                            0x08008cab   Thumb Code   170  poly.o(i.__kernel_poly)
    __mathlib_dbl_infnan                     0x08008d55   Thumb Code     6  dunder.o(i.__mathlib_dbl_infnan)
    __mathlib_dbl_invalid                    0x08008d5b   Thumb Code    12  dunder.o(i.__mathlib_dbl_invalid)
    __mathlib_dbl_underflow                  0x08008d69   Thumb Code    10  dunder.o(i.__mathlib_dbl_underflow)
    __scatterload_copy                       0x08008d79   Thumb Code    14  handlers.o(i.__scatterload_copy)
    __scatterload_null                       0x08008d87   Thumb Code     2  handlers.o(i.__scatterload_null)
    __scatterload_zeroinit                   0x08008d89   Thumb Code    14  handlers.o(i.__scatterload_zeroinit)
    __set_errno                              0x08008d99   Thumb Code     6  errno.o(i.__set_errno)
    asin                                     0x08008da5   Thumb Code   572  asin.o(i.asin)
    sqrt                                     0x08009015   Thumb Code    76  sqrt.o(i.sqrt)
    Region$$Table$$Base                      0x080090b0   Number         0  anon$$obj.o(Region$$Table)
    Region$$Table$$Limit                     0x080090d0   Number         0  anon$$obj.o(Region$$Table)
    SBusState                                0x20000014   Data           1  sbus.o(.data)
    SBUS_flag                                0x20000017   Data           1  sbus.o(.data)
    SBUS_end                                 0x20000018   Data           1  sbus.o(.data)
    isSaveOffset                             0x20000020   Data           1  parameter.o(.data)
    isSavePID                                0x20000021   Data           1  parameter.o(.data)
    isSaveBaseSetting                        0x20000022   Data           1  parameter.o(.data)
    Echo_CMD1                                0x20000024   Data           1  protocol.o(.data)
    Echo_CMD2                                0x20000025   Data           1  protocol.o(.data)
    Echo_CMD3                                0x20000026   Data           1  protocol.o(.data)
    Echo_CMD4                                0x20000027   Data           1  protocol.o(.data)
    Echo_GetRoute                            0x20000028   Data           1  protocol.o(.data)
    Echo_Error2                              0x20000029   Data           1  protocol.o(.data)
    Echo_Error3                              0x2000002a   Data           1  protocol.o(.data)
    Echo_Error4                              0x2000002b   Data           1  protocol.o(.data)
    Protocol_Send_cnt                        0x2000002c   Data           1  protocol.o(.data)
    Protocol_TurningStatus                   0x2000002d   Data           1  protocol.o(.data)
    Protocol_Send_Echo                       0x2000002e   Data           1  protocol.o(.data)
    Protocol_Send_Version                    0x2000002f   Data           1  protocol.o(.data)
    Protocol_Send_Attiude                    0x20000030   Data           1  protocol.o(.data)
    Protocol_Send_Signal                     0x20000031   Data           1  protocol.o(.data)
    Protocol_Send_Status                     0x20000032   Data           1  protocol.o(.data)
    Protocol_Send_GPS1                       0x20000033   Data           1  protocol.o(.data)
    Protocol_Send_PID1                       0x20000034   Data           1  protocol.o(.data)
    Protocol_Send_PID2                       0x20000035   Data           1  protocol.o(.data)
    Protocol_Send_PID3                       0x20000036   Data           1  protocol.o(.data)
    Protocol_Send_PID4                       0x20000037   Data           1  protocol.o(.data)
    Protocol_Send_TaskSet1                   0x20000038   Data           1  protocol.o(.data)
    Protocol_Send_TaskSet2                   0x20000039   Data           1  protocol.o(.data)
    Protocol_Send_TaskSet3                   0x2000003a   Data           1  protocol.o(.data)
    Protocol_Send_TaskSet4                   0x2000003b   Data           1  protocol.o(.data)
    Protocol_Send_TaskSet5                   0x2000003c   Data           1  protocol.o(.data)
    Protocol_Send_TaskSet6                   0x2000003d   Data           1  protocol.o(.data)
    Protocol_Send_TaskSet7                   0x2000003e   Data           1  protocol.o(.data)
    ProState                                 0x2000003f   Data           1  protocol.o(.data)
    Protocol_GPSStatus                       0x20000042   Data           1  protocol.o(.data)
    Protocol_StarNum                         0x20000043   Data           1  protocol.o(.data)
    Protocol_CtrlMode                        0x20000044   Data           1  protocol.o(.data)
    Protocol_AirplaneMode                    0x20000045   Data           1  protocol.o(.data)
    Protocol_CurrentStatus                   0x20000046   Data           1  protocol.o(.data)
    Protocol_LockStatus                      0x20000047   Data           1  protocol.o(.data)
    Protocol_Send_Route                      0x20000048   Data           1  protocol.o(.data)
    Protocol_Send_RouteInfo                  0x20000049   Data           1  protocol.o(.data)
    HeartBeat                                0x2000004a   Data           1  protocol.o(.data)
    Protocol_GetVerion                       0x2000004b   Data           1  protocol.o(.data)
    Protocol_GetPID1                         0x2000004c   Data           1  protocol.o(.data)
    Protocol_GetPID2                         0x2000004d   Data           1  protocol.o(.data)
    Protocol_GetPID3                         0x2000004e   Data           1  protocol.o(.data)
    Protocol_GetPID4                         0x2000004f   Data           1  protocol.o(.data)
    Protocol_GetPolarity                     0x20000050   Data           1  protocol.o(.data)
    Protocol_SenserCalibrate                 0x20000051   Data           1  protocol.o(.data)
    Protocol_Get1                            0x20000052   Data           1  protocol.o(.data)
    Protocol_Get2                            0x20000053   Data           1  protocol.o(.data)
    Protocol_GetRoute                        0x20000054   Data           1  protocol.o(.data)
    Protocol_ChangePoint                     0x20000055   Data           1  protocol.o(.data)
    Protocol_TakeOff                         0x20000056   Data           1  protocol.o(.data)
    Protocol_StartTravel                     0x20000057   Data           1  protocol.o(.data)
    Protocol_StartRoute                      0x20000058   Data           1  protocol.o(.data)
    Protocol_Landing                         0x20000059   Data           1  protocol.o(.data)
    Protocol_BackHome                        0x2000005a   Data           1  protocol.o(.data)
    Protocol_Lock                            0x2000005b   Data           1  protocol.o(.data)
    Protocol_Action                          0x2000005c   Data           1  protocol.o(.data)
    Protocol_R_ReadTakeOff                   0x2000005d   Data           1  protocol.o(.data)
    Protocol_R_ReadTakeOffToTravel           0x2000005e   Data           1  protocol.o(.data)
    Protocol_R_ReadCircle                    0x2000005f   Data           1  protocol.o(.data)
    Protocol_R_ReadTravel                    0x20000060   Data           1  protocol.o(.data)
    Protocol_R_ReadTravelTolanding           0x20000061   Data           1  protocol.o(.data)
    Protocol_R_ReadBackHome                  0x20000062   Data           1  protocol.o(.data)
    Protocol_R_ReadLanding                   0x20000063   Data           1  protocol.o(.data)
    Protocol_R_ReadCutOff                    0x20000064   Data           1  protocol.o(.data)
    Protocol_CurrentTarget                   0x20000076   Data           2  protocol.o(.data)
    Protocol_TargetRoll                      0x20000078   Data           2  protocol.o(.data)
    Protocol_TargetPitch                     0x2000007a   Data           2  protocol.o(.data)
    Protocol_TargetYaw                       0x2000007c   Data           2  protocol.o(.data)
    Protocol_TargetHight                     0x2000007e   Data           2  protocol.o(.data)
    Protocol_AdjustROL                       0x20000080   Data           2  protocol.o(.data)
    Protocol_AdjustPIT                       0x20000082   Data           2  protocol.o(.data)
    Protocol_AdjustTHR                       0x20000084   Data           2  protocol.o(.data)
    Protocol_AdjustYAW                       0x20000086   Data           2  protocol.o(.data)
    Protocol_AdjustAUX1                      0x20000088   Data           2  protocol.o(.data)
    Protocol_AdjustAUX2                      0x2000008a   Data           2  protocol.o(.data)
    Protocol_AdjustAUX3                      0x2000008c   Data           2  protocol.o(.data)
    Protocol_AdjustAUX4                      0x2000008e   Data           2  protocol.o(.data)
    Protocol_AdjustAUX5                      0x20000090   Data           2  protocol.o(.data)
    Protocol_AdjustAUX6                      0x20000092   Data           2  protocol.o(.data)
    Protocol_AdjustPWM1                      0x20000094   Data           2  protocol.o(.data)
    Protocol_AdjustPWM2                      0x20000096   Data           2  protocol.o(.data)
    Protocol_AdjustPWM3                      0x20000098   Data           2  protocol.o(.data)
    Protocol_AdjustPWM4                      0x2000009a   Data           2  protocol.o(.data)
    Protocol_AdjustPWM5                      0x2000009c   Data           2  protocol.o(.data)
    Protocol_AdjustPWM6                      0x2000009e   Data           2  protocol.o(.data)
    Protocol_AdjustPWM7                      0x200000a0   Data           2  protocol.o(.data)
    Protocol_AdjustPWM8                      0x200000a2   Data           2  protocol.o(.data)
    Protocol_AdjustPWM9                      0x200000a4   Data           2  protocol.o(.data)
    Protocol_AdjustPWM10                     0x200000a6   Data           2  protocol.o(.data)
    Protocol_AdjustPWM11                     0x200000a8   Data           2  protocol.o(.data)
    Protocol_AdjustPWM12                     0x200000aa   Data           2  protocol.o(.data)
    Protocol_Latitude                        0x200000ac   Data           4  protocol.o(.data)
    Protocol_Longitude                       0x200000b0   Data           4  protocol.o(.data)
    Protocol_Altitude                        0x200000b4   Data           4  protocol.o(.data)
    Protocol_Speed                           0x200000b8   Data           4  protocol.o(.data)
    Protocol_Course                          0x200000bc   Data           4  protocol.o(.data)
    Protocol_ALT_U                           0x200000c0   Data           4  protocol.o(.data)
    Protocol_ALT_P                           0x200000c4   Data           4  protocol.o(.data)
    Protocol_Votage1                         0x200000c8   Data           4  protocol.o(.data)
    Protocol_Votage2                         0x200000cc   Data           4  protocol.o(.data)
    Protocol_Current1                        0x200000d0   Data           4  protocol.o(.data)
    Protocol_Current2                        0x200000d4   Data           4  protocol.o(.data)
    Protocol_AirSpeed                        0x200000d8   Data           4  protocol.o(.data)
    Protocol_WaitToFlight                    0x200000dc   Data           4  protocol.o(.data)
    Protocol_DiffrentDistance                0x200000e0   Data           4  protocol.o(.data)
    Protocol_DiffrentAngle                   0x200000e4   Data           4  protocol.o(.data)
    Protocol_DiffrentHight                   0x200000e8   Data           4  protocol.o(.data)
    Protocol_DiffrentSpeed                   0x200000ec   Data           4  protocol.o(.data)
    Protocol_UseSpeed                        0x200000f0   Data           4  protocol.o(.data)
    Protocol_wzSpeed                         0x200000f4   Data           4  protocol.o(.data)
    Protocol_BoardHight                      0x200000f8   Data           4  protocol.o(.data)
    Protocol_R_TakeoffHight                  0x200000fc   Data           4  protocol.o(.data)
    Protocol_R_StartRouteHight               0x20000100   Data           4  protocol.o(.data)
    Protocol_PWM_servo                       0x20000104   Data           8  protocol.o(.data)
    CRC16_TABLE                              0x2000010c   Data         512  protocol.o(.data)
    Yaw                                      0x20000320   Data           4  imu.o(.data)
    norm_acc                                 0x20000324   Data           4  imu.o(.data)
    norm_q                                   0x20000328   Data           4  imu.o(.data)
    norm_acc_lpf                             0x2000032c   Data           4  imu.o(.data)
    mag_norm                                 0x20000330   Data           4  imu.o(.data)
    mag_norm_xyz                             0x20000334   Data           4  imu.o(.data)
    ref_q                                    0x20000338   Data          16  imu.o(.data)
    fast_atan_table                          0x20000348   Data        1028  mymath.o(.data)
    Tx1Counter                               0x20000754   Data           1  usart.o(.data)
    count1                                   0x20000755   Data           1  usart.o(.data)
    Tx2Counter                               0x20000756   Data           1  usart.o(.data)
    count2                                   0x20000757   Data           1  usart.o(.data)
    Tx3Counter                               0x20000758   Data           1  usart.o(.data)
    count3                                   0x20000759   Data           1  usart.o(.data)
    After_filter                             0x2000075c   Data           4  adc.o(.data)
    MPXV_sum_cnt                             0x20000760   Data           4  mpxv7002.o(.data)
    MPXV_sum_temp                            0x20000764   Data           4  mpxv7002.o(.data)
    AirDensityData                           0x20000768   Data         264  mpxv7002.o(.data)
    HMC5883_lastx                            0x2000088c   Data           4  hmc5883l.o(.data)
    HMC5883_lasty                            0x20000890   Data           4  hmc5883l.o(.data)
    HMC5883_lastz                            0x20000894   Data           4  hmc5883l.o(.data)
    acc_sum_cnt                              0x200008a4   Data           4  mpu6050.o(.data)
    gyro_sum_cnt                             0x200008a8   Data           4  mpu6050.o(.data)
    t_rxbuf                                  0x200008ae   Data           3  ms5611.o(.data)
    p_rxbuf                                  0x200008b1   Data           3  ms5611.o(.data)
    baroAlt                                  0x200008b8   Data           4  ms5611.o(.data)
    baroAltOld                               0x200008bc   Data           4  ms5611.o(.data)
    baro_alt_speed                           0x200008c0   Data           4  ms5611.o(.data)
    baro_Offset                              0x200008c4   Data           4  ms5611.o(.data)
    ms5611_ut                                0x200008c8   Data           4  ms5611.o(.data)
    ms5611_up                                0x200008cc   Data           4  ms5611.o(.data)
    temperature_5611                         0x200008d0   Data           4  ms5611.o(.data)
    ublox_State                              0x200008d4   Data           1  ublox.o(.data)
    pxCurrentTCB                             0x200008fc   Data           4  tasks.o(.data)
    SBusRxBuffer                             0x20000950   Data          25  sbus.o(.bss)
    Chanel                                   0x2000096a   Data          32  sbus.o(.bss)
    Rise                                     0x2000098c   Data          16  tim.o(.bss)
    Drop                                     0x2000099c   Data          16  tim.o(.bss)
    RC_PWM_in                                0x200009ac   Data          16  tim.o(.bss)
    RC                                       0x200009bc   Data          32  tim.o(.bss)
    BaseSetting                              0x200009dc   Data          38  parameter.o(.bss)
    Parameter_PID                            0x20000a04   Data         360  parameter.o(.bss)
    Protocol_RouteDot                        0x20000b70   Data        2800  protocol.o(.bss)
    Protocol_RC_CH                           0x20001660   Data          20  protocol.o(.bss)
    Protocol_PWM_motor                       0x20001674   Data          16  protocol.o(.bss)
    ProRxBuffer                              0x20001684   Data         100  protocol.o(.bss)
    reference_v                              0x200016f4   Data          12  imu.o(.bss)
    ref                                      0x20001700   Data          60  imu.o(.bss)
    mag_sim_3d                               0x2000173c   Data          12  imu.o(.bss)
    AirPlane                                 0x20001748   Data         176  airplane.o(.bss)
    LED                                      0x200017f8   Data          12  led.o(.bss)
    Tx1Buffer                                0x20001804   Data         256  usart.o(.bss)
    Tx2Buffer                                0x20001904   Data         256  usart.o(.bss)
    Tx3Buffer                                0x20001a04   Data         256  usart.o(.bss)
    Senser                                   0x20001c70   Data         352  senser.o(.bss)
    AD_Value                                 0x20001dd0   Data          20  adc.o(.bss)
    HMC5883_FIFO                             0x20001de4   Data          66  hmc5883l.o(.bss)
    sum_temp                                 0x20001e28   Data          28  mpu6050.o(.bss)
    mpu6050_buffer                           0x20001e44   Data          14  mpu6050.o(.bss)
    ms5611_prom                              0x20001e52   Data          16  ms5611.o(.bss)
    ublox_RxBuffer                           0x20001e64   Data         256  ublox.o(.bss)
    ublox_XXBuffer                           0x20001f64   Data         256  ublox.o(.bss)
    NAV_VELNED                               0x20002064   Data          36  ublox.o(.bss)
    NAV_STATUS                               0x20002088   Data          28  ublox.o(.bss)
    NAV_POSLLH                               0x200020a4   Data          28  ublox.o(.bss)
    __initial_sp                             0x20003f78   Data           0  startup_stm32f10x_md.o(STACK)



==============================================================================

Memory Map of the image

  Image Entry point : 0x080000ed

  Load Region LR_IROM1 (Base: 0x08000000, Size: 0x00009a20, Max: 0x00010000, ABSOLUTE, COMPRESSED[0x00009830])

    Execution Region ER_IROM1 (Exec base: 0x08000000, Load base: 0x08000000, Size: 0x000090d0, Max: 0x00010000, ABSOLUTE)

    Exec Addr    Load Addr    Size         Type   Attr      Idx    E Section Name        Object

    0x08000000   0x08000000   0x000000ec   Data   RO            3    RESET               startup_stm32f10x_md.o
    0x080000ec   0x080000ec   0x00000000   Code   RO         1374  * .ARM.Collect$$$$00000000  mc_w.l(entry.o)
    0x080000ec   0x080000ec   0x00000004   Code   RO         1439    .ARM.Collect$$$$00000001  mc_w.l(entry2.o)
    0x080000f0   0x080000f0   0x00000004   Code   RO         1442    .ARM.Collect$$$$00000004  mc_w.l(entry5.o)
    0x080000f4   0x080000f4   0x00000000   Code   RO         1444    .ARM.Collect$$$$00000008  mc_w.l(entry7b.o)
    0x080000f4   0x080000f4   0x00000000   Code   RO         1446    .ARM.Collect$$$$0000000A  mc_w.l(entry8b.o)
    0x080000f4   0x080000f4   0x00000008   Code   RO         1447    .ARM.Collect$$$$0000000B  mc_w.l(entry9a.o)
    0x080000fc   0x080000fc   0x00000000   Code   RO         1449    .ARM.Collect$$$$0000000D  mc_w.l(entry10a.o)
    0x080000fc   0x080000fc   0x00000000   Code   RO         1451    .ARM.Collect$$$$0000000F  mc_w.l(entry11a.o)
    0x080000fc   0x080000fc   0x00000004   Code   RO         1440    .ARM.Collect$$$$00002712  mc_w.l(entry2.o)
    0x08000100   0x08000100   0x00000096   Code   RO         1242    .emb_text           port.o
    0x08000196   0x08000196   0x00000002   PAD
    0x08000198   0x08000198   0x0000001c   Code   RO            4    .text               startup_stm32f10x_md.o
    0x080001b4   0x080001b4   0x00000328   Code   RO           13    .text               main.o
    0x080004dc   0x080004dc   0x00000020   Code   RO          227    .text               stm32f10x_it.o
    0x080004fc   0x080004fc   0x000001a8   Code   RO          254    .text               sbus.o
    0x080006a4   0x080006a4   0x000003a8   Code   RO          285    .text               tim.o
    0x08000a4c   0x08000a4c   0x00000420   Code   RO          316    .text               parameter.o
    0x08000e6c   0x08000e6c   0x00001c3c   Code   RO          364    .text               protocol.o
    0x08002aa8   0x08002aa8   0x000007dc   Code   RO          418    .text               imu.o
    0x08003284   0x08003284   0x0000036c   Code   RO          455    .text               mymath.o
    0x080035f0   0x080035f0   0x00000062   Code   RO          507    .text               rcc.o
    0x08003652   0x08003652   0x00000002   PAD
    0x08003654   0x08003654   0x0000019c   Code   RO          567    .text               led.o
    0x080037f0   0x080037f0   0x000003cc   Code   RO          598    .text               usart.o
    0x08003bbc   0x08003bbc   0x000001e0   Code   RO          629    .text               24c02.o
    0x08003d9c   0x08003d9c   0x00000318   Code   RO          653    .text               i2c.o
    0x080040b4   0x080040b4   0x00000444   Code   RO          677    .text               senser.o
    0x080044f8   0x080044f8   0x000001c4   Code   RO          711    .text               adc.o
    0x080046bc   0x080046bc   0x00000158   Code   RO          743    .text               mpxv7002.o
    0x08004814   0x08004814   0x00000204   Code   RO          777    .text               ak8975.o
    0x08004a18   0x08004a18   0x00000314   Code   RO          810    .text               hmc5883l.o
    0x08004d2c   0x08004d2c   0x00000304   Code   RO          845    .text               mpu6050.o
    0x08005030   0x08005030   0x00000304   Code   RO          878    .text               ms5611.o
    0x08005334   0x08005334   0x000008e0   Code   RO          910    .text               ublox.o
    0x08005c14   0x08005c14   0x000003d8   Code   RO          972    .text               stm32f10x_flash.o
    0x08005fec   0x08005fec   0x00000240   Code   RO          996    .text               stm32f10x_gpio.o
    0x0800622c   0x0800622c   0x000002b0   Code   RO         1020    .text               stm32f10x_rcc.o
    0x080064dc   0x080064dc   0x000002d8   Code   RO         1046    .text               stm32f10x_usart.o
    0x080067b4   0x080067b4   0x00000918   Code   RO         1070    .text               stm32f10x_tim.o
    0x080070cc   0x080070cc   0x000000b0   Code   RO         1095    .text               misc.o
    0x0800717c   0x0800717c   0x00000320   Code   RO         1143    .text               stm32f10x_adc.o
    0x0800749c   0x0800749c   0x000001b4   Code   RO         1191    .text               stm32f10x_dma.o
    0x08007650   0x08007650   0x00000088   Code   RO         1221    .text               list.o
    0x080076d8   0x080076d8   0x000000c8   Code   RO         1243    .text               port.o
    0x080077a0   0x080077a0   0x00000a70   Code   RO         1300    .text               tasks.o
    0x08008210   0x08008210   0x000000f4   Code   RO         1341    .text               heap_2.o
    0x08008304   0x08008304   0x00000024   Code   RO         1377    .text               mc_w.l(memcpya.o)
    0x08008328   0x08008328   0x000000b0   Code   RO         1381    .text               mf_w.l(fadd.o)
    0x080083d8   0x080083d8   0x00000064   Code   RO         1383    .text               mf_w.l(fmul.o)
    0x0800843c   0x0800843c   0x0000007c   Code   RO         1385    .text               mf_w.l(fdiv.o)
    0x080084b8   0x080084b8   0x00000018   Code   RO         1387    .text               mf_w.l(fscalb.o)
    0x080084d0   0x080084d0   0x0000014e   Code   RO         1389    .text               mf_w.l(dadd.o)
    0x0800861e   0x0800861e   0x000000e4   Code   RO         1391    .text               mf_w.l(dmul.o)
    0x08008702   0x08008702   0x000000de   Code   RO         1393    .text               mf_w.l(ddiv.o)
    0x080087e0   0x080087e0   0x00000012   Code   RO         1395    .text               mf_w.l(fflti.o)
    0x080087f2   0x080087f2   0x0000000a   Code   RO         1397    .text               mf_w.l(ffltui.o)
    0x080087fc   0x080087fc   0x00000022   Code   RO         1399    .text               mf_w.l(dflti.o)
    0x0800881e   0x0800881e   0x0000001a   Code   RO         1401    .text               mf_w.l(dfltui.o)
    0x08008838   0x08008838   0x00000032   Code   RO         1403    .text               mf_w.l(ffixi.o)
    0x0800886a   0x0800886a   0x00000028   Code   RO         1405    .text               mf_w.l(ffixui.o)
    0x08008892   0x08008892   0x00000032   Code   RO         1407    .text               mf_w.l(dfixui.o)
    0x080088c4   0x080088c4   0x00000026   Code   RO         1409    .text               mf_w.l(f2d.o)
    0x080088ea   0x080088ea   0x00000002   PAD
    0x080088ec   0x080088ec   0x00000030   Code   RO         1411    .text               mf_w.l(cdcmple.o)
    0x0800891c   0x0800891c   0x00000030   Code   RO         1413    .text               mf_w.l(cdrcmple.o)
    0x0800894c   0x0800894c   0x00000038   Code   RO         1415    .text               mf_w.l(d2f.o)
    0x08008984   0x08008984   0x00000014   Code   RO         1417    .text               mf_w.l(cfcmple.o)
    0x08008998   0x08008998   0x00000014   Code   RO         1419    .text               mf_w.l(cfrcmple.o)
    0x080089ac   0x080089ac   0x0000001e   Code   RO         1453    .text               mc_w.l(llshl.o)
    0x080089ca   0x080089ca   0x00000020   Code   RO         1455    .text               mc_w.l(llushr.o)
    0x080089ea   0x080089ea   0x00000024   Code   RO         1457    .text               mc_w.l(llsshr.o)
    0x08008a0e   0x08008a0e   0x00000000   Code   RO         1466    .text               mc_w.l(iusefp.o)
    0x08008a0e   0x08008a0e   0x0000006e   Code   RO         1467    .text               mf_w.l(fepilogue.o)
    0x08008a7c   0x08008a7c   0x000000ba   Code   RO         1469    .text               mf_w.l(depilogue.o)
    0x08008b36   0x08008b36   0x0000002e   Code   RO         1471    .text               mf_w.l(dscalb.o)
    0x08008b64   0x08008b64   0x000000a2   Code   RO         1473    .text               mf_w.l(dsqrt.o)
    0x08008c06   0x08008c06   0x00000002   PAD
    0x08008c08   0x08008c08   0x00000024   Code   RO         1475    .text               mc_w.l(init.o)
    0x08008c2c   0x08008c2c   0x00000056   Code   RO         1485    .text               mc_w.l(__dczerorl2.o)
    0x08008c82   0x08008c82   0x00000028   Code   RO         1435    i.__ARM_fpclassify  m_ws.l(fpclassify.o)
    0x08008caa   0x08008caa   0x000000aa   Code   RO         1437    i.__kernel_poly     m_ws.l(poly.o)
    0x08008d54   0x08008d54   0x00000006   Code   RO         1422    i.__mathlib_dbl_infnan  m_ws.l(dunder.o)
    0x08008d5a   0x08008d5a   0x0000000c   Code   RO         1424    i.__mathlib_dbl_invalid  m_ws.l(dunder.o)
    0x08008d66   0x08008d66   0x00000002   PAD
    0x08008d68   0x08008d68   0x00000010   Code   RO         1427    i.__mathlib_dbl_underflow  m_ws.l(dunder.o)
    0x08008d78   0x08008d78   0x0000000e   Code   RO         1479    i.__scatterload_copy  mc_w.l(handlers.o)
    0x08008d86   0x08008d86   0x00000002   Code   RO         1480    i.__scatterload_null  mc_w.l(handlers.o)
    0x08008d88   0x08008d88   0x0000000e   Code   RO         1481    i.__scatterload_zeroinit  mc_w.l(handlers.o)
    0x08008d96   0x08008d96   0x00000002   PAD
    0x08008d98   0x08008d98   0x0000000c   Code   RO         1461    i.__set_errno       mc_w.l(errno.o)
    0x08008da4   0x08008da4   0x00000270   Code   RO         1357    i.asin              m_ws.l(asin.o)
    0x08009014   0x08009014   0x0000004c   Code   RO         1367    i.sqrt              m_ws.l(sqrt.o)
    0x08009060   0x08009060   0x00000050   Data   RO         1358    .constdata          m_ws.l(asin.o)
    0x080090b0   0x080090b0   0x00000020   Data   RO         1477    Region$$Table       anon$$obj.o


    Execution Region RW_IRAM1 (Exec base: 0x20000000, Load base: 0x080090d0, Size: 0x00003f78, Max: 0x00005000, ABSOLUTE, COMPRESSED[0x00000760])

    Exec Addr    Load Addr    Size         Type   Attr      Idx    E Section Name        Object

    0x20000000   COMPRESSED   0x00000014   Data   RW           14    .data               main.o
    0x20000014   COMPRESSED   0x00000005   Data   RW          256    .data               sbus.o
    0x20000019   COMPRESSED   0x00000003   PAD
    0x2000001c   COMPRESSED   0x00000004   Data   RW          287    .data               tim.o
    0x20000020   COMPRESSED   0x00000003   Data   RW          318    .data               parameter.o
    0x20000023   COMPRESSED   0x00000001   PAD
    0x20000024   COMPRESSED   0x000002e8   Data   RW          366    .data               protocol.o
    0x2000030c   COMPRESSED   0x0000003c   Data   RW          420    .data               imu.o
    0x20000348   COMPRESSED   0x00000404   Data   RW          456    .data               mymath.o
    0x2000074c   COMPRESSED   0x00000008   Data   RW          569    .data               led.o
    0x20000754   COMPRESSED   0x00000006   Data   RW          600    .data               usart.o
    0x2000075a   COMPRESSED   0x00000002   Data   RW          679    .data               senser.o
    0x2000075c   COMPRESSED   0x00000004   Data   RW          713    .data               adc.o
    0x20000760   COMPRESSED   0x00000110   Data   RW          744    .data               mpxv7002.o
    0x20000870   COMPRESSED   0x0000001c   Data   RW          778    .data               ak8975.o
    0x2000088c   COMPRESSED   0x00000018   Data   RW          812    .data               hmc5883l.o
    0x200008a4   COMPRESSED   0x00000008   Data   RW          847    .data               mpu6050.o
    0x200008ac   COMPRESSED   0x00000028   Data   RW          880    .data               ms5611.o
    0x200008d4   COMPRESSED   0x00000010   Data   RW          912    .data               ublox.o
    0x200008e4   COMPRESSED   0x00000014   Data   RW         1021    .data               stm32f10x_rcc.o
    0x200008f8   COMPRESSED   0x00000004   Data   RW         1244    .data               port.o
    0x200008fc   COMPRESSED   0x00000038   Data   RW         1302    .data               tasks.o
    0x20000934   COMPRESSED   0x00000018   Data   RW         1343    .data               heap_2.o
    0x2000094c   COMPRESSED   0x00000004   Data   RW         1462    .data               mc_w.l(errno.o)
    0x20000950        -       0x0000003a   Zero   RW          255    .bss                sbus.o
    0x2000098a   COMPRESSED   0x00000002   PAD
    0x2000098c        -       0x00000050   Zero   RW          286    .bss                tim.o
    0x200009dc        -       0x00000190   Zero   RW          317    .bss                parameter.o
    0x20000b6c   COMPRESSED   0x00000004   PAD
    0x20000b70        -       0x00000b78   Zero   RW          365    .bss                protocol.o
    0x200016e8        -       0x00000060   Zero   RW          419    .bss                imu.o
    0x20001748        -       0x000000b0   Zero   RW          483    .bss                airplane.o
    0x200017f8        -       0x0000000c   Zero   RW          568    .bss                led.o
    0x20001804        -       0x00000300   Zero   RW          599    .bss                usart.o
    0x20001b04   COMPRESSED   0x00000004   PAD
    0x20001b08        -       0x000002c8   Zero   RW          678    .bss                senser.o
    0x20001dd0        -       0x00000014   Zero   RW          712    .bss                adc.o
    0x20001de4        -       0x00000042   Zero   RW          811    .bss                hmc5883l.o
    0x20001e26   COMPRESSED   0x00000002   PAD
    0x20001e28        -       0x0000002a   Zero   RW          846    .bss                mpu6050.o
    0x20001e52        -       0x00000010   Zero   RW          879    .bss                ms5611.o
    0x20001e62   COMPRESSED   0x00000002   PAD
    0x20001e64        -       0x0000025c   Zero   RW          911    .bss                ublox.o
    0x200020c0        -       0x000000b4   Zero   RW         1301    .bss                tasks.o
    0x20002174        -       0x00001c00   Zero   RW         1342    .bss                heap_2.o
    0x20003d74   COMPRESSED   0x00000004   PAD
    0x20003d78        -       0x00000200   Zero   RW            1    STACK               startup_stm32f10x_md.o


==============================================================================

Image component sizes


      Code (inc. data)   RO Data    RW Data    ZI Data      Debug   Object Name

       480          0          0          0          0       3239   24c02.o
       452         28          0          4         20       2121   adc.o
         0          0          0          0        176       1119   airplane.o
       516         10          0         28          0       2056   ak8975.o
       244          8          0         24       7168       2880   heap_2.o
       788         18          0         24         66       4339   hmc5883l.o
       792         10          0          0          0       4106   i2c.o
      2012         78          0         60         96       3337   imu.o
       412         16          0          8         12       2483   led.o
       136          0          0          0          0       3194   list.o
       808        112          0         20          0     289232   main.o
       176         14          0          0          0       1729   misc.o
       772         14          0          8         42       4179   mpu6050.o
       344         38          0        272          0       1670   mpxv7002.o
       772         50          0         40         16       3458   ms5611.o
       876         72          0       1028          0       4314   mymath.o
      1056         12          0          3        400       5319   parameter.o
       350         30          0          4          0       6594   port.o
      7228         68          0        744       2936      28835   protocol.o
        98          0          0          0          0        485   rcc.o
       424         14          0          5         58       1568   sbus.o
      1092         30          0          2        712       3347   senser.o
        28          4        236          0        512        760   startup_stm32f10x_md.o
       800         22          0          0          0      10973   stm32f10x_adc.o
       436         18          0          0          0       3603   stm32f10x_dma.o
       984         18          0          0          0       7842   stm32f10x_flash.o
       576         16          0          0          0       5247   stm32f10x_gpio.o
        32          0          0          0          0       1627   stm32f10x_it.o
       688         32          0         20          0       8748   stm32f10x_rcc.o
      2328         18          0          0          0      24374   stm32f10x_tim.o
       728         12          0          0          0       7943   stm32f10x_usart.o
      2672         66          0         56        180      24849   tasks.o
       936         28          0          4         80       2807   tim.o
      2272         68          0         16        604       6882   ublox.o
       972         38          0          6        768       3991   usart.o

    ----------------------------------------------------------------------
     33284        962        268       2380      13864     489250   Object Totals
         0          0         32          0          0          0   (incl. Generated)
         4          0          0          4         18          0   (incl. Padding)

    ----------------------------------------------------------------------

      Code (inc. data)   RO Data    RW Data    ZI Data      Debug   Library Member Name

       624         52         80          0          0        168   asin.o
        34          6          0          0          0        204   dunder.o
        40          0          0          0          0         68   fpclassify.o
       170          0          0          0          0         96   poly.o
        76          0          0          0          0         84   sqrt.o
        86          0          0          0          0          0   __dczerorl2.o
         0          0          0          0          0          0   entry.o
         0          0          0          0          0          0   entry10a.o
         0          0          0          0          0          0   entry11a.o
         8          4          0          0          0          0   entry2.o
         4          0          0          0          0          0   entry5.o
         0          0          0          0          0          0   entry7b.o
         0          0          0          0          0          0   entry8b.o
         8          4          0          0          0          0   entry9a.o
        12          6          0          4          0         68   errno.o
        30          0          0          0          0          0   handlers.o
        36          8          0          0          0         68   init.o
         0          0          0          0          0          0   iusefp.o
        30          0          0          0          0         68   llshl.o
        36          0          0          0          0         68   llsshr.o
        32          0          0          0          0         68   llushr.o
        36          0          0          0          0         68   memcpya.o
        48          0          0          0          0         68   cdcmple.o
        48          0          0          0          0         68   cdrcmple.o
        20          0          0          0          0         68   cfcmple.o
        20          0          0          0          0         68   cfrcmple.o
        56          0          0          0          0         88   d2f.o
       334          0          0          0          0        148   dadd.o
       222          0          0          0          0        100   ddiv.o
       186          0          0          0          0        176   depilogue.o
        50          0          0          0          0         76   dfixui.o
        34          0          0          0          0         76   dflti.o
        26          0          0          0          0         76   dfltui.o
       228          0          0          0          0         96   dmul.o
        46          0          0          0          0         80   dscalb.o
       162          0          0          0          0        100   dsqrt.o
        38          0          0          0          0         68   f2d.o
       176          0          0          0          0        140   fadd.o
       124          0          0          0          0         88   fdiv.o
       110          0          0          0          0        168   fepilogue.o
        50          0          0          0          0         68   ffixi.o
        40          0          0          0          0         68   ffixui.o
        18          0          0          0          0         68   fflti.o
        10          0          0          0          0         68   ffltui.o
       100          0          0          0          0         76   fmul.o
        24          0          0          0          0         68   fscalb.o

    ----------------------------------------------------------------------
      3440         80         80          4          0       3196   Library Totals
         8          0          0          0          0          0   (incl. Padding)

    ----------------------------------------------------------------------

      Code (inc. data)   RO Data    RW Data    ZI Data      Debug   Library Name

       944         58         80          0          0        620   m_ws.l
       318         22          0          4          0        408   mc_w.l
      2170          0          0          0          0       2168   mf_w.l

    ----------------------------------------------------------------------
      3440         80         80          4          0       3196   Library Totals

    ----------------------------------------------------------------------

==============================================================================


      Code (inc. data)   RO Data    RW Data    ZI Data      Debug   

     36724       1042        348       2384      13864     486594   Grand Totals
     36724       1042        348       1888      13864     486594   ELF Image Totals (compressed)
     36724       1042        348       1888          0          0   ROM Totals

==============================================================================

    Total RO  Size (Code + RO Data)                37072 (  36.20kB)
    Total RW  Size (RW Data + ZI Data)             16248 (  15.87kB)
    Total ROM Size (Code + RO Data + RW Data)      38960 (  38.05kB)

==============================================================================

