ARM Linker, 5.03 [Build 69] [MDK-ARM Standard]

==============================================================================

Section Cross References

    startup_stm32f10x_md.o(STACK) refers (Special) to heapauxi.o(.text) for __use_two_region_memory
    startup_stm32f10x_md.o(HEAP) refers (Special) to heapauxi.o(.text) for __use_two_region_memory
    startup_stm32f10x_md.o(RESET) refers (Special) to heapauxi.o(.text) for __use_two_region_memory
    startup_stm32f10x_md.o(RESET) refers to startup_stm32f10x_md.o(STACK) for __initial_sp
    startup_stm32f10x_md.o(RESET) refers to startup_stm32f10x_md.o(.text) for Reset_Handler
    startup_stm32f10x_md.o(RESET) refers to stm32f10x_it.o(.text) for NMI_Handler
    startup_stm32f10x_md.o(.text) refers (Special) to heapauxi.o(.text) for __use_two_region_memory
    startup_stm32f10x_md.o(.text) refers to main.o(.text) for SystemInit
    startup_stm32f10x_md.o(.text) refers to __main.o(!!!main) for __main
    startup_stm32f10x_md.o(.text) refers to startup_stm32f10x_md.o(HEAP) for Heap_Mem
    startup_stm32f10x_md.o(.text) refers to startup_stm32f10x_md.o(STACK) for Stack_Mem
    main.o(.text) refers to _printf_percent.o(.ARM.Collect$$_printf_percent$$00000000) for _printf_percent
    main.o(.text) refers to _printf_d.o(.ARM.Collect$$_printf_percent$$00000009) for _printf_d
    main.o(.text) refers to _printf_dec.o(.text) for _printf_int_dec
    main.o(.text) refers to rcc.o(.text) for RCC_Config
    main.o(.text) refers to sys.o(.text) for Delay_Config
    main.o(.text) refers to tim.o(.text) for PWM_OUT_Config
    main.o(.text) refers to usart.o(.text) for USART_Config
    main.o(.text) refers to gpio.o(.text) for GPIO_Config
    main.o(.text) refers to mpu6050.o(.text) for MPU6050_Init
    main.o(.text) refers to oled.o(.text) for OLED_Initial
    main.o(.text) refers to noretval__2printf.o(.text) for __2printf
    main.o(.text) refers to mpu6050.o(.bss) for G_ANGLE
    main.o(.text) refers to mpu6050.o(.data) for MPU6050_GYRO_LAST
    stm32f10x_it.o(.text) refers to stm32f10x_it.o(.data) for nTime
    gpio.o(.text) refers to stm32f10x_gpio.o(.text) for GPIO_Init
    rcc.o(.text) refers to stm32f10x_rcc.o(.text) for RCC_DeInit
    rcc.o(.text) refers to stm32f10x_flash.o(.text) for FLASH_SetLatency
    usart.o(.text) refers to stm32f10x_rcc.o(.text) for RCC_APB2PeriphClockCmd
    usart.o(.text) refers to stm32f10x_usart.o(.text) for USART_DeInit
    usart.o(.text) refers to stm32f10x_gpio.o(.text) for GPIO_Init
    tim.o(.text) refers to stm32f10x_rcc.o(.text) for RCC_APB1PeriphClockCmd
    tim.o(.text) refers to stm32f10x_tim.o(.text) for TIM_DeInit
    tim.o(.text) refers to stm32f10x_gpio.o(.text) for GPIO_Init
    mpu6050.o(.text) refers to _printf_percent.o(.ARM.Collect$$_printf_percent$$00000000) for _printf_percent
    mpu6050.o(.text) refers to _printf_d.o(.ARM.Collect$$_printf_percent$$00000009) for _printf_d
    mpu6050.o(.text) refers to _printf_dec.o(.text) for _printf_int_dec
    mpu6050.o(.text) refers to fflt_clz.o(x$fpl$fflt) for __aeabi_i2f
    mpu6050.o(.text) refers to fmul.o(x$fpl$fmul) for __aeabi_fmul
    mpu6050.o(.text) refers to faddsub_clz.o(x$fpl$fadd) for __aeabi_fadd
    mpu6050.o(.text) refers to frleqf.o(x$fpl$frleqf) for __aeabi_cfrcmple
    mpu6050.o(.text) refers to faddsub_clz.o(x$fpl$fsub) for __aeabi_fsub
    mpu6050.o(.text) refers to fleqf.o(x$fpl$fleqf) for __aeabi_cfcmple
    mpu6050.o(.text) refers to ioi2c.o(.text) for IIC_Read_nByte
    mpu6050.o(.text) refers to mpu6050.o(.data) for MPU6050_ACC_LAST
    mpu6050.o(.text) refers to mpu6050.o(.bss) for AccFinal
    mpu6050.o(.text) refers to sys.o(.text) for delay_ms
    mpu6050.o(.text) refers to noretval__2printf.o(.text) for __2printf
    sys.o(.text) refers to misc.o(.text) for SysTick_CLKSourceConfig
    sys.o(.text) refers to stm32f10x_it.o(.data) for nTime
    ioi2c.o(.text) refers to stm32f10x_rcc.o(.text) for RCC_APB2PeriphClockCmd
    ioi2c.o(.text) refers to stm32f10x_gpio.o(.text) for GPIO_Init
    oled.o(.text) refers to stm32f10x_gpio.o(.text) for GPIO_ResetBits
    oled.o(.text) refers to stm32f10x_rcc.o(.text) for RCC_APB2PeriphClockCmd
    stm32f10x_gpio.o(.text) refers to stm32f10x_rcc.o(.text) for RCC_APB2PeriphResetCmd
    stm32f10x_rcc.o(.text) refers to stm32f10x_rcc.o(.data) for APBAHBPrescTable
    stm32f10x_usart.o(.text) refers to stm32f10x_rcc.o(.text) for RCC_APB2PeriphResetCmd
    stm32f10x_tim.o(.text) refers to stm32f10x_rcc.o(.text) for RCC_APB2PeriphResetCmd
    pid.o(.text) refers to fflt_clz.o(x$fpl$fflt) for __aeabi_i2f
    pid.o(.text) refers to faddsub_clz.o(x$fpl$fsub) for __aeabi_fsub
    pid.o(.text) refers to ffix.o(x$fpl$ffix) for __aeabi_f2iz
    pid.o(.text) refers to fdiv.o(x$fpl$fdiv) for __aeabi_fdiv
    pid.o(.text) refers to pid.o(.data) for last_error
    __2printf.o(.text) refers to _printf_char_file.o(.text) for _printf_char_file
    __2printf.o(.text) refers to stdio_streams.o(.bss) for __stdout
[...]
    ../clib/signal.c                         0x00000000   Number         0  defsig_rtred_formal.o ABSOLUTE
    ../clib/signal.c                         0x00000000   Number         0  defsig_rtred_outer.o ABSOLUTE
    ../clib/signal.s                         0x00000000   Number         0  defsig.o ABSOLUTE
    ../clib/stdio.c                          0x00000000   Number         0  ftell.o ABSOLUTE
    ../clib/stdio.c                          0x00000000   Number         0  stdio.o ABSOLUTE
    ../clib/stdio.c                          0x00000000   Number         0  fseek.o ABSOLUTE
    ../clib/stdio.c                          0x00000000   Number         0  stdio_streams.o ABSOLUTE
    ../clib/stdio.c                          0x00000000   Number         0  fopen_locked.o ABSOLUTE
    ../clib/stdio.c                          0x00000000   Number         0  setvbuf_locked.o ABSOLUTE
    ../clib/stdio.c                          0x00000000   Number         0  fclose.o ABSOLUTE
    ../clib/stdio.c                          0x00000000   Number         0  fopen.o ABSOLUTE
    ../clib/stdio.c                          0x00000000   Number         0  streamlock.o ABSOLUTE
    ../clib/stdio.c                          0x00000000   Number         0  setvbuf.o ABSOLUTE
    ../clib/stdio.c                          0x00000000   Number         0  ferror.o ABSOLUTE
    ../clib/stdio.c                          0x00000000   Number         0  initio.o ABSOLUTE
    ../clib/stdio.c                          0x00000000   Number         0  ferror_locked.o ABSOLUTE
    ../clib/stdio.c                          0x00000000   Number         0  initio_locked.o ABSOLUTE
    ../clib/stdlib.c                         0x00000000   Number         0  exit.o ABSOLUTE
    ../clib/string.c                         0x00000000   Number         0  strlen.o ABSOLUTE
    ../fplib/faddsub.s                       0x00000000   Number         0  faddsub_clz.o ABSOLUTE
    ../fplib/fcmpi.s                         0x00000000   Number         0  fcmpi.o ABSOLUTE
    ../fplib/fdiv.s                          0x00000000   Number         0  fdiv.o ABSOLUTE
    ../fplib/ffix.s                          0x00000000   Number         0  ffix.o ABSOLUTE
    ../fplib/fflt.s                          0x00000000   Number         0  fflt_clz.o ABSOLUTE
    ../fplib/fleqf.s                         0x00000000   Number         0  fleqf.o ABSOLUTE
    ../fplib/fmul.s                          0x00000000   Number         0  fmul.o ABSOLUTE
    ../fplib/fnaninf.s                       0x00000000   Number         0  fnaninf.o ABSOLUTE
    ../fplib/fpinit.s                        0x00000000   Number         0  fpinit.o ABSOLUTE
    ../fplib/fretinf.s                       0x00000000   Number         0  fretinf.o ABSOLUTE
    ../fplib/frleqf.s                        0x00000000   Number         0  frleqf.o ABSOLUTE
    ../fplib/usenofp.s                       0x00000000   Number         0  usenofp.o ABSOLUTE
    ..\APP\src\PID.c                         0x00000000   Number         0  pid.o ABSOLUTE
    ..\APP\src\main.c                        0x00000000   Number         0  main.o ABSOLUTE
    ..\APP\src\stm32f10x_it.c                0x00000000   Number         0  stm32f10x_it.o ABSOLUTE
    ..\Hardware\src\OLED.c                   0x00000000   Number         0  oled.o ABSOLUTE
    ..\Hardware\src\gpio.c                   0x00000000   Number         0  gpio.o ABSOLUTE
    ..\Hardware\src\ioi2c.c                  0x00000000   Number         0  ioi2c.o ABSOLUTE
    ..\Hardware\src\mpu6050.c                0x00000000   Number         0  mpu6050.o ABSOLUTE
    ..\Hardware\src\rcc.c                    0x00000000   Number         0  rcc.o ABSOLUTE
    ..\Hardware\src\sys.c                    0x00000000   Number         0  sys.o ABSOLUTE
    ..\Hardware\src\tim.c                    0x00000000   Number         0  tim.o ABSOLUTE
    ..\Hardware\src\usart.c                  0x00000000   Number         0  usart.o ABSOLUTE
    ..\Library\src\misc.c                    0x00000000   Number         0  misc.o ABSOLUTE
    ..\Library\src\stm32f10x_flash.c         0x00000000   Number         0  stm32f10x_flash.o ABSOLUTE
    ..\Library\src\stm32f10x_gpio.c          0x00000000   Number         0  stm32f10x_gpio.o ABSOLUTE
    ..\Library\src\stm32f10x_rcc.c           0x00000000   Number         0  stm32f10x_rcc.o ABSOLUTE
    ..\Library\src\stm32f10x_tim.c           0x00000000   Number         0  stm32f10x_tim.o ABSOLUTE
    ..\Library\src\stm32f10x_usart.c         0x00000000   Number         0  stm32f10x_usart.o ABSOLUTE
    ..\\APP\\src\\main.c                     0x00000000   Number         0  main.o ABSOLUTE
    ..\\APP\\src\\stm32f10x_it.c             0x00000000   Number         0  stm32f10x_it.o ABSOLUTE
    ..\\Hardware\\src\\OLED.c                0x00000000   Number         0  oled.o ABSOLUTE
    ..\\Hardware\\src\\gpio.c                0x00000000   Number         0  gpio.o ABSOLUTE
    ..\\Hardware\\src\\ioi2c.c               0x00000000   Number         0  ioi2c.o ABSOLUTE
    ..\\Hardware\\src\\mpu6050.c             0x00000000   Number         0  mpu6050.o ABSOLUTE
    ..\\Hardware\\src\\rcc.c                 0x00000000   Number         0  rcc.o ABSOLUTE
    ..\\Hardware\\src\\sys.c                 0x00000000   Number         0  sys.o ABSOLUTE
    ..\\Hardware\\src\\tim.c                 0x00000000   Number         0  tim.o ABSOLUTE
    ..\\Hardware\\src\\usart.c               0x00000000   Number         0  usart.o ABSOLUTE
    ..\\Library\\src\\misc.c                 0x00000000   Number         0  misc.o ABSOLUTE
    ..\\Library\\src\\stm32f10x_flash.c      0x00000000   Number         0  stm32f10x_flash.o ABSOLUTE
    ..\\Library\\src\\stm32f10x_gpio.c       0x00000000   Number         0  stm32f10x_gpio.o ABSOLUTE
    ..\\Library\\src\\stm32f10x_rcc.c        0x00000000   Number         0  stm32f10x_rcc.o ABSOLUTE
    ..\\Library\\src\\stm32f10x_tim.c        0x00000000   Number         0  stm32f10x_tim.o ABSOLUTE
    ..\\Library\\src\\stm32f10x_usart.c      0x00000000   Number         0  stm32f10x_usart.o ABSOLUTE
    dc.s                                     0x00000000   Number         0  dc.o ABSOLUTE
    startup_stm32f10x_md.s                   0x00000000   Number         0  startup_stm32f10x_md.o ABSOLUTE
    RESET                                    0x20000000   Section      236  startup_stm32f10x_md.o(RESET)
    !!!main                                  0x200000ec   Section        8  __main.o(!!!main)
    !!!scatter                               0x200000f4   Section       52  __scatter.o(!!!scatter)
    !!handler_copy                           0x20000128   Section       26  __scatter_copy.o(!!handler_copy)
    !!handler_zi                             0x20000144   Section       28  __scatter_zi.o(!!handler_zi)
    .ARM.Collect$$_printf_percent$$00000000  0x20000160   Section        0  _printf_percent.o(.ARM.Collect$$_printf_percent$$00000000)
    .ARM.Collect$$_printf_percent$$00000009  0x20000160   Section        6  _printf_d.o(.ARM.Collect$$_printf_percent$$00000009)
    .ARM.Collect$$_printf_percent$$00000017  0x20000166   Section        4  _printf_percent_end.o(.ARM.Collect$$_printf_percent$$00000017)
    .ARM.Collect$$libinit$$00000000          0x2000016a   Section        2  libinit.o(.ARM.Collect$$libinit$$00000000)
    .ARM.Collect$$libinit$$00000002          0x2000016c   Section        0  libinit2.o(.ARM.Collect$$libinit$$00000002)
    .ARM.Collect$$libinit$$00000003          0x2000016c   Section        8  libinit2.o(.ARM.Collect$$libinit$$00000003)
    .ARM.Collect$$libinit$$00000008          0x20000174   Section        0  libinit2.o(.ARM.Collect$$libinit$$00000008)
    .ARM.Collect$$libinit$$0000000A          0x20000174   Section        0  libinit2.o(.ARM.Collect$$libinit$$0000000A)
    .ARM.Collect$$libinit$$0000000C          0x20000174   Section        0  libinit2.o(.ARM.Collect$$libinit$$0000000C)
    .ARM.Collect$$libinit$$0000000F          0x20000174   Section        0  libinit2.o(.ARM.Collect$$libinit$$0000000F)
    .ARM.Collect$$libinit$$00000011          0x20000174   Section        0  libinit2.o(.ARM.Collect$$libinit$$00000011)
    .ARM.Collect$$libinit$$00000013          0x20000174   Section        0  libinit2.o(.ARM.Collect$$libinit$$00000013)
    .ARM.Collect$$libinit$$00000015          0x20000174   Section        0  libinit2.o(.ARM.Collect$$libinit$$00000015)
    .ARM.Collect$$libinit$$00000017          0x20000174   Section        0  libinit2.o(.ARM.Collect$$libinit$$00000017)
    .ARM.Collect$$libinit$$00000019          0x20000174   Section        0  libinit2.o(.ARM.Collect$$libinit$$00000019)
    .ARM.Collect$$libinit$$0000001B          0x20000174   Section        0  libinit2.o(.ARM.Collect$$libinit$$0000001B)
    .ARM.Collect$$libinit$$0000001D          0x20000174   Section        0  libinit2.o(.ARM.Collect$$libinit$$0000001D)
    .ARM.Collect$$libinit$$0000001F          0x20000174   Section        0  libinit2.o(.ARM.Collect$$libinit$$0000001F)
    .ARM.Collect$$libinit$$00000021          0x20000174   Section        0  libinit2.o(.ARM.Collect$$libinit$$00000021)
    .ARM.Collect$$libinit$$00000022          0x20000174   Section        4  libinit2.o(.ARM.Collect$$libinit$$00000022)
    .ARM.Collect$$libinit$$00000023          0x20000178   Section        0  libinit2.o(.ARM.Collect$$libinit$$00000023)
    .ARM.Collect$$libinit$$0000002A          0x20000178   Section        0  libinit2.o(.ARM.Collect$$libinit$$0000002A)
    .ARM.Collect$$libinit$$0000002C          0x20000178   Section        0  libinit2.o(.ARM.Collect$$libinit$$0000002C)
    .ARM.Collect$$libinit$$0000002E          0x20000178   Section        0  libinit2.o(.ARM.Collect$$libinit$$0000002E)
    .ARM.Collect$$libinit$$00000030          0x20000178   Section        0  libinit2.o(.ARM.Collect$$libinit$$00000030)
    .ARM.Collect$$libinit$$00000031          0x20000178   Section        2  libinit2.o(.ARM.Collect$$libinit$$00000031)
    .ARM.Collect$$libshutdown$$00000000      0x2000017a   Section        2  libshutdown.o(.ARM.Collect$$libshutdown$$00000000)
    .ARM.Collect$$libshutdown$$00000002      0x2000017c   Section        4  libshutdown2.o(.ARM.Collect$$libshutdown$$00000002)
    .ARM.Collect$$libshutdown$$00000003      0x20000180   Section        0  libshutdown2.o(.ARM.Collect$$libshutdown$$00000003)
    .ARM.Collect$$libshutdown$$00000006      0x20000180   Section        0  libshutdown2.o(.ARM.Collect$$libshutdown$$00000006)
    .ARM.Collect$$libshutdown$$00000009      0x20000180   Section        0  libshutdown2.o(.ARM.Collect$$libshutdown$$00000009)
    .ARM.Collect$$libshutdown$$0000000B      0x20000180   Section        0  libshutdown2.o(.ARM.Collect$$libshutdown$$0000000B)
    .ARM.Collect$$libshutdown$$0000000E      0x20000180   Section        0  libshutdown2.o(.ARM.Collect$$libshutdown$$0000000E)
    .ARM.Collect$$libshutdown$$0000000F      0x20000180   Section        2  libshutdown2.o(.ARM.Collect$$libshutdown$$0000000F)
    .ARM.Collect$$rtentry$$00000000          0x20000182   Section        0  rtentry.o(.ARM.Collect$$rtentry$$00000000)
    .ARM.Collect$$rtentry$$00000002          0x20000182   Section        0  rtentry2.o(.ARM.Collect$$rtentry$$00000002)
    .ARM.Collect$$rtentry$$00000004          0x20000182   Section        6  rtentry4.o(.ARM.Collect$$rtentry$$00000004)
    .ARM.Collect$$rtentry$$00000009          0x20000188   Section        0  rtentry2.o(.ARM.Collect$$rtentry$$00000009)
    .ARM.Collect$$rtentry$$0000000A          0x20000188   Section        4  rtentry2.o(.ARM.Collect$$rtentry$$0000000A)
    .ARM.Collect$$rtentry$$0000000C          0x2000018c   Section        0  rtentry2.o(.ARM.Collect$$rtentry$$0000000C)
    .ARM.Collect$$rtentry$$0000000D          0x2000018c   Section        8  rtentry2.o(.ARM.Collect$$rtentry$$0000000D)
    .ARM.Collect$$rtexit$$00000000           0x20000194   Section        2  rtexit.o(.ARM.Collect$$rtexit$$00000000)
    .ARM.Collect$$rtexit$$00000002           0x20000196   Section        0  rtexit2.o(.ARM.Collect$$rtexit$$00000002)
    .ARM.Collect$$rtexit$$00000003           0x20000196   Section        4  rtexit2.o(.ARM.Collect$$rtexit$$00000003)
    .ARM.Collect$$rtexit$$00000004           0x2000019a   Section        6  rtexit2.o(.ARM.Collect$$rtexit$$00000004)
    .emb_text                                0x200001a0   Section        0  maybetermalloc1.o(.emb_text)
    .text                                    0x200001a0   Section       64  startup_stm32f10x_md.o(.text)
    .text                                    0x200001e0   Section        0  main.o(.text)
    .text                                    0x20000250   Section        0  stm32f10x_it.o(.text)
    .text                                    0x2000027c   Section        0  gpio.o(.text)
    .text                                    0x200002a0   Section        0  rcc.o(.text)
    .text                                    0x20000324   Section        0  usart.o(.text)
    .text                                    0x200003d4   Section        0  tim.o(.text)
    .text                                    0x200006d4   Section        0  mpu6050.o(.text)
    .text                                    0x20000ccc   Section        0  sys.o(.text)
    .text                                    0x20000d5c   Section        0  ioi2c.o(.text)
    IIC_Delay                                0x20000d5d   Thumb Code    20  ioi2c.o(.text)
    .text                                    0x200010a4   Section        0  oled.o(.text)
    .text                                    0x200012dc   Section        0  stm32f10x_flash.o(.text)
    delay                                    0x20001365   Thumb Code    26  stm32f10x_flash.o(.text)
    .text                                    0x20001808   Section        0  stm32f10x_gpio.o(.text)
    .text                                    0x20001b34   Section        0  stm32f10x_rcc.o(.text)
    .text                                    0x20001ed4   Section        0  stm32f10x_usart.o(.text)
    .text                                    0x20002244   Section        0  stm32f10x_tim.o(.text)
    TI4_Config                               0x20002563   Thumb Code    82  stm32f10x_tim.o(.text)
    TI3_Config                               0x200025c7   Thumb Code    72  stm32f10x_tim.o(.text)
    TI2_Config                               0x20002639   Thumb Code    80  stm32f10x_tim.o(.text)
    TI1_Config                               0x2000269b   Thumb Code    56  stm32f10x_tim.o(.text)
    .text                                    0x20002e0c   Section        0  misc.o(.text)
    .text                                    0x20002ee8   Section        0  noretval__2printf.o(.text)
    .text                                    0x20002f00   Section        0  __printf.o(.text)
    .text                                    0x20002f68   Section        0  _printf_dec.o(.text)
    .text                                    0x20002fe0   Section        0  heapauxi.o(.text)
    .text                                    0x20002fe6   Section        0  _printf_intcommon.o(.text)
    .text                                    0x200030a0   Section        0  _printf_char_file.o(.text)
    .text                                    0x200030c4   Section        0  _printf_char_common.o(.text)
    _printf_input_char                       0x200030c5   Thumb Code    10  _printf_char_common.o(.text)
    .text                                    0x200030f4   Section        0  ferror.o(.text)
    .text                                    0x200030fc   Section        0  initio.o(.text)
    .text                                    0x20003234   Section        0  sys_io.o(.text)
    .text                                    0x2000329a   Section       74  sys_stackheap_outer.o(.text)
    .text                                    0x200032e4   Section        0  h1_free.o(.text)
    .text                                    0x20003332   Section        0  setvbuf.o(.text)
    .text                                    0x20003378   Section        0  fopen.o(.text)
    _freopen_locked                          0x20003379   Thumb Code     0  fopen.o(.text)
    .text                                    0x20003464   Section        0  fclose.o(.text)
    .text                                    0x200034b0   Section        0  exit.o(.text)
    .text                                    0x200034bc   Section        0  defsig_rtred_outer.o(.text)
    .text                                    0x200034ca   Section       78  rt_memclr_w.o(.text)
    .text                                    0x20003518   Section        8  libspace.o(.text)
    .text                                    0x20003520   Section        2  use_no_semi.o(.text)
    .text                                    0x20003522   Section        0  indicate_semi.o(.text)
    .text                                    0x20003524   Section        8  rt_heap_descriptor_intlibspace.o(.text)
    .text                                    0x2000352c   Section        0  hguard.o(.text)
    .text                                    0x20003530   Section        0  init_alloc.o(.text)
    .text                                    0x200035ba   Section        0  h1_alloc.o(.text)
    .text                                    0x20003618   Section        0  fseek.o(.text)
    .text                                    0x20003710   Section        0  stdio.o(.text)
    .text                                    0x20003800   Section        0  defsig_exit.o(.text)
    .text                                    0x2000380c   Section        0  defsig_rtred_inner.o(.text)
    .text                                    0x20003840   Section        0  strlen.o(.text)
    .text                                    0x20003880   Section        0  sys_exit.o(.text)
    .text                                    0x2000388c   Section        0  h1_init.o(.text)
    .text                                    0x2000389a   Section        0  h1_extend.o(.text)
    .text                                    0x200038ce   Section        0  ftell.o(.text)
    .text                                    0x20003914   Section        0  defsig_general.o(.text)
    .text                                    0x20003946   Section        0  defsig_rtmem_outer.o(.text)
    .text                                    0x20003954   Section        0  sys_wrch.o(.text)
    .text                                    0x20003964   Section        8  rt_errno_addr_intlibspace.o(.text)
    .text                                    0x2000396c   Section        0  defsig_rtmem_inner.o(.text)
    x$fpl$fadd                               0x200039bc   Section      196  faddsub_clz.o(x$fpl$fadd)
    _fadd1                                   0x200039cb   Thumb Code     0  faddsub_clz.o(x$fpl$fadd)
    x$fpl$fcmpinf                            0x20003a80   Section       24  fcmpi.o(x$fpl$fcmpinf)
    x$fpl$fflt                               0x20003a98   Section       48  fflt_clz.o(x$fpl$fflt)
    x$fpl$fleqf                              0x20003ac8   Section      104  fleqf.o(x$fpl$fleqf)
    x$fpl$fmul                               0x20003b30   Section      258  fmul.o(x$fpl$fmul)
    x$fpl$fnaninf                            0x20003c32   Section      140  fnaninf.o(x$fpl$fnaninf)
    x$fpl$fretinf                            0x20003cbe   Section       10  fretinf.o(x$fpl$fretinf)
    x$fpl$frleqf                             0x20003cc8   Section       98  frleqf.o(x$fpl$frleqf)
    x$fpl$fsub                               0x20003d2c   Section      234  faddsub_clz.o(x$fpl$fsub)
    _fsub1                                   0x20003d3b   Thumb Code     0  faddsub_clz.o(x$fpl$fsub)
    .constdata                               0x20003e16   Section        4  sys_io.o(.constdata)
    x$fpl$usenofp                            0x20003e16   Section        0  usenofp.o(x$fpl$usenofp)
    .constdata                               0x20003e1a   Section        4  sys_io.o(.constdata)
    .constdata                               0x20003e1e   Section        4  sys_io.o(.constdata)
    .data                                    0x20004000   Section        4  stm32f10x_it.o(.data)
    .data                                    0x20004004   Section       84  mpu6050.o(.data)
    filter_cnt                               0x20004018   Data           1  mpu6050.o(.data)
    tempgx                                   0x2000401c   Data           4  mpu6050.o(.data)
    tempgy                                   0x20004020   Data           4  mpu6050.o(.data)
    tempgz                                   0x20004024   Data           4  mpu6050.o(.data)
    cnt_g                                    0x20004028   Data           1  mpu6050.o(.data)
    tempax                                   0x2000402c   Data           4  mpu6050.o(.data)
    tempay                                   0x20004030   Data           4  mpu6050.o(.data)
    tempaz                                   0x20004034   Data           4  mpu6050.o(.data)
    cnt_a                                    0x20004038   Data           1  mpu6050.o(.data)
    .data                                    0x20004058   Section       20  stm32f10x_rcc.o(.data)
    APBAHBPrescTable                         0x20004058   Data          16  stm32f10x_rcc.o(.data)
    ADCPrescTable                            0x20004068   Data           4  stm32f10x_rcc.o(.data)
    .data                                    0x2000406c   Section        4  stdio_streams.o(.data)
    .data                                    0x20004070   Section        4  stdio_streams.o(.data)
    .data                                    0x20004074   Section        4  stdio_streams.o(.data)
    .bss                                     0x20004078   Section       72  mpu6050.o(.bss)
    .bss                                     0x200040c0   Section       84  stdio_streams.o(.bss)
    .bss                                     0x20004114   Section       84  stdio_streams.o(.bss)
    .bss                                     0x20004168   Section       84  stdio_streams.o(.bss)
    .bss                                     0x200041bc   Section       96  libspace.o(.bss)
    HEAP                                     0x20004220   Section      512  startup_stm32f10x_md.o(HEAP)
    Heap_Mem                                 0x20004220   Data         512  startup_stm32f10x_md.o(HEAP)
    STACK                                    0x20004420   Section     1024  startup_stm32f10x_md.o(STACK)
    Stack_Mem                                0x20004420   Data        1024  startup_stm32f10x_md.o(STACK)
    __initial_sp                             0x20004820   Data           0  startup_stm32f10x_md.o(STACK)

    Global Symbols

    Symbol Name                              Value     Ov Type        Size  Object(Section)

    BuildAttributes$$THM_ISAv4$P$D$K$B$S$PE$A:L22UL41UL21$X:L11$S22US41US21$IEEE1$IW$USESV6$~STKCKD$USESV7$~SHL$OTIME$ROPI$EBA8$UX$STANDARDLIB$REQ8$PRES8$EABIv2 0x00000000   Number         0  anon$$obj.o ABSOLUTE
    __ARM_use_no_argv                        0x00000000   Number         0  main.o ABSOLUTE
    __ARM_exceptions_init                     - Undefined Weak Reference
    __alloca_initialize                       - Undefined Weak Reference
    __cpp_initialize__aeabi_                  - Undefined Weak Reference
    __cxa_finalize                            - Undefined Weak Reference
    __rt_locale                               - Undefined Weak Reference
    __sigvec_lookup                           - Undefined Weak Reference
    __user_heap_extent                        - Undefined Weak Reference
    _atexit_init                              - Undefined Weak Reference
    _call_atexit_fns                          - Undefined Weak Reference
    _clock_init                               - Undefined Weak Reference
    _fp_trap_init                             - Undefined Weak Reference
    _fp_trap_shutdown                         - Undefined Weak Reference
    _get_lc_collate                           - Undefined Weak Reference
    _get_lc_ctype                             - Undefined Weak Reference
    _get_lc_monetary                          - Undefined Weak Reference
    _get_lc_numeric                           - Undefined Weak Reference
    _get_lc_time                              - Undefined Weak Reference
    _getenv_init                              - Undefined Weak Reference
    _handle_redirection                       - Undefined Weak Reference
    _mutex_acquire                            - Undefined Weak Reference
    _mutex_free                               - Undefined Weak Reference
    _mutex_release                            - Undefined Weak Reference
    _printf_post_padding                      - Undefined Weak Reference
    _printf_pre_padding                       - Undefined Weak Reference
    _printf_truncate_signed                   - Undefined Weak Reference
    _printf_truncate_unsigned                 - Undefined Weak Reference
    _rand_init                                - Undefined Weak Reference
    _signal_finish                            - Undefined Weak Reference
    _signal_init                              - Undefined Weak Reference
    __Vectors_Size                           0x000000ec   Number         0  startup_stm32f10x_md.o ABSOLUTE
    __Vectors                                0x20000000   Data           4  startup_stm32f10x_md.o(RESET)
    __Vectors_End                            0x200000ec   Data           0  startup_stm32f10x_md.o(RESET)
    __main                                   0x200000ed   Thumb Code     8  __main.o(!!!main)
    __scatterload                            0x200000f5   Thumb Code     0  __scatter.o(!!!scatter)
    __scatterload_rt2                        0x200000f5   Thumb Code    44  __scatter.o(!!!scatter)
    __scatterload_rt2_thumb_only             0x200000f5   Thumb Code     0  __scatter.o(!!!scatter)
    __scatterload_null                       0x20000103   Thumb Code     0  __scatter.o(!!!scatter)
    __scatterload_copy                       0x20000129   Thumb Code    26  __scatter_copy.o(!!handler_copy)
    __scatterload_zeroinit                   0x20000145   Thumb Code    28  __scatter_zi.o(!!handler_zi)
    _printf_d                                0x20000161   Thumb Code     0  _printf_d.o(.ARM.Collect$$_printf_percent$$00000009)
    _printf_percent                          0x20000161   Thumb Code     0  _printf_percent.o(.ARM.Collect$$_printf_percent$$00000000)
    _printf_percent_end                      0x20000167   Thumb Code     0  _printf_percent_end.o(.ARM.Collect$$_printf_percent$$00000017)
    __rt_lib_init                            0x2000016b   Thumb Code     0  libinit.o(.ARM.Collect$$libinit$$00000000)
    __rt_lib_init_fp_1                       0x2000016d   Thumb Code     0  libinit2.o(.ARM.Collect$$libinit$$00000002)
    __rt_lib_init_heap_2                     0x2000016d   Thumb Code     0  libinit2.o(.ARM.Collect$$libinit$$00000003)
    __rt_lib_init_atexit_1                   0x20000175   Thumb Code     0  libinit2.o(.ARM.Collect$$libinit$$00000019)
    __rt_lib_init_clock_1                    0x20000175   Thumb Code     0  libinit2.o(.ARM.Collect$$libinit$$0000001F)
    __rt_lib_init_fp_trap_1                  0x20000175   Thumb Code     0  libinit2.o(.ARM.Collect$$libinit$$0000001D)
    __rt_lib_init_getenv_1                   0x20000175   Thumb Code     0  libinit2.o(.ARM.Collect$$libinit$$00000021)
    __rt_lib_init_heap_1                     0x20000175   Thumb Code     0  libinit2.o(.ARM.Collect$$libinit$$00000008)
    __rt_lib_init_lc_collate_1               0x20000175   Thumb Code     0  libinit2.o(.ARM.Collect$$libinit$$0000000F)
    __rt_lib_init_lc_ctype_1                 0x20000175   Thumb Code     0  libinit2.o(.ARM.Collect$$libinit$$00000011)
    __rt_lib_init_lc_monetary_1              0x20000175   Thumb Code     0  libinit2.o(.ARM.Collect$$libinit$$00000013)
    __rt_lib_init_lc_numeric_1               0x20000175   Thumb Code     0  libinit2.o(.ARM.Collect$$libinit$$00000015)
    __rt_lib_init_lc_time_1                  0x20000175   Thumb Code     0  libinit2.o(.ARM.Collect$$libinit$$00000017)
    __rt_lib_init_rand_1                     0x20000175   Thumb Code     0  libinit2.o(.ARM.Collect$$libinit$$0000000C)
    __rt_lib_init_signal_1                   0x20000175   Thumb Code     0  libinit2.o(.ARM.Collect$$libinit$$0000001B)
    __rt_lib_init_stdio_2                    0x20000175   Thumb Code     0  libinit2.o(.ARM.Collect$$libinit$$00000022)
    __rt_lib_init_user_alloc_1               0x20000175   Thumb Code     0  libinit2.o(.ARM.Collect$$libinit$$0000000A)
    __rt_lib_init_alloca_1                   0x20000179   Thumb Code     0  libinit2.o(.ARM.Collect$$libinit$$0000002C)
    __rt_lib_init_argv_1                     0x20000179   Thumb Code     0  libinit2.o(.ARM.Collect$$libinit$$0000002A)
    __rt_lib_init_cpp_1                      0x20000179   Thumb Code     0  libinit2.o(.ARM.Collect$$libinit$$00000030)
    __rt_lib_init_exceptions_1               0x20000179   Thumb Code     0  libinit2.o(.ARM.Collect$$libinit$$0000002E)
    __rt_lib_init_return                     0x20000179   Thumb Code     0  libinit2.o(.ARM.Collect$$libinit$$00000031)
    __rt_lib_init_stdio_1                    0x20000179   Thumb Code     0  libinit2.o(.ARM.Collect$$libinit$$00000023)
    __rt_lib_shutdown                        0x2000017b   Thumb Code     0  libshutdown.o(.ARM.Collect$$libshutdown$$00000000)
    __rt_lib_shutdown_stdio_2                0x2000017d   Thumb Code     0  libshutdown2.o(.ARM.Collect$$libshutdown$$00000002)
    __rt_lib_shutdown_fp_trap_1              0x20000181   Thumb Code     0  libshutdown2.o(.ARM.Collect$$libshutdown$$00000006)
    __rt_lib_shutdown_heap_1                 0x20000181   Thumb Code     0  libshutdown2.o(.ARM.Collect$$libshutdown$$0000000E)
    __rt_lib_shutdown_return                 0x20000181   Thumb Code     0  libshutdown2.o(.ARM.Collect$$libshutdown$$0000000F)
    __rt_lib_shutdown_signal_1               0x20000181   Thumb Code     0  libshutdown2.o(.ARM.Collect$$libshutdown$$00000009)
    __rt_lib_shutdown_stdio_1                0x20000181   Thumb Code     0  libshutdown2.o(.ARM.Collect$$libshutdown$$00000003)
    __rt_lib_shutdown_user_alloc_1           0x20000181   Thumb Code     0  libshutdown2.o(.ARM.Collect$$libshutdown$$0000000B)
    __rt_entry                               0x20000183   Thumb Code     0  rtentry.o(.ARM.Collect$$rtentry$$00000000)
    __rt_entry_presh_1                       0x20000183   Thumb Code     0  rtentry2.o(.ARM.Collect$$rtentry$$00000002)
    __rt_entry_sh                            0x20000183   Thumb Code     0  rtentry4.o(.ARM.Collect$$rtentry$$00000004)
    __rt_entry_li                            0x20000189   Thumb Code     0  rtentry2.o(.ARM.Collect$$rtentry$$0000000A)
    __rt_entry_postsh_1                      0x20000189   Thumb Code     0  rtentry2.o(.ARM.Collect$$rtentry$$00000009)
    __rt_entry_main                          0x2000018d   Thumb Code     0  rtentry2.o(.ARM.Collect$$rtentry$$0000000D)
    __rt_entry_postli_1                      0x2000018d   Thumb Code     0  rtentry2.o(.ARM.Collect$$rtentry$$0000000C)
    __rt_exit                                0x20000195   Thumb Code     0  rtexit.o(.ARM.Collect$$rtexit$$00000000)
    __rt_exit_ls                             0x20000197   Thumb Code     0  rtexit2.o(.ARM.Collect$$rtexit$$00000003)
    __rt_exit_prels_1                        0x20000197   Thumb Code     0  rtexit2.o(.ARM.Collect$$rtexit$$00000002)
    __rt_exit_exit                           0x2000019b   Thumb Code     0  rtexit2.o(.ARM.Collect$$rtexit$$00000004)
    Reset_Handler                            0x200001a1   Thumb Code     8  startup_stm32f10x_md.o(.text)
    _maybe_terminate_alloc                   0x200001a1   Thumb Code     0  maybetermalloc1.o(.emb_text)
    ADC1_2_IRQHandler                        0x200001bb   Thumb Code     0  startup_stm32f10x_md.o(.text)
    CAN1_RX1_IRQHandler                      0x200001bb   Thumb Code     0  startup_stm32f10x_md.o(.text)
    CAN1_SCE_IRQHandler                      0x200001bb   Thumb Code     0  startup_stm32f10x_md.o(.text)
    DMA1_Channel1_IRQHandler                 0x200001bb   Thumb Code     0  startup_stm32f10x_md.o(.text)
    DMA1_Channel2_IRQHandler                 0x200001bb   Thumb Code     0  startup_stm32f10x_md.o(.text)
    DMA1_Channel3_IRQHandler                 0x200001bb   Thumb Code     0  startup_stm32f10x_md.o(.text)
    DMA1_Channel4_IRQHandler                 0x200001bb   Thumb Code     0  startup_stm32f10x_md.o(.text)
    DMA1_Channel5_IRQHandler                 0x200001bb   Thumb Code     0  startup_stm32f10x_md.o(.text)
    DMA1_Channel6_IRQHandler                 0x200001bb   Thumb Code     0  startup_stm32f10x_md.o(.text)
    DMA1_Channel7_IRQHandler                 0x200001bb   Thumb Code     0  startup_stm32f10x_md.o(.text)
    EXTI0_IRQHandler                         0x200001bb   Thumb Code     0  startup_stm32f10x_md.o(.text)
    EXTI15_10_IRQHandler                     0x200001bb   Thumb Code     0  startup_stm32f10x_md.o(.text)
    EXTI1_IRQHandler                         0x200001bb   Thumb Code     0  startup_stm32f10x_md.o(.text)
    EXTI2_IRQHandler                         0x200001bb   Thumb Code     0  startup_stm32f10x_md.o(.text)
    EXTI3_IRQHandler                         0x200001bb   Thumb Code     0  startup_stm32f10x_md.o(.text)
    EXTI4_IRQHandler                         0x200001bb   Thumb Code     0  startup_stm32f10x_md.o(.text)
    EXTI9_5_IRQHandler                       0x200001bb   Thumb Code     0  startup_stm32f10x_md.o(.text)
    FLASH_IRQHandler                         0x200001bb   Thumb Code     0  startup_stm32f10x_md.o(.text)
    I2C1_ER_IRQHandler                       0x200001bb   Thumb Code     0  startup_stm32f10x_md.o(.text)
    I2C1_EV_IRQHandler                       0x200001bb   Thumb Code     0  startup_stm32f10x_md.o(.text)
    I2C2_ER_IRQHandler                       0x200001bb   Thumb Code     0  startup_stm32f10x_md.o(.text)
    I2C2_EV_IRQHandler                       0x200001bb   Thumb Code     0  startup_stm32f10x_md.o(.text)
    PVD_IRQHandler                           0x200001bb   Thumb Code     0  startup_stm32f10x_md.o(.text)
    RCC_IRQHandler                           0x200001bb   Thumb Code     0  startup_stm32f10x_md.o(.text)
    RTCAlarm_IRQHandler                      0x200001bb   Thumb Code     0  startup_stm32f10x_md.o(.text)
    RTC_IRQHandler                           0x200001bb   Thumb Code     0  startup_stm32f10x_md.o(.text)
    SPI1_IRQHandler                          0x200001bb   Thumb Code     0  startup_stm32f10x_md.o(.text)
    SPI2_IRQHandler                          0x200001bb   Thumb Code     0  startup_stm32f10x_md.o(.text)
    TAMPER_IRQHandler                        0x200001bb   Thumb Code     0  startup_stm32f10x_md.o(.text)
    TIM1_BRK_IRQHandler                      0x200001bb   Thumb Code     0  startup_stm32f10x_md.o(.text)
    TIM1_CC_IRQHandler                       0x200001bb   Thumb Code     0  startup_stm32f10x_md.o(.text)
    TIM1_TRG_COM_IRQHandler                  0x200001bb   Thumb Code     0  startup_stm32f10x_md.o(.text)
    TIM1_UP_IRQHandler                       0x200001bb   Thumb Code     0  startup_stm32f10x_md.o(.text)
    TIM2_IRQHandler                          0x200001bb   Thumb Code     0  startup_stm32f10x_md.o(.text)
    TIM3_IRQHandler                          0x200001bb   Thumb Code     0  startup_stm32f10x_md.o(.text)
    TIM4_IRQHandler                          0x200001bb   Thumb Code     0  startup_stm32f10x_md.o(.text)
    USART2_IRQHandler                        0x200001bb   Thumb Code     0  startup_stm32f10x_md.o(.text)
    USART3_IRQHandler                        0x200001bb   Thumb Code     0  startup_stm32f10x_md.o(.text)
    USBWakeUp_IRQHandler                     0x200001bb   Thumb Code     0  startup_stm32f10x_md.o(.text)
    USB_HP_CAN1_TX_IRQHandler                0x200001bb   Thumb Code     0  startup_stm32f10x_md.o(.text)
    USB_LP_CAN1_RX0_IRQHandler               0x200001bb   Thumb Code     0  startup_stm32f10x_md.o(.text)
    WWDG_IRQHandler                          0x200001bb   Thumb Code     0  startup_stm32f10x_md.o(.text)
    __user_initial_stackheap                 0x200001bd   Thumb Code     0  startup_stm32f10x_md.o(.text)
    main                                     0x200001e1   Thumb Code    94  main.o(.text)
    SystemInit                               0x2000023f   Thumb Code     2  main.o(.text)
    NMI_Handler                              0x20000251   Thumb Code     2  stm32f10x_it.o(.text)
    USART1_IRQHandler                        0x20000253   Thumb Code     4  stm32f10x_it.o(.text)
    HardFault_Handler                        0x20000257   Thumb Code     4  stm32f10x_it.o(.text)
    MemManage_Handler                        0x2000025b   Thumb Code     4  stm32f10x_it.o(.text)
    BusFault_Handler                         0x2000025f   Thumb Code     4  stm32f10x_it.o(.text)
    UsageFault_Handler                       0x20000263   Thumb Code     4  stm32f10x_it.o(.text)
    SVC_Handler                              0x20000267   Thumb Code     2  stm32f10x_it.o(.text)
    DebugMon_Handler                         0x20000269   Thumb Code     2  stm32f10x_it.o(.text)
    PendSV_Handler                           0x2000026b   Thumb Code     2  stm32f10x_it.o(.text)
    SysTick_Handler                          0x2000026d   Thumb Code    12  stm32f10x_it.o(.text)
    GPIO_Config                              0x2000027d   Thumb Code    32  gpio.o(.text)
    RCC_Config                               0x200002a1   Thumb Code   132  rcc.o(.text)
    USART_Config                             0x20000325   Thumb Code   134  usart.o(.text)
    fputc                                    0x200003ab   Thumb Code    32  usart.o(.text)
    tim2_config                              0x200003d5   Thumb Code   186  tim.o(.text)
    tim3_config                              0x2000048f   Thumb Code   246  tim.o(.text)
    tim4_config                              0x20000585   Thumb Code   176  tim.o(.text)
    PWM_OUT_Config                           0x20000635   Thumb Code   142  tim.o(.text)
    MPU6050_DataPrepare                      0x200006d5   Thumb Code   460  mpu6050.o(.text)
    MPU6050_Dataanl                          0x200008a1   Thumb Code   488  mpu6050.o(.text)
    MPU6050_Read                             0x20000a89   Thumb Code    16  mpu6050.o(.text)
    IICwriteBit                              0x20000a99   Thumb Code   190  mpu6050.o(.text)
    IICwriteBits                             0x20000b57   Thumb Code   102  mpu6050.o(.text)
    MPU6050_setClockSource                   0x20000bbd   Thumb Code    20  mpu6050.o(.text)
    MPU6050_setFullScaleGyroRange            0x20000bd1   Thumb Code    20  mpu6050.o(.text)
    MPU6050_setFullScaleAccelRange           0x20000be5   Thumb Code    20  mpu6050.o(.text)
    MPU6050_setSleepEnabled                  0x20000bf9   Thumb Code    18  mpu6050.o(.text)
    MPU6050_setI2CMasterModeEnabled          0x20000c0b   Thumb Code    18  mpu6050.o(.text)
    MPU6050_setI2CBypassEnabled              0x20000c1d   Thumb Code    18  mpu6050.o(.text)
    MPU6050_setDLPF                          0x20000c2f   Thumb Code    20  mpu6050.o(.text)
    MPU6050_Init                             0x20000c43   Thumb Code   122  mpu6050.o(.text)
    NVIC_Configuration                       0x20000ccd   Thumb Code     2  sys.o(.text)
    Delay_Config                             0x20000ccf   Thumb Code    82  sys.o(.text)
    delay_ms                                 0x20000d21   Thumb Code    48  sys.o(.text)
    IIC_Init                                 0x20000d71   Thumb Code    52  ioi2c.o(.text)
    IIC_Start                                0x20000da5   Thumb Code    48  ioi2c.o(.text)
    IIC_Stop                                 0x20000dd5   Thumb Code    48  ioi2c.o(.text)
    IIC_Wait_Ack                             0x20000e05   Thumb Code    74  ioi2c.o(.text)
    IIC_Ack                                  0x20000e4f   Thumb Code    48  ioi2c.o(.text)
    IIC_NAck                                 0x20000e7f   Thumb Code    48  ioi2c.o(.text)
    IIC_Send_Byte                            0x20000eaf   Thumb Code    60  ioi2c.o(.text)
    IIC_Read_Byte                            0x20000eeb   Thumb Code    84  ioi2c.o(.text)
    IIC_Write_1Byte                          0x20000f3f   Thumb Code    62  ioi2c.o(.text)
    IIC_Read_1Byte                           0x20000f7d   Thumb Code    80  ioi2c.o(.text)
    IIC_Write_nByte                          0x20000fcd   Thumb Code    82  ioi2c.o(.text)
    IIC_Read_nByte                           0x2000101f   Thumb Code   112  ioi2c.o(.text)
    OLED_Delay                               0x200010a5   Thumb Code    12  oled.o(.text)
    Write_SPI_Command                        0x200010b1   Thumb Code    86  oled.o(.text)
    OLED_Initial                             0x20001107   Thumb Code   280  oled.o(.text)
    Write_SPI_Data                           0x2000121f   Thumb Code    86  oled.o(.text)
    LED_SetPos                               0x20001275   Thumb Code    36  oled.o(.text)
    OLED_Fill_ALL                            0x20001299   Thumb Code    58  oled.o(.text)
    FLASH_SetLatency                         0x200012dd   Thumb Code    18  stm32f10x_flash.o(.text)
    FLASH_HalfCycleAccessCmd                 0x200012ef   Thumb Code    22  stm32f10x_flash.o(.text)
    FLASH_PrefetchBufferCmd                  0x20001305   Thumb Code    22  stm32f10x_flash.o(.text)
    FLASH_Unlock                             0x2000131b   Thumb Code    12  stm32f10x_flash.o(.text)
    FLASH_Lock                               0x20001327   Thumb Code    14  stm32f10x_flash.o(.text)
    FLASH_GetStatus                          0x20001335   Thumb Code    48  stm32f10x_flash.o(.text)
    FLASH_WaitForLastOperation               0x2000137f   Thumb Code    42  stm32f10x_flash.o(.text)
    FLASH_ErasePage                          0x200013a9   Thumb Code    76  stm32f10x_flash.o(.text)
    FLASH_EraseAllPages                      0x200013f5   Thumb Code    72  stm32f10x_flash.o(.text)
    FLASH_EraseOptionBytes                   0x2000143d   Thumb Code   142  stm32f10x_flash.o(.text)
    FLASH_ProgramWord                        0x200014cb   Thumb Code   100  stm32f10x_flash.o(.text)
    FLASH_ProgramHalfWord                    0x2000152f   Thumb Code    64  stm32f10x_flash.o(.text)
    FLASH_ProgramOptionByteData              0x2000156f   Thumb Code    72  stm32f10x_flash.o(.text)
    FLASH_EnableWriteProtection              0x200015b7   Thumb Code   182  stm32f10x_flash.o(.text)
    FLASH_ReadOutProtection                  0x2000166d   Thumb Code   174  stm32f10x_flash.o(.text)
    FLASH_UserOptionByteConfig               0x2000171b   Thumb Code    94  stm32f10x_flash.o(.text)
    FLASH_GetUserOptionByte                  0x20001779   Thumb Code     8  stm32f10x_flash.o(.text)
    FLASH_GetWriteProtectionOptionByte       0x20001781   Thumb Code     6  stm32f10x_flash.o(.text)
    FLASH_GetReadOutProtectionStatus         0x20001787   Thumb Code    20  stm32f10x_flash.o(.text)
    FLASH_GetPrefetchBufferStatus            0x2000179b   Thumb Code    20  stm32f10x_flash.o(.text)
    FLASH_ITConfig                           0x200017af   Thumb Code    26  stm32f10x_flash.o(.text)
    FLASH_GetFlagStatus                      0x200017c9   Thumb Code    42  stm32f10x_flash.o(.text)
    FLASH_ClearFlag                          0x200017f3   Thumb Code     6  stm32f10x_flash.o(.text)
    GPIO_DeInit                              0x20001809   Thumb Code   188  stm32f10x_gpio.o(.text)
    GPIO_AFIODeInit                          0x200018c5   Thumb Code    20  stm32f10x_gpio.o(.text)
    GPIO_Init                                0x200018d9   Thumb Code   274  stm32f10x_gpio.o(.text)
    GPIO_StructInit                          0x200019eb   Thumb Code    16  stm32f10x_gpio.o(.text)
    GPIO_ReadInputDataBit                    0x200019fb   Thumb Code    18  stm32f10x_gpio.o(.text)
    GPIO_ReadInputData                       0x20001a0d   Thumb Code     8  stm32f10x_gpio.o(.text)
    GPIO_ReadOutputDataBit                   0x20001a15   Thumb Code    18  stm32f10x_gpio.o(.text)
    GPIO_ReadOutputData                      0x20001a27   Thumb Code     8  stm32f10x_gpio.o(.text)
    GPIO_SetBits                             0x20001a2f   Thumb Code     4  stm32f10x_gpio.o(.text)
    GPIO_ResetBits                           0x20001a33   Thumb Code     4  stm32f10x_gpio.o(.text)
    GPIO_WriteBit                            0x20001a37   Thumb Code    10  stm32f10x_gpio.o(.text)
    GPIO_Write                               0x20001a41   Thumb Code     4  stm32f10x_gpio.o(.text)
    GPIO_PinLockConfig                       0x20001a45   Thumb Code    18  stm32f10x_gpio.o(.text)
    GPIO_EventOutputConfig                   0x20001a57   Thumb Code    26  stm32f10x_gpio.o(.text)
    GPIO_EventOutputCmd                      0x20001a71   Thumb Code     6  stm32f10x_gpio.o(.text)
    GPIO_PinRemapConfig                      0x20001a77   Thumb Code   106  stm32f10x_gpio.o(.text)
    GPIO_EXTILineConfig                      0x20001ae1   Thumb Code    66  stm32f10x_gpio.o(.text)
    RCC_DeInit                               0x20001b35   Thumb Code    62  stm32f10x_rcc.o(.text)
    RCC_HSEConfig                            0x20001b73   Thumb Code    70  stm32f10x_rcc.o(.text)
    RCC_GetFlagStatus                        0x20001bb9   Thumb Code    56  stm32f10x_rcc.o(.text)
    RCC_WaitForHSEStartUp                    0x20001bf1   Thumb Code    54  stm32f10x_rcc.o(.text)
    RCC_AdjustHSICalibrationValue            0x20001c27   Thumb Code    20  stm32f10x_rcc.o(.text)
    RCC_HSICmd                               0x20001c3b   Thumb Code     6  stm32f10x_rcc.o(.text)
    RCC_PLLConfig                            0x20001c41   Thumb Code    24  stm32f10x_rcc.o(.text)
    RCC_PLLCmd                               0x20001c59   Thumb Code     6  stm32f10x_rcc.o(.text)
    RCC_SYSCLKConfig                         0x20001c5f   Thumb Code    18  stm32f10x_rcc.o(.text)
    RCC_GetSYSCLKSource                      0x20001c71   Thumb Code    10  stm32f10x_rcc.o(.text)
    RCC_HCLKConfig                           0x20001c7b   Thumb Code    18  stm32f10x_rcc.o(.text)
    RCC_PCLK1Config                          0x20001c8d   Thumb Code    18  stm32f10x_rcc.o(.text)
    RCC_PCLK2Config                          0x20001c9f   Thumb Code    20  stm32f10x_rcc.o(.text)
    RCC_ITConfig                             0x20001cb3   Thumb Code    26  stm32f10x_rcc.o(.text)
    RCC_USBCLKConfig                         0x20001ccd   Thumb Code     6  stm32f10x_rcc.o(.text)
    RCC_ADCCLKConfig                         0x20001cd3   Thumb Code    18  stm32f10x_rcc.o(.text)
    RCC_LSEConfig                            0x20001ce5   Thumb Code    44  stm32f10x_rcc.o(.text)
    RCC_LSICmd                               0x20001d11   Thumb Code     6  stm32f10x_rcc.o(.text)
    RCC_RTCCLKConfig                         0x20001d17   Thumb Code    12  stm32f10x_rcc.o(.text)
    RCC_RTCCLKCmd                            0x20001d23   Thumb Code     8  stm32f10x_rcc.o(.text)
    RCC_GetClocksFreq                        0x20001d2b   Thumb Code   192  stm32f10x_rcc.o(.text)
    RCC_AHBPeriphClockCmd                    0x20001deb   Thumb Code    26  stm32f10x_rcc.o(.text)
    RCC_APB2PeriphClockCmd                   0x20001e05   Thumb Code    26  stm32f10x_rcc.o(.text)
    RCC_APB1PeriphClockCmd                   0x20001e1f   Thumb Code    26  stm32f10x_rcc.o(.text)
    RCC_APB2PeriphResetCmd                   0x20001e39   Thumb Code    26  stm32f10x_rcc.o(.text)
    RCC_APB1PeriphResetCmd                   0x20001e53   Thumb Code    26  stm32f10x_rcc.o(.text)
    RCC_BackupResetCmd                       0x20001e6d   Thumb Code     8  stm32f10x_rcc.o(.text)
    RCC_ClockSecuritySystemCmd               0x20001e75   Thumb Code     6  stm32f10x_rcc.o(.text)
    RCC_MCOConfig                            0x20001e7b   Thumb Code     6  stm32f10x_rcc.o(.text)
    RCC_ClearFlag                            0x20001e81   Thumb Code    14  stm32f10x_rcc.o(.text)
    RCC_GetITStatus                          0x20001e8f   Thumb Code    20  stm32f10x_rcc.o(.text)
    RCC_ClearITPendingBit                    0x20001ea3   Thumb Code     6  stm32f10x_rcc.o(.text)
    USART_DeInit                             0x20001ed5   Thumb Code   146  stm32f10x_usart.o(.text)
    USART_Init                               0x20001f67   Thumb Code   150  stm32f10x_usart.o(.text)
    USART_StructInit                         0x20001ffd   Thumb Code    24  stm32f10x_usart.o(.text)
    USART_ClockInit                          0x20002015   Thumb Code    34  stm32f10x_usart.o(.text)
    USART_ClockStructInit                    0x20002037   Thumb Code    12  stm32f10x_usart.o(.text)
    USART_Cmd                                0x20002043   Thumb Code    24  stm32f10x_usart.o(.text)
    USART_ITConfig                           0x2000205b   Thumb Code    64  stm32f10x_usart.o(.text)
    USART_DMACmd                             0x2000209b   Thumb Code    18  stm32f10x_usart.o(.text)
    USART_SetAddress                         0x200020ad   Thumb Code    18  stm32f10x_usart.o(.text)
    USART_WakeUpConfig                       0x200020bf   Thumb Code    18  stm32f10x_usart.o(.text)
    USART_ReceiverWakeUpCmd                  0x200020d1   Thumb Code    24  stm32f10x_usart.o(.text)
    USART_LINBreakDetectLengthConfig         0x200020e9   Thumb Code    18  stm32f10x_usart.o(.text)
    USART_LINCmd                             0x200020fb   Thumb Code    24  stm32f10x_usart.o(.text)
    USART_SendData                           0x20002113   Thumb Code     8  stm32f10x_usart.o(.text)
    USART_ReceiveData                        0x2000211b   Thumb Code    10  stm32f10x_usart.o(.text)
    USART_SendBreak                          0x20002125   Thumb Code    10  stm32f10x_usart.o(.text)
    USART_SetGuardTime                       0x2000212f   Thumb Code    16  stm32f10x_usart.o(.text)
    USART_SetPrescaler                       0x2000213f   Thumb Code    16  stm32f10x_usart.o(.text)
    USART_SmartCardCmd                       0x2000214f   Thumb Code    24  stm32f10x_usart.o(.text)
    USART_SmartCardNACKCmd                   0x20002167   Thumb Code    24  stm32f10x_usart.o(.text)
    USART_HalfDuplexCmd                      0x2000217f   Thumb Code    24  stm32f10x_usart.o(.text)
    USART_IrDAConfig                         0x20002197   Thumb Code    18  stm32f10x_usart.o(.text)
    USART_IrDACmd                            0x200021a9   Thumb Code    24  stm32f10x_usart.o(.text)
    USART_GetFlagStatus                      0x200021c1   Thumb Code    18  stm32f10x_usart.o(.text)
    USART_ClearFlag                          0x200021d3   Thumb Code     6  stm32f10x_usart.o(.text)
    USART_GetITStatus                        0x200021d9   Thumb Code    76  stm32f10x_usart.o(.text)
    USART_ClearITPendingBit                  0x20002225   Thumb Code    20  stm32f10x_usart.o(.text)
    TIM_DeInit                               0x20002245   Thumb Code   214  stm32f10x_tim.o(.text)
    TIM_TimeBaseInit                         0x2000231b   Thumb Code    50  stm32f10x_tim.o(.text)
    TIM_OC1Init                              0x2000234d   Thumb Code   110  stm32f10x_tim.o(.text)
    TIM_OC2Init                              0x200023bb   Thumb Code   148  stm32f10x_tim.o(.text)
    TIM_OC3Init                              0x2000244f   Thumb Code   144  stm32f10x_tim.o(.text)
    TIM_OC4Init                              0x200024df   Thumb Code   106  stm32f10x_tim.o(.text)
    TIM_SetIC4Prescaler                      0x20002549   Thumb Code    26  stm32f10x_tim.o(.text)
    TIM_SetIC3Prescaler                      0x200025b5   Thumb Code    18  stm32f10x_tim.o(.text)
    TIM_SetIC2Prescaler                      0x2000260f   Thumb Code    42  stm32f10x_tim.o(.text)
    TIM_SetIC1Prescaler                      0x20002689   Thumb Code    18  stm32f10x_tim.o(.text)
    TIM_ICInit                               0x200026d3   Thumb Code   110  stm32f10x_tim.o(.text)
    TIM_PWMIConfig                           0x20002741   Thumb Code   124  stm32f10x_tim.o(.text)
    TIM_BDTRConfig                           0x200027bd   Thumb Code    32  stm32f10x_tim.o(.text)
    TIM_TimeBaseStructInit                   0x200027dd   Thumb Code    18  stm32f10x_tim.o(.text)
    TIM_OCStructInit                         0x200027ef   Thumb Code    20  stm32f10x_tim.o(.text)
    TIM_ICStructInit                         0x20002803   Thumb Code    18  stm32f10x_tim.o(.text)
    TIM_BDTRStructInit                       0x20002815   Thumb Code    18  stm32f10x_tim.o(.text)
    TIM_Cmd                                  0x20002827   Thumb Code    24  stm32f10x_tim.o(.text)
    TIM_CtrlPWMOutputs                       0x2000283f   Thumb Code    30  stm32f10x_tim.o(.text)
    TIM_ITConfig                             0x2000285d   Thumb Code    18  stm32f10x_tim.o(.text)
    TIM_GenerateEvent                        0x2000286f   Thumb Code     4  stm32f10x_tim.o(.text)
    TIM_DMAConfig                            0x20002873   Thumb Code    10  stm32f10x_tim.o(.text)
    TIM_DMACmd                               0x2000287d   Thumb Code    18  stm32f10x_tim.o(.text)
    TIM_InternalClockConfig                  0x2000288f   Thumb Code    12  stm32f10x_tim.o(.text)
    TIM_SelectInputTrigger                   0x2000289b   Thumb Code    18  stm32f10x_tim.o(.text)
    TIM_ITRxExternalClockConfig              0x200028ad   Thumb Code    24  stm32f10x_tim.o(.text)
    TIM_TIxExternalClockConfig               0x200028c5   Thumb Code    62  stm32f10x_tim.o(.text)
    TIM_ETRConfig                            0x20002903   Thumb Code    30  stm32f10x_tim.o(.text)
    TIM_ETRClockMode1Config                  0x20002921   Thumb Code    54  stm32f10x_tim.o(.text)
    TIM_ETRClockMode2Config                  0x20002957   Thumb Code    32  stm32f10x_tim.o(.text)
    TIM_PrescalerConfig                      0x20002977   Thumb Code     6  stm32f10x_tim.o(.text)
    TIM_CounterModeConfig                    0x2000297d   Thumb Code    18  stm32f10x_tim.o(.text)
    TIM_EncoderInterfaceConfig               0x2000298f   Thumb Code    66  stm32f10x_tim.o(.text)
    TIM_ForcedOC1Config                      0x200029d1   Thumb Code    18  stm32f10x_tim.o(.text)
    TIM_ForcedOC2Config                      0x200029e3   Thumb Code    26  stm32f10x_tim.o(.text)
    TIM_ForcedOC3Config                      0x200029fd   Thumb Code    18  stm32f10x_tim.o(.text)
    TIM_ForcedOC4Config                      0x20002a0f   Thumb Code    26  stm32f10x_tim.o(.text)
    TIM_ARRPreloadConfig                     0x20002a29   Thumb Code    24  stm32f10x_tim.o(.text)
    TIM_SelectCOM                            0x20002a41   Thumb Code    24  stm32f10x_tim.o(.text)
    TIM_SelectCCDMA                          0x20002a59   Thumb Code    24  stm32f10x_tim.o(.text)
    TIM_CCPreloadControl                     0x20002a71   Thumb Code    24  stm32f10x_tim.o(.text)
    TIM_OC1PreloadConfig                     0x20002a89   Thumb Code    18  stm32f10x_tim.o(.text)
    TIM_OC2PreloadConfig                     0x20002a9b   Thumb Code    26  stm32f10x_tim.o(.text)
    TIM_OC3PreloadConfig                     0x20002ab5   Thumb Code    18  stm32f10x_tim.o(.text)
    TIM_OC4PreloadConfig                     0x20002ac7   Thumb Code    26  stm32f10x_tim.o(.text)
    TIM_OC1FastConfig                        0x20002ae1   Thumb Code    18  stm32f10x_tim.o(.text)
    TIM_OC2FastConfig                        0x20002af3   Thumb Code    26  stm32f10x_tim.o(.text)
    TIM_OC3FastConfig                        0x20002b0d   Thumb Code    18  stm32f10x_tim.o(.text)
    TIM_OC4FastConfig                        0x20002b1f   Thumb Code    26  stm32f10x_tim.o(.text)
    TIM_ClearOC1Ref                          0x20002b39   Thumb Code    18  stm32f10x_tim.o(.text)
    TIM_ClearOC2Ref                          0x20002b4b   Thumb Code    24  stm32f10x_tim.o(.text)
    TIM_ClearOC3Ref                          0x20002b63   Thumb Code    18  stm32f10x_tim.o(.text)
    TIM_ClearOC4Ref                          0x20002b75   Thumb Code    24  stm32f10x_tim.o(.text)
    TIM_OC1PolarityConfig                    0x20002b8d   Thumb Code    18  stm32f10x_tim.o(.text)
    TIM_OC1NPolarityConfig                   0x20002b9f   Thumb Code    18  stm32f10x_tim.o(.text)
    TIM_OC2PolarityConfig                    0x20002bb1   Thumb Code    26  stm32f10x_tim.o(.text)
    TIM_OC2NPolarityConfig                   0x20002bcb   Thumb Code    26  stm32f10x_tim.o(.text)
    TIM_OC3PolarityConfig                    0x20002be5   Thumb Code    26  stm32f10x_tim.o(.text)
    TIM_OC3NPolarityConfig                   0x20002bff   Thumb Code    26  stm32f10x_tim.o(.text)
    TIM_OC4PolarityConfig                    0x20002c19   Thumb Code    26  stm32f10x_tim.o(.text)
    TIM_CCxCmd                               0x20002c33   Thumb Code    26  stm32f10x_tim.o(.text)
    TIM_CCxNCmd                              0x20002c4d   Thumb Code    26  stm32f10x_tim.o(.text)
    TIM_SelectOCxM                           0x20002c67   Thumb Code   134  stm32f10x_tim.o(.text)
    TIM_UpdateDisableConfig                  0x20002ced   Thumb Code    24  stm32f10x_tim.o(.text)
    TIM_UpdateRequestConfig                  0x20002d05   Thumb Code    24  stm32f10x_tim.o(.text)
    TIM_SelectHallSensor                     0x20002d1d   Thumb Code    24  stm32f10x_tim.o(.text)
    TIM_SelectOnePulseMode                   0x20002d35   Thumb Code    18  stm32f10x_tim.o(.text)
    TIM_SelectOutputTrigger                  0x20002d47   Thumb Code    18  stm32f10x_tim.o(.text)
    TIM_SelectSlaveMode                      0x20002d59   Thumb Code    18  stm32f10x_tim.o(.text)
    TIM_SelectMasterSlaveMode                0x20002d6b   Thumb Code    18  stm32f10x_tim.o(.text)
    TIM_SetCounter                           0x20002d7d   Thumb Code     4  stm32f10x_tim.o(.text)
    TIM_SetAutoreload                        0x20002d81   Thumb Code     4  stm32f10x_tim.o(.text)
    TIM_SetCompare1                          0x20002d85   Thumb Code     4  stm32f10x_tim.o(.text)
    TIM_SetCompare2                          0x20002d89   Thumb Code     4  stm32f10x_tim.o(.text)
    TIM_SetCompare3                          0x20002d8d   Thumb Code     4  stm32f10x_tim.o(.text)
    TIM_SetCompare4                          0x20002d91   Thumb Code     6  stm32f10x_tim.o(.text)
    TIM_SetClockDivision                     0x20002d97   Thumb Code    14  stm32f10x_tim.o(.text)
    TIM_GetCapture1                          0x20002da5   Thumb Code     6  stm32f10x_tim.o(.text)
    TIM_GetCapture2                          0x20002dab   Thumb Code     6  stm32f10x_tim.o(.text)
    TIM_GetCapture3                          0x20002db1   Thumb Code     6  stm32f10x_tim.o(.text)
    TIM_GetCapture4                          0x20002db7   Thumb Code     8  stm32f10x_tim.o(.text)
    TIM_GetCounter                           0x20002dbf   Thumb Code     6  stm32f10x_tim.o(.text)
    TIM_GetPrescaler                         0x20002dc5   Thumb Code     6  stm32f10x_tim.o(.text)
    TIM_GetFlagStatus                        0x20002dcb   Thumb Code    18  stm32f10x_tim.o(.text)
    TIM_ClearFlag                            0x20002ddd   Thumb Code     6  stm32f10x_tim.o(.text)
    TIM_GetITStatus                          0x20002de3   Thumb Code    34  stm32f10x_tim.o(.text)
    TIM_ClearITPendingBit                    0x20002e05   Thumb Code     6  stm32f10x_tim.o(.text)
    NVIC_PriorityGroupConfig                 0x20002e0d   Thumb Code    10  misc.o(.text)
    NVIC_Init                                0x20002e17   Thumb Code   102  misc.o(.text)
    NVIC_SetVectorTable                      0x20002e7d   Thumb Code    14  misc.o(.text)
    NVIC_SystemLPConfig                      0x20002e8b   Thumb Code    34  misc.o(.text)
    SysTick_CLKSourceConfig                  0x20002ead   Thumb Code    40  misc.o(.text)
    __2printf                                0x20002ee9   Thumb Code    20  noretval__2printf.o(.text)
    __printf                                 0x20002f01   Thumb Code   104  __printf.o(.text)
    _printf_int_dec                          0x20002f69   Thumb Code   102  _printf_dec.o(.text)
    __use_two_region_memory                  0x20002fe1   Thumb Code     2  heapauxi.o(.text)
    __rt_heap_escrow                         0x20002fe3   Thumb Code     2  heapauxi.o(.text)
    __rt_heap_expand                         0x20002fe5   Thumb Code     2  heapauxi.o(.text)
    _printf_int_common                       0x20002fe7   Thumb Code   184  _printf_intcommon.o(.text)
    _printf_char_file                        0x200030a1   Thumb Code    32  _printf_char_file.o(.text)
    _printf_char_common                      0x200030cf   Thumb Code    32  _printf_char_common.o(.text)
    ferror                                   0x200030f5   Thumb Code     8  ferror.o(.text)
    _initio                                  0x200030fd   Thumb Code   210  initio.o(.text)
    _terminateio                             0x200031cf   Thumb Code    56  initio.o(.text)
    _sys_open                                0x20003235   Thumb Code    20  sys_io.o(.text)
    _sys_close                               0x20003249   Thumb Code    12  sys_io.o(.text)
    _sys_write                               0x20003255   Thumb Code    16  sys_io.o(.text)
    _sys_read                                0x20003265   Thumb Code    14  sys_io.o(.text)
    _sys_istty                               0x20003273   Thumb Code    12  sys_io.o(.text)
    _sys_seek                                0x2000327f   Thumb Code    14  sys_io.o(.text)
    _sys_ensure                              0x2000328d   Thumb Code     2  sys_io.o(.text)
    _sys_flen                                0x2000328f   Thumb Code    12  sys_io.o(.text)
    __user_setup_stackheap                   0x2000329b   Thumb Code    74  sys_stackheap_outer.o(.text)
    free                                     0x200032e5   Thumb Code    78  h1_free.o(.text)
    setvbuf                                  0x20003333   Thumb Code    70  setvbuf.o(.text)
    freopen                                  0x20003379   Thumb Code   158  fopen.o(.text)
    fopen                                    0x20003417   Thumb Code    74  fopen.o(.text)
    _fclose_internal                         0x20003465   Thumb Code    76  fclose.o(.text)
    fclose                                   0x20003465   Thumb Code     0  fclose.o(.text)
    exit                                     0x200034b1   Thumb Code    12  exit.o(.text)
    __rt_SIGRTRED                            0x200034bd   Thumb Code    14  defsig_rtred_outer.o(.text)
    __aeabi_memclr4                          0x200034cb   Thumb Code     0  rt_memclr_w.o(.text)
    __aeabi_memclr8                          0x200034cb   Thumb Code     0  rt_memclr_w.o(.text)
    __rt_memclr_w                            0x200034cb   Thumb Code    78  rt_memclr_w.o(.text)
    _memset_w                                0x200034cf   Thumb Code     0  rt_memclr_w.o(.text)
    __user_libspace                          0x20003519   Thumb Code     8  libspace.o(.text)
    __user_perproc_libspace                  0x20003519   Thumb Code     0  libspace.o(.text)
    __user_perthread_libspace                0x20003519   Thumb Code     0  libspace.o(.text)
    __I$use$semihosting                      0x20003521   Thumb Code     0  use_no_semi.o(.text)
    __use_no_semihosting_swi                 0x20003521   Thumb Code     2  use_no_semi.o(.text)
    __semihosting_library_function           0x20003523   Thumb Code     0  indicate_semi.o(.text)
    __rt_heap_descriptor                     0x20003525   Thumb Code     8  rt_heap_descriptor_intlibspace.o(.text)
    __use_no_heap                            0x2000352d   Thumb Code     2  hguard.o(.text)
    __heap$guard                             0x2000352f   Thumb Code     2  hguard.o(.text)
    _terminate_user_alloc                    0x20003531   Thumb Code     2  init_alloc.o(.text)
    _init_user_alloc                         0x20003533   Thumb Code     2  init_alloc.o(.text)
    __Heap_Full                              0x20003535   Thumb Code    34  init_alloc.o(.text)
    __Heap_Broken                            0x20003557   Thumb Code     6  init_alloc.o(.text)
    _init_alloc                              0x2000355d   Thumb Code    94  init_alloc.o(.text)
    malloc                                   0x200035bb   Thumb Code    94  h1_alloc.o(.text)
    _fseek                                   0x20003619   Thumb Code   242  fseek.o(.text)
    fseek                                    0x20003619   Thumb Code     0  fseek.o(.text)
    _seterr                                  0x20003711   Thumb Code    20  stdio.o(.text)
    _writebuf                                0x20003725   Thumb Code    84  stdio.o(.text)
    _fflush                                  0x20003779   Thumb Code    70  stdio.o(.text)
    _deferredlazyseek                        0x200037bf   Thumb Code    60  stdio.o(.text)
    __sig_exit                               0x20003801   Thumb Code    10  defsig_exit.o(.text)
    __rt_SIGRTRED_inner                      0x2000380d   Thumb Code    14  defsig_rtred_inner.o(.text)
    strlen                                   0x20003841   Thumb Code    62  strlen.o(.text)
    _sys_exit                                0x20003881   Thumb Code     8  sys_exit.o(.text)
    __Heap_Initialize                        0x2000388d   Thumb Code    10  h1_init.o(.text)
    __Heap_DescSize                          0x20003897   Thumb Code     4  h1_init.o(.text)
    __Heap_ProvideMemory                     0x2000389b   Thumb Code    52  h1_extend.o(.text)
    _ftell_internal                          0x200038cf   Thumb Code    70  ftell.o(.text)
    ftell                                    0x200038cf   Thumb Code     0  ftell.o(.text)
    __default_signal_display                 0x20003915   Thumb Code    50  defsig_general.o(.text)
    __rt_SIGRTMEM                            0x20003947   Thumb Code    14  defsig_rtmem_outer.o(.text)
    _ttywrch                                 0x20003955   Thumb Code    14  sys_wrch.o(.text)
    __aeabi_errno_addr                       0x20003965   Thumb Code     8  rt_errno_addr_intlibspace.o(.text)
    __errno$intlibspace                      0x20003965   Thumb Code     0  rt_errno_addr_intlibspace.o(.text)
    __rt_errno_addr$intlibspace              0x20003965   Thumb Code     0  rt_errno_addr_intlibspace.o(.text)
    __rt_SIGRTMEM_inner                      0x2000396d   Thumb Code    22  defsig_rtmem_inner.o(.text)
    __aeabi_fadd                             0x200039bd   Thumb Code     0  faddsub_clz.o(x$fpl$fadd)
    _fadd                                    0x200039bd   Thumb Code   196  faddsub_clz.o(x$fpl$fadd)
    __fpl_fcmp_Inf                           0x20003a81   Thumb Code    24  fcmpi.o(x$fpl$fcmpinf)
    __aeabi_i2f                              0x20003a99   Thumb Code     0  fflt_clz.o(x$fpl$fflt)
    _fflt                                    0x20003a99   Thumb Code    48  fflt_clz.o(x$fpl$fflt)
    __aeabi_cfcmple                          0x20003ac9   Thumb Code     0  fleqf.o(x$fpl$fleqf)
    _fcmple                                  0x20003ac9   Thumb Code   104  fleqf.o(x$fpl$fleqf)
    __fpl_fcmple_InfNaN                      0x20003b1b   Thumb Code     0  fleqf.o(x$fpl$fleqf)
    __aeabi_fmul                             0x20003b31   Thumb Code     0  fmul.o(x$fpl$fmul)
    _fmul                                    0x20003b31   Thumb Code   258  fmul.o(x$fpl$fmul)
    __fpl_fnaninf                            0x20003c33   Thumb Code   140  fnaninf.o(x$fpl$fnaninf)
    __fpl_fretinf                            0x20003cbf   Thumb Code    10  fretinf.o(x$fpl$fretinf)
    __aeabi_cfrcmple                         0x20003cc9   Thumb Code     0  frleqf.o(x$fpl$frleqf)
    _frcmple                                 0x20003cc9   Thumb Code    98  frleqf.o(x$fpl$frleqf)
    __aeabi_fsub                             0x20003d2d   Thumb Code     0  faddsub_clz.o(x$fpl$fsub)
    _fsub                                    0x20003d2d   Thumb Code   234  faddsub_clz.o(x$fpl$fsub)
    __I$use$fp                               0x20003e16   Number         0  usenofp.o(x$fpl$usenofp)
    __stdin_name                             0x20003e16   Data           4  sys_io.o(.constdata)
    __stdout_name                            0x20003e1a   Data           4  sys_io.o(.constdata)
    __stderr_name                            0x20003e1e   Data           4  sys_io.o(.constdata)
    Region$$Table$$Base                      0x20003e24   Number         0  anon$$obj.o(Region$$Table)
    Region$$Table$$Limit                     0x20003e44   Number         0  anon$$obj.o(Region$$Table)
    nTime                                    0x20004000   Data           4  stm32f10x_it.o(.data)
    ACC_OFFSET                               0x20004004   Data           6  mpu6050.o(.data)
    GYRO_OFFSET                              0x2000400a   Data           6  mpu6050.o(.data)
    ACC_OFFSET_OK                            0x20004010   Data           1  mpu6050.o(.data)
    GYRO_OFFSET_OK                           0x20004011   Data           1  mpu6050.o(.data)
    halfT                                    0x20004014   Data           4  mpu6050.o(.data)
    MPU6050_ACC_LAST                         0x2000403a   Data           6  mpu6050.o(.data)
    MPU6050_GYRO_LAST                        0x20004040   Data           6  mpu6050.o(.data)
    ACC_X_BUF                                0x20004046   Data           6  mpu6050.o(.data)
    ACC_Y_BUF                                0x2000404c   Data           6  mpu6050.o(.data)
    ACC_Z_BUF                                0x20004052   Data           6  mpu6050.o(.data)
    __aeabi_stdin                            0x2000406c   Data           4  stdio_streams.o(.data)
    __aeabi_stdout                           0x20004070   Data           4  stdio_streams.o(.data)
    __aeabi_stderr                           0x20004074   Data           4  stdio_streams.o(.data)
    mpu6050_buffer                           0x20004078   Data          14  mpu6050.o(.bss)
    GyroFinal                                0x20004088   Data          12  mpu6050.o(.bss)
    AccFinal                                 0x20004094   Data          12  mpu6050.o(.bss)
    Q_ANGLE                                  0x200040a0   Data          16  mpu6050.o(.bss)
    G_ANGLE                                  0x200040b0   Data          16  mpu6050.o(.bss)
    __stdin                                  0x200040c0   Data          84  stdio_streams.o(.bss)
    __stdout                                 0x20004114   Data          84  stdio_streams.o(.bss)
    __stderr                                 0x20004168   Data          84  stdio_streams.o(.bss)
    __libspace_start                         0x200041bc   Data          96  libspace.o(.bss)
    __temporary_stack_top$libspace           0x2000421c   Data           0  libspace.o(.bss)



==============================================================================

Memory Map of the image

  Image Entry point : 0x200000ed

  Load Region LR_IROM1 (Base: 0x20000000, Size: 0x00003ebc, Max: 0x00004000, ABSOLUTE)

    Execution Region ER_IROM1 (Base: 0x20000000, Size: 0x00003e44, Max: 0x00004000, ABSOLUTE)

    Base Addr    Size         Type   Attr      Idx    E Section Name        Object

    0x20000000   0x000000ec   Data   RO            3    RESET               startup_stm32f10x_md.o
    0x200000ec   0x00000008   Code   RO          484  * !!!main             c_w.l(__main.o)
    0x200000f4   0x00000034   Code   RO          837    !!!scatter          c_w.l(__scatter.o)
    0x20000128   0x0000001a   Code   RO          839    !!handler_copy      c_w.l(__scatter_copy.o)
    0x20000142   0x00000002   PAD
    0x20000144   0x0000001c   Code   RO          841    !!handler_zi        c_w.l(__scatter_zi.o)
    0x20000160   0x00000000   Code   RO          481    .ARM.Collect$$_printf_percent$$00000000  c_w.l(_printf_percent.o)
    0x20000160   0x00000006   Code   RO          480    .ARM.Collect$$_printf_percent$$00000009  c_w.l(_printf_d.o)
    0x20000166   0x00000004   Code   RO          517    .ARM.Collect$$_printf_percent$$00000017  c_w.l(_printf_percent_end.o)
    0x2000016a   0x00000002   Code   RO          647    .ARM.Collect$$libinit$$00000000  c_w.l(libinit.o)
    0x2000016c   0x00000000   Code   RO          649    .ARM.Collect$$libinit$$00000002  c_w.l(libinit2.o)
    0x2000016c   0x00000008   Code   RO          650    .ARM.Collect$$libinit$$00000003  c_w.l(libinit2.o)
    0x20000174   0x00000000   Code   RO          652    .ARM.Collect$$libinit$$00000008  c_w.l(libinit2.o)
    0x20000174   0x00000000   Code   RO          654    .ARM.Collect$$libinit$$0000000A  c_w.l(libinit2.o)
    0x20000174   0x00000000   Code   RO          656    .ARM.Collect$$libinit$$0000000C  c_w.l(libinit2.o)
    0x20000174   0x00000000   Code   RO          659    .ARM.Collect$$libinit$$0000000F  c_w.l(libinit2.o)
    0x20000174   0x00000000   Code   RO          661    .ARM.Collect$$libinit$$00000011  c_w.l(libinit2.o)
    0x20000174   0x00000000   Code   RO          663    .ARM.Collect$$libinit$$00000013  c_w.l(libinit2.o)
    0x20000174   0x00000000   Code   RO          665    .ARM.Collect$$libinit$$00000015  c_w.l(libinit2.o)
    0x20000174   0x00000000   Code   RO          667    .ARM.Collect$$libinit$$00000017  c_w.l(libinit2.o)
    0x20000174   0x00000000   Code   RO          669    .ARM.Collect$$libinit$$00000019  c_w.l(libinit2.o)
    0x20000174   0x00000000   Code   RO          671    .ARM.Collect$$libinit$$0000001B  c_w.l(libinit2.o)
    0x20000174   0x00000000   Code   RO          673    .ARM.Collect$$libinit$$0000001D  c_w.l(libinit2.o)
    0x20000174   0x00000000   Code   RO          675    .ARM.Collect$$libinit$$0000001F  c_w.l(libinit2.o)
    0x20000174   0x00000000   Code   RO          677    .ARM.Collect$$libinit$$00000021  c_w.l(libinit2.o)
    0x20000174   0x00000004   Code   RO          678    .ARM.Collect$$libinit$$00000022  c_w.l(libinit2.o)
    0x20000178   0x00000000   Code   RO          679    .ARM.Collect$$libinit$$00000023  c_w.l(libinit2.o)
    0x20000178   0x00000000   Code   RO          683    .ARM.Collect$$libinit$$0000002A  c_w.l(libinit2.o)
    0x20000178   0x00000000   Code   RO          685    .ARM.Collect$$libinit$$0000002C  c_w.l(libinit2.o)
    0x20000178   0x00000000   Code   RO          687    .ARM.Collect$$libinit$$0000002E  c_w.l(libinit2.o)
    0x20000178   0x00000000   Code   RO          689    .ARM.Collect$$libinit$$00000030  c_w.l(libinit2.o)
    0x20000178   0x00000002   Code   RO          690    .ARM.Collect$$libinit$$00000031  c_w.l(libinit2.o)
    0x2000017a   0x00000002   Code   RO          816    .ARM.Collect$$libshutdown$$00000000  c_w.l(libshutdown.o)
    0x2000017c   0x00000004   Code   RO          692    .ARM.Collect$$libshutdown$$00000002  c_w.l(libshutdown2.o)
    0x20000180   0x00000000   Code   RO          693    .ARM.Collect$$libshutdown$$00000003  c_w.l(libshutdown2.o)
    0x20000180   0x00000000   Code   RO          696    .ARM.Collect$$libshutdown$$00000006  c_w.l(libshutdown2.o)
    0x20000180   0x00000000   Code   RO          699    .ARM.Collect$$libshutdown$$00000009  c_w.l(libshutdown2.o)
    0x20000180   0x00000000   Code   RO          701    .ARM.Collect$$libshutdown$$0000000B  c_w.l(libshutdown2.o)
    0x20000180   0x00000000   Code   RO          704    .ARM.Collect$$libshutdown$$0000000E  c_w.l(libshutdown2.o)
    0x20000180   0x00000002   Code   RO          705    .ARM.Collect$$libshutdown$$0000000F  c_w.l(libshutdown2.o)
    0x20000182   0x00000000   Code   RO          512    .ARM.Collect$$rtentry$$00000000  c_w.l(rtentry.o)
    0x20000182   0x00000000   Code   RO          532    .ARM.Collect$$rtentry$$00000002  c_w.l(rtentry2.o)
    0x20000182   0x00000006   Code   RO          544    .ARM.Collect$$rtentry$$00000004  c_w.l(rtentry4.o)
    0x20000188   0x00000000   Code   RO          534    .ARM.Collect$$rtentry$$00000009  c_w.l(rtentry2.o)
    0x20000188   0x00000004   Code   RO          535    .ARM.Collect$$rtentry$$0000000A  c_w.l(rtentry2.o)
    0x2000018c   0x00000000   Code   RO          537    .ARM.Collect$$rtentry$$0000000C  c_w.l(rtentry2.o)
    0x2000018c   0x00000008   Code   RO          538    .ARM.Collect$$rtentry$$0000000D  c_w.l(rtentry2.o)
    0x20000194   0x00000002   Code   RO          712    .ARM.Collect$$rtexit$$00000000  c_w.l(rtexit.o)
    0x20000196   0x00000000   Code   RO          762    .ARM.Collect$$rtexit$$00000002  c_w.l(rtexit2.o)
    0x20000196   0x00000004   Code   RO          763    .ARM.Collect$$rtexit$$00000003  c_w.l(rtexit2.o)
    0x2000019a   0x00000006   Code   RO          764    .ARM.Collect$$rtexit$$00000004  c_w.l(rtexit2.o)
    0x200001a0   0x00000000   Code   RO          768    .emb_text           c_w.l(maybetermalloc1.o)
    0x200001a0   0x00000040   Code   RO            4    .text               startup_stm32f10x_md.o
    0x200001e0   0x00000070   Code   RO           12    .text               main.o
    0x20000250   0x0000002c   Code   RO          110    .text               stm32f10x_it.o
    0x2000027c   0x00000024   Code   RO          136    .text               gpio.o
    0x200002a0   0x00000084   Code   RO          156    .text               rcc.o
    0x20000324   0x000000b0   Code   RO          176    .text               usart.o
    0x200003d4   0x00000300   Code   RO          196    .text               tim.o
    0x200006d4   0x000005f8   Code   RO          216    .text               mpu6050.o
    0x20000ccc   0x00000090   Code   RO          246    .text               sys.o
    0x20000d5c   0x00000348   Code   RO          271    .text               ioi2c.o
    0x200010a4   0x00000238   Code   RO          291    .text               oled.o
    0x200012dc   0x0000052c   Code   RO          314    .text               stm32f10x_flash.o
    0x20001808   0x0000032c   Code   RO          334    .text               stm32f10x_gpio.o
    0x20001b34   0x000003a0   Code   RO          354    .text               stm32f10x_rcc.o
    0x20001ed4   0x00000370   Code   RO          376    .text               stm32f10x_usart.o
    0x20002244   0x00000bc6   Code   RO          396    .text               stm32f10x_tim.o
    0x20002e0a   0x00000002   PAD
    0x20002e0c   0x000000dc   Code   RO          416    .text               misc.o
    0x20002ee8   0x00000018   Code   RO          454    .text               c_w.l(noretval__2printf.o)
    0x20002f00   0x00000068   Code   RO          456    .text               c_w.l(__printf.o)
    0x20002f68   0x00000078   Code   RO          458    .text               c_w.l(_printf_dec.o)
    0x20002fe0   0x00000006   Code   RO          482    .text               c_w.l(heapauxi.o)
    0x20002fe6   0x000000b8   Code   RO          513    .text               c_w.l(_printf_intcommon.o)
    0x2000309e   0x00000002   PAD
    0x200030a0   0x00000024   Code   RO          515    .text               c_w.l(_printf_char_file.o)
    0x200030c4   0x00000030   Code   RO          546    .text               c_w.l(_printf_char_common.o)
    0x200030f4   0x00000008   Code   RO          548    .text               c_w.l(ferror.o)
    0x200030fc   0x00000138   Code   RO          550    .text               c_w.l(initio.o)
    0x20003234   0x00000066   Code   RO          556    .text               c_w.l(sys_io.o)
    0x2000329a   0x0000004a   Code   RO          563    .text               c_w.l(sys_stackheap_outer.o)
    0x200032e4   0x0000004e   Code   RO          567    .text               c_w.l(h1_free.o)
    0x20003332   0x00000046   Code   RO          623    .text               c_w.l(setvbuf.o)
    0x20003378   0x000000ec   Code   RO          626    .text               c_w.l(fopen.o)
    0x20003464   0x0000004c   Code   RO          628    .text               c_w.l(fclose.o)
    0x200034b0   0x0000000c   Code   RO          634    .text               c_w.l(exit.o)
    0x200034bc   0x0000000e   Code   RO          636    .text               c_w.l(defsig_rtred_outer.o)
    0x200034ca   0x0000004e   Code   RO          640    .text               c_w.l(rt_memclr_w.o)
    0x20003518   0x00000008   Code   RO          706    .text               c_w.l(libspace.o)
    0x20003520   0x00000002   Code   RO          709    .text               c_w.l(use_no_semi.o)
    0x20003522   0x00000000   Code   RO          711    .text               c_w.l(indicate_semi.o)
    0x20003522   0x00000002   PAD
    0x20003524   0x00000008   Code   RO          719    .text               c_w.l(rt_heap_descriptor_intlibspace.o)
    0x2000352c   0x00000004   Code   RO          721    .text               c_w.l(hguard.o)
    0x20003530   0x0000008a   Code   RO          723    .text               c_w.l(init_alloc.o)
    0x200035ba   0x0000005e   Code   RO          729    .text               c_w.l(h1_alloc.o)
    0x20003618   0x000000f8   Code   RO          743    .text               c_w.l(fseek.o)
    0x20003710   0x000000f0   Code   RO          745    .text               c_w.l(stdio.o)
    0x20003800   0x0000000a   Code   RO          747    .text               c_w.l(defsig_exit.o)
    0x2000380a   0x00000002   PAD
    0x2000380c   0x00000034   Code   RO          749    .text               c_w.l(defsig_rtred_inner.o)
    0x20003840   0x0000003e   Code   RO          751    .text               c_w.l(strlen.o)
    0x2000387e   0x00000002   PAD
    0x20003880   0x0000000c   Code   RO          759    .text               c_w.l(sys_exit.o)
    0x2000388c   0x0000000e   Code   RO          770    .text               c_w.l(h1_init.o)
    0x2000389a   0x00000034   Code   RO          772    .text               c_w.l(h1_extend.o)
    0x200038ce   0x00000046   Code   RO          778    .text               c_w.l(ftell.o)
    0x20003914   0x00000032   Code   RO          782    .text               c_w.l(defsig_general.o)
    0x20003946   0x0000000e   Code   RO          784    .text               c_w.l(defsig_rtmem_outer.o)
    0x20003954   0x0000000e   Code   RO          797    .text               c_w.l(sys_wrch.o)
    0x20003962   0x00000002   PAD
    0x20003964   0x00000008   Code   RO          804    .text               c_w.l(rt_errno_addr_intlibspace.o)
    0x2000396c   0x00000050   Code   RO          810    .text               c_w.l(defsig_rtmem_inner.o)
    0x200039bc   0x000000c4   Code   RO          486    x$fpl$fadd          fz_ws.l(faddsub_clz.o)
    0x20003a80   0x00000018   Code   RO          524    x$fpl$fcmpinf       fz_ws.l(fcmpi.o)
    0x20003a98   0x00000030   Code   RO          501    x$fpl$fflt          fz_ws.l(fflt_clz.o)
    0x20003ac8   0x00000068   Code   RO          506    x$fpl$fleqf         fz_ws.l(fleqf.o)
    0x20003b30   0x00000102   Code   RO          508    x$fpl$fmul          fz_ws.l(fmul.o)
    0x20003c32   0x0000008c   Code   RO          526    x$fpl$fnaninf       fz_ws.l(fnaninf.o)
    0x20003cbe   0x0000000a   Code   RO          528    x$fpl$fretinf       fz_ws.l(fretinf.o)
    0x20003cc8   0x00000062   Code   RO          510    x$fpl$frleqf        fz_ws.l(frleqf.o)
    0x20003d2a   0x00000002   PAD
    0x20003d2c   0x000000ea   Code   RO          488    x$fpl$fsub          fz_ws.l(faddsub_clz.o)
    0x20003e16   0x00000000   Code   RO          530    x$fpl$usenofp       fz_ws.l(usenofp.o)
    0x20003e16   0x00000004   Data   RO          557    .constdata          c_w.l(sys_io.o)
    0x20003e1a   0x00000004   Data   RO          558    .constdata          c_w.l(sys_io.o)
    0x20003e1e   0x00000004   Data   RO          559    .constdata          c_w.l(sys_io.o)
    0x20003e22   0x00000002   PAD
    0x20003e24   0x00000020   Data   RO          835    Region$$Table       anon$$obj.o


    Execution Region RW_IRAM1 (Base: 0x20004000, Size: 0x00000820, Max: 0x00001000, ABSOLUTE)

    Base Addr    Size         Type   Attr      Idx    E Section Name        Object

    0x20004000   0x00000004   Data   RW          111    .data               stm32f10x_it.o
    0x20004004   0x00000054   Data   RW          218    .data               mpu6050.o
    0x20004058   0x00000014   Data   RW          355    .data               stm32f10x_rcc.o
    0x2000406c   0x00000004   Data   RW          521    .data               c_w.l(stdio_streams.o)
    0x20004070   0x00000004   Data   RW          522    .data               c_w.l(stdio_streams.o)
    0x20004074   0x00000004   Data   RW          523    .data               c_w.l(stdio_streams.o)
    0x20004078   0x00000048   Zero   RW          217    .bss                mpu6050.o
    0x200040c0   0x00000054   Zero   RW          518    .bss                c_w.l(stdio_streams.o)
    0x20004114   0x00000054   Zero   RW          519    .bss                c_w.l(stdio_streams.o)
    0x20004168   0x00000054   Zero   RW          520    .bss                c_w.l(stdio_streams.o)
    0x200041bc   0x00000060   Zero   RW          707    .bss                c_w.l(libspace.o)
    0x2000421c   0x00000004   PAD
    0x20004220   0x00000200   Zero   RW            2    HEAP                startup_stm32f10x_md.o
    0x20004420   0x00000400   Zero   RW            1    STACK               startup_stm32f10x_md.o


==============================================================================

Image component sizes


      Code (inc. data)   RO Data    RW Data    ZI Data      Debug   Object Name

        36          4          0          0          0        434   gpio.o
       840         22          0          0          0       3662   ioi2c.o
       112         16          0          0          0     260278   main.o
       220         20          0          0          0       1657   misc.o
      1528        138          0         84         72      15280   mpu6050.o
       568         10          0          0          0       1700   oled.o
       132          0          0          0          0        493   rcc.o
        64         26        236          0       1536        756   startup_stm32f10x_md.o
      1324         34          0          0          0       6998   stm32f10x_flash.o
       812         18          0          0          0       5023   stm32f10x_gpio.o
        44          4          0          4          0       1508   stm32f10x_it.o
       928         44          0         20          0       8576   stm32f10x_rcc.o
      3014         16          0          0          0      23728   stm32f10x_tim.o
       880         12          0          0          0       7635   stm32f10x_usart.o
       144         12          0          0          0      22902   sys.o
       768         18          0          0          0       1525   tim.o
       176         10          0          0          0        777   usart.o

    ----------------------------------------------------------------------
     11592        404        268        108       1608     362932   Object Totals
         0          0         32          0          0          0   (incl. Generated)
         2          0          0          0          0          0   (incl. Padding)

    ----------------------------------------------------------------------

      Code (inc. data)   RO Data    RW Data    ZI Data      Debug   Library Member Name

         8          0          0          0          0         68   __main.o
       104          0          0          0          0         84   __printf.o
        52          8          0          0          0          0   __scatter.o
        26          0          0          0          0          0   __scatter_copy.o
        28          0          0          0          0          0   __scatter_zi.o
        48          6          0          0          0         96   _printf_char_common.o
        36          4          0          0          0         80   _printf_char_file.o
         6          0          0          0          0          0   _printf_d.o
       120         18          0          0          0         92   _printf_dec.o
       184          0          0          0          0         88   _printf_intcommon.o
         0          0          0          0          0          0   _printf_percent.o
         4          0          0          0          0          0   _printf_percent_end.o
        10          0          0          0          0         68   defsig_exit.o
        50          0          0          0          0         88   defsig_general.o
        80         58          0          0          0         76   defsig_rtmem_inner.o
        14          0          0          0          0         80   defsig_rtmem_outer.o
        52         38          0          0          0         76   defsig_rtred_inner.o
        14          0          0          0          0         80   defsig_rtred_outer.o
        12          0          0          0          0         72   exit.o
        76          0          0          0          0         88   fclose.o
         8          0          0          0          0         68   ferror.o
       236          4          0          0          0        128   fopen.o
       248          6          0          0          0         84   fseek.o
        70          0          0          0          0         76   ftell.o
        94          0          0          0          0         80   h1_alloc.o
        52          0          0          0          0         68   h1_extend.o
        78          0          0          0          0         80   h1_free.o
        14          0          0          0          0         84   h1_init.o
         6          0          0          0          0        152   heapauxi.o
         4          0          0          0          0        136   hguard.o
         0          0          0          0          0          0   indicate_semi.o
       138          0          0          0          0        168   init_alloc.o
       312         46          0          0          0        112   initio.o
         2          0          0          0          0          0   libinit.o
        14          0          0          0          0          0   libinit2.o
         2          0          0          0          0          0   libshutdown.o
         6          0          0          0          0          0   libshutdown2.o
         8          4          0          0         96         68   libspace.o
         0          0          0          0          0          0   maybetermalloc1.o
        24          4          0          0          0         84   noretval__2printf.o
         8          4          0          0          0         68   rt_errno_addr_intlibspace.o
         8          4          0          0          0         68   rt_heap_descriptor_intlibspace.o
        78          0          0          0          0         80   rt_memclr_w.o
         0          0          0          0          0          0   rtentry.o
        12          0          0          0          0          0   rtentry2.o
         6          0          0          0          0          0   rtentry4.o
         2          0          0          0          0          0   rtexit.o
        10          0          0          0          0          0   rtexit2.o
        70          0          0          0          0         80   setvbuf.o
       240          6          0          0          0        156   stdio.o
         0          0          0         12        252          0   stdio_streams.o
        62          0          0          0          0         76   strlen.o
        12          4          0          0          0         68   sys_exit.o
       102          0         12          0          0        240   sys_io.o
        74          0          0          0          0         80   sys_stackheap_outer.o
        14          0          0          0          0         76   sys_wrch.o
         2          0          0          0          0         68   use_no_semi.o
       430          8          0          0          0        168   faddsub_clz.o
        24          0          0          0          0         68   fcmpi.o
        48          0          0          0          0         68   fflt_clz.o
       104          4          0          0          0         84   fleqf.o
       258          4          0          0          0         84   fmul.o
       140          4          0          0          0         84   fnaninf.o
        10          0          0          0          0         68   fretinf.o
        98          0          0          0          0         68   frleqf.o
         0          0          0          0          0          0   usenofp.o

    ----------------------------------------------------------------------
      4066        234         14         12        352       4276   Library Totals
        14          0          2          0          4          0   (incl. Padding)

    ----------------------------------------------------------------------

      Code (inc. data)   RO Data    RW Data    ZI Data      Debug   Library Name

      2940        214         12         12        348       3584   c_w.l
      1112         20          0          0          0        692   fz_ws.l

    ----------------------------------------------------------------------
      4066        234         14         12        352       4276   Library Totals

    ----------------------------------------------------------------------

==============================================================================


      Code (inc. data)   RO Data    RW Data    ZI Data      Debug   

     15658        638        282        120       1960     363100   Grand Totals
     15658        638        282        120       1960     363100   ELF Image Totals
     15658        638        282        120          0          0   ROM Totals

==============================================================================

    Total RO  Size (Code + RO Data)                15940 (  15.57kB)
    Total RW  Size (RW Data + ZI Data)              2080 (   2.03kB)
    Total ROM Size (Code + RO Data + RW Data)      16060 (  15.68kB)

==============================================================================

